Archive member included because of file (symbol)

c:/altera/13.0sp1/nios2eds/bin/gnu/h-i686-mingw32/bin/../lib/gcc/nios2-elf/4.1.2/../../../../nios2-elf/lib\libm.a(lib_a-w_sqrt.o)
                              obj/default//C/Users/pavmeh/Desktop/fpga-music-visualizer-master/software/src/main.o (sqrt)
c:/altera/13.0sp1/nios2eds/bin/gnu/h-i686-mingw32/bin/../lib/gcc/nios2-elf/4.1.2/../../../../nios2-elf/lib\libm.a(lib_a-e_sqrt.o)
                              c:/altera/13.0sp1/nios2eds/bin/gnu/h-i686-mingw32/bin/../lib/gcc/nios2-elf/4.1.2/../../../../nios2-elf/lib\libm.a(lib_a-w_sqrt.o) (__ieee754_sqrt)
c:/altera/13.0sp1/nios2eds/bin/gnu/h-i686-mingw32/bin/../lib/gcc/nios2-elf/4.1.2/../../../../nios2-elf/lib\libm.a(lib_a-s_isnand.o)
                              c:/altera/13.0sp1/nios2eds/bin/gnu/h-i686-mingw32/bin/../lib/gcc/nios2-elf/4.1.2/../../../../nios2-elf/lib\libm.a(lib_a-w_sqrt.o) (__isnand)
c:/altera/13.0sp1/nios2eds/bin/gnu/h-i686-mingw32/bin/../lib/gcc/nios2-elf/4.1.2/../../../../nios2-elf/lib\libm.a(lib_a-s_lib_ver.o)
                              c:/altera/13.0sp1/nios2eds/bin/gnu/h-i686-mingw32/bin/../lib/gcc/nios2-elf/4.1.2/../../../../nios2-elf/lib\libm.a(lib_a-w_sqrt.o) (__fdlib_version)
c:/altera/13.0sp1/nios2eds/bin/gnu/h-i686-mingw32/bin/../lib/gcc/nios2-elf/4.1.2/../../../../nios2-elf/lib\libm.a(lib_a-s_matherr.o)
                              c:/altera/13.0sp1/nios2eds/bin/gnu/h-i686-mingw32/bin/../lib/gcc/nios2-elf/4.1.2/../../../../nios2-elf/lib\libm.a(lib_a-w_sqrt.o) (matherr)
c:/altera/13.0sp1/nios2eds/bin/gnu/h-i686-mingw32/bin/../lib/gcc/nios2-elf/4.1.2\libgcc.a(_addsub_df.o)
                              obj/default//C/Users/pavmeh/Desktop/fpga-music-visualizer-master/software/src/main.o (__subdf3)
c:/altera/13.0sp1/nios2eds/bin/gnu/h-i686-mingw32/bin/../lib/gcc/nios2-elf/4.1.2\libgcc.a(_mul_df.o)
                              obj/default//C/Users/pavmeh/Desktop/fpga-music-visualizer-master/software/src/main.o (__muldf3)
c:/altera/13.0sp1/nios2eds/bin/gnu/h-i686-mingw32/bin/../lib/gcc/nios2-elf/4.1.2\libgcc.a(_div_df.o)
                              obj/default//C/Users/pavmeh/Desktop/fpga-music-visualizer-master/software/src/main.o (__divdf3)
c:/altera/13.0sp1/nios2eds/bin/gnu/h-i686-mingw32/bin/../lib/gcc/nios2-elf/4.1.2\libgcc.a(_gt_df.o)
                              obj/default//C/Users/pavmeh/Desktop/fpga-music-visualizer-master/software/src/main.o (__gtdf2)
c:/altera/13.0sp1/nios2eds/bin/gnu/h-i686-mingw32/bin/../lib/gcc/nios2-elf/4.1.2\libgcc.a(_ge_df.o)
                              obj/default//C/Users/pavmeh/Desktop/fpga-music-visualizer-master/software/src/main.o (__gedf2)
c:/altera/13.0sp1/nios2eds/bin/gnu/h-i686-mingw32/bin/../lib/gcc/nios2-elf/4.1.2\libgcc.a(_lt_df.o)
                              obj/default//C/Users/pavmeh/Desktop/fpga-music-visualizer-master/software/src/main.o (__ltdf2)
c:/altera/13.0sp1/nios2eds/bin/gnu/h-i686-mingw32/bin/../lib/gcc/nios2-elf/4.1.2\libgcc.a(_si_to_df.o)
                              obj/default//C/Users/pavmeh/Desktop/fpga-music-visualizer-master/software/src/main.o (__floatsidf)
c:/altera/13.0sp1/nios2eds/bin/gnu/h-i686-mingw32/bin/../lib/gcc/nios2-elf/4.1.2\libgcc.a(_df_to_si.o)
                              obj/default//C/Users/pavmeh/Desktop/fpga-music-visualizer-master/software/src/main.o (__fixdfsi)
c:/altera/13.0sp1/nios2eds/bin/gnu/h-i686-mingw32/bin/../lib/gcc/nios2-elf/4.1.2\libgcc.a(_thenan_df.o)
                              c:/altera/13.0sp1/nios2eds/bin/gnu/h-i686-mingw32/bin/../lib/gcc/nios2-elf/4.1.2\libgcc.a(_addsub_df.o) (__thenan_df)
c:/altera/13.0sp1/nios2eds/bin/gnu/h-i686-mingw32/bin/../lib/gcc/nios2-elf/4.1.2\libgcc.a(_muldi3.o)
                              c:/altera/13.0sp1/nios2eds/bin/gnu/h-i686-mingw32/bin/../lib/gcc/nios2-elf/4.1.2\libgcc.a(_mul_df.o) (__muldi3)
c:/altera/13.0sp1/nios2eds/bin/gnu/h-i686-mingw32/bin/../lib/gcc/nios2-elf/4.1.2\libgcc.a(_clzsi2.o)
                              c:/altera/13.0sp1/nios2eds/bin/gnu/h-i686-mingw32/bin/../lib/gcc/nios2-elf/4.1.2\libgcc.a(_si_to_df.o) (__clzsi2)
c:/altera/13.0sp1/nios2eds/bin/gnu/h-i686-mingw32/bin/../lib/gcc/nios2-elf/4.1.2\libgcc.a(_pack_df.o)
                              c:/altera/13.0sp1/nios2eds/bin/gnu/h-i686-mingw32/bin/../lib/gcc/nios2-elf/4.1.2\libgcc.a(_addsub_df.o) (__pack_d)
c:/altera/13.0sp1/nios2eds/bin/gnu/h-i686-mingw32/bin/../lib/gcc/nios2-elf/4.1.2\libgcc.a(_unpack_df.o)
                              c:/altera/13.0sp1/nios2eds/bin/gnu/h-i686-mingw32/bin/../lib/gcc/nios2-elf/4.1.2\libgcc.a(_addsub_df.o) (__unpack_d)
c:/altera/13.0sp1/nios2eds/bin/gnu/h-i686-mingw32/bin/../lib/gcc/nios2-elf/4.1.2\libgcc.a(_fpcmp_parts_df.o)
                              c:/altera/13.0sp1/nios2eds/bin/gnu/h-i686-mingw32/bin/../lib/gcc/nios2-elf/4.1.2\libgcc.a(_gt_df.o) (__fpcmp_parts_d)
c:/altera/13.0sp1/nios2eds/bin/gnu/h-i686-mingw32/bin/../lib/gcc/nios2-elf/4.1.2\libgcc.a(_clz.o)
[...]
Memory Configuration

Name             Origin             Length             Attributes
reset            0x00000000         0x00000020
SDRAM            0x00000020         0x07ffffe0
descriptor_memory 0x08200000         0x00001000
packet_memory    0x08201000         0x00001000
Flash_flash_data 0x0c000000         0x00800000
*default*        0x00000000         0xffffffff

Linker script and memory map

LOAD BSP//obj/HAL/src/crt0.o
LOAD obj/default//C/Users/pavmeh/Desktop/fpga-music-visualizer-master/software/src/audio_isr.o
LOAD obj/default//C/Users/pavmeh/Desktop/fpga-music-visualizer-master/software/src/belfft/kiss_fft.o
LOAD obj/default//C/Users/pavmeh/Desktop/fpga-music-visualizer-master/software/src/ee109-lib/audio.o
LOAD obj/default//C/Users/pavmeh/Desktop/fpga-music-visualizer-master/software/src/ee109-lib/char_lcd.o
LOAD obj/default//C/Users/pavmeh/Desktop/fpga-music-visualizer-master/software/src/ee109-lib/ethernet.o
LOAD obj/default//C/Users/pavmeh/Desktop/fpga-music-visualizer-master/software/src/ee109-lib/green_leds.o
LOAD obj/default//C/Users/pavmeh/Desktop/fpga-music-visualizer-master/software/src/ee109-lib/hex.o
LOAD obj/default//C/Users/pavmeh/Desktop/fpga-music-visualizer-master/software/src/ee109-lib/lcd.o
LOAD obj/default//C/Users/pavmeh/Desktop/fpga-music-visualizer-master/software/src/ee109-lib/pushbuttons.o
LOAD obj/default//C/Users/pavmeh/Desktop/fpga-music-visualizer-master/software/src/ee109-lib/red_leds.o
LOAD obj/default//C/Users/pavmeh/Desktop/fpga-music-visualizer-master/software/src/ee109-lib/switches.o
LOAD obj/default//C/Users/pavmeh/Desktop/fpga-music-visualizer-master/software/src/ee109-lib/vga.o
LOAD obj/default//C/Users/pavmeh/Desktop/fpga-music-visualizer-master/software/src/ethernet_isr.o
LOAD obj/default//C/Users/pavmeh/Desktop/fpga-music-visualizer-master/software/src/main.o
LOAD obj/default//C/Users/pavmeh/Desktop/fpga-music-visualizer-master/software/src/pushbuttons_isr.o
LOAD obj/default//C/Users/pavmeh/Desktop/fpga-music-visualizer-master/software/src/switches_isr.o
LOAD obj/default//C/Users/pavmeh/Desktop/fpga-music-visualizer-master/software/src/system_globals.o
LOAD obj/default//C/Users/pavmeh/Desktop/fpga-music-visualizer-master/software/src/tlda/tlda.o
LOAD c:/altera/13.0sp1/nios2eds/bin/gnu/h-i686-mingw32/bin/../lib/gcc/nios2-elf/4.1.2/../../../../nios2-elf/lib\libstdc++.a
LOAD c:/altera/13.0sp1/nios2eds/bin/gnu/h-i686-mingw32/bin/../lib/gcc/nios2-elf/4.1.2/../../../../nios2-elf/lib\libm.a
LOAD c:/altera/13.0sp1/nios2eds/bin/gnu/h-i686-mingw32/bin/../lib/gcc/nios2-elf/4.1.2\libgcc.a
START GROUP
LOAD c:/altera/13.0sp1/nios2eds/bin/gnu/h-i686-mingw32/bin/../lib/gcc/nios2-elf/4.1.2/../../../../nios2-elf/lib\libc.a
LOAD c:/altera/13.0sp1/nios2eds/bin/gnu/h-i686-mingw32/bin/../lib/gcc/nios2-elf/4.1.2\libgcc.a
LOAD BSP/\libhal_bsp.a
END GROUP
LOAD c:/altera/13.0sp1/nios2eds/bin/gnu/h-i686-mingw32/bin/../lib/gcc/nios2-elf/4.1.2\libgcc.a
                0x00000000                __alt_mem_SDRAM = 0x0
                0x08200000                __alt_mem_descriptor_memory = 0x8200000
                0x08201000                __alt_mem_packet_memory = 0x8201000
                0x0c000000                __alt_mem_Flash_flash_data = 0xc000000

.entry          0x00000000       0x20
 *(.entry)
 .entry         0x00000000       0x20 BSP//obj/HAL/src/crt0.o
                0x00000000                __reset

.exceptions     0x00000020      0x148
                0x00000020                PROVIDE (__ram_exceptions_start, ABSOLUTE (.))
                0x00000020                . = ALIGN (0x20)
 *(.irq)
 *(.exceptions.entry.label)
 .exceptions.entry.label
                0x00000020        0x0 BSP/\libhal_bsp.a(alt_irq_entry.o)
                0x00000020                alt_irq_entry
 .exceptions.entry.label
                0x00000020        0x0 BSP/\libhal_bsp.a(alt_exception_entry.o)
                0x00000020                alt_exception
 *(.exceptions.entry.user)
 *(.exceptions.entry)
 .exceptions.entry
                0x00000020       0x54 BSP/\libhal_bsp.a(alt_exception_entry.o)
 *(.exceptions.irqtest.user)
 *(.exceptions.irqtest)
 .exceptions.irqtest
                0x00000074       0x10 BSP/\libhal_bsp.a(alt_irq_entry.o)
 *(.exceptions.irqhandler.user)
 *(.exceptions.irqhandler)
 .exceptions.irqhandler
                0x00000084        0x4 BSP/\libhal_bsp.a(alt_irq_entry.o)
 *(.exceptions.irqreturn.user)
 *(.exceptions.irqreturn)
 .exceptions.irqreturn
                0x00000088        0x4 BSP/\libhal_bsp.a(alt_irq_entry.o)
 *(.exceptions.notirq.label)
 .exceptions.notirq.label
                0x0000008c        0x0 BSP/\libhal_bsp.a(alt_irq_entry.o)
 *(.exceptions.notirq.user)
 *(.exceptions.notirq)
 .exceptions.notirq
                0x0000008c        0x8 BSP/\libhal_bsp.a(alt_exception_entry.o)
 *(.exceptions.soft.user)
 *(.exceptions.soft)
 *(.exceptions.unknown.user)
 *(.exceptions.unknown)
 .exceptions.unknown
                0x00000094        0x4 BSP/\libhal_bsp.a(alt_exception_entry.o)
 *(.exceptions.exit.label)
 .exceptions.exit.label
                0x00000098        0x0 BSP/\libhal_bsp.a(alt_irq_entry.o)
 .exceptions.exit.label
                0x00000098        0x0 BSP/\libhal_bsp.a(alt_exception_entry.o)
 *(.exceptions.exit.user)
 *(.exceptions.exit)
 .exceptions.exit
                0x00000098       0x54 BSP/\libhal_bsp.a(alt_exception_entry.o)
 *(.exceptions)
 .exceptions    0x000000ec       0x7c BSP/\libhal_bsp.a(alt_irq_handler.o)
                0x000000ec                alt_irq_handler
                0x00000168                PROVIDE (__ram_exceptions_end, ABSOLUTE (.))
                0x00000020                PROVIDE (__flash_exceptions_start, LOADADDR (.exceptions))

.text           0x00000168     0xe68c
                0x00000168                PROVIDE (stext, ABSOLUTE (.))
 *(.interp)
 *(.hash)
 *(.dynsym)
 *(.dynstr)
 *(.gnu.version)
 *(.gnu.version_d)
 *(.gnu.version_r)
 *(.rel.init)
 *(.rela.init)
 *(.rel.text .rel.text.* .rel.gnu.linkonce.t.*)
 *(.rela.text .rela.text.* .rela.gnu.linkonce.t.*)
 *(.rel.fini)
 *(.rela.fini)
 *(.rel.rodata .rel.rodata.* .rel.gnu.linkonce.r.*)
 *(.rela.rodata .rela.rodata.* .rela.gnu.linkonce.r.*)
 *(.rel.data .rel.data.* .rel.gnu.linkonce.d.*)
 *(.rela.data .rela.data.* .rela.gnu.linkonce.d.*)
 *(.rel.tdata .rel.tdata.* .rel.gnu.linkonce.td.*)
 *(.rela.tdata .rela.tdata.* .rela.gnu.linkonce.td.*)
 *(.rel.tbss .rel.tbss.* .rel.gnu.linkonce.tb.*)
 *(.rela.tbss .rela.tbss.* .rela.gnu.linkonce.tb.*)
 *(.rel.ctors)
 *(.rela.ctors)
 *(.rel.dtors)
 *(.rela.dtors)
 *(.rel.got)
 *(.rela.got)
 *(.rel.sdata .rel.sdata.* .rel.gnu.linkonce.s.*)
 *(.rela.sdata .rela.sdata.* .rela.gnu.linkonce.s.*)
 *(.rel.sbss .rel.sbss.* .rel.gnu.linkonce.sb.*)
 *(.rela.sbss .rela.sbss.* .rela.gnu.linkonce.sb.*)
 *(.rel.sdata2 .rel.sdata2.* .rel.gnu.linkonce.s2.*)
 *(.rela.sdata2 .rela.sdata2.* .rela.gnu.linkonce.s2.*)
 *(.rel.sbss2 .rel.sbss2.* .rel.gnu.linkonce.sb2.*)
 *(.rela.sbss2 .rela.sbss2.* .rela.gnu.linkonce.sb2.*)
 *(.rel.bss .rel.bss.* .rel.gnu.linkonce.b.*)
 *(.rela.bss .rela.bss.* .rela.gnu.linkonce.b.*)
 *(.rel.plt)
 *(.rela.plt)
 *(.rel.dyn)
 *(.init)
 *(.plt)
 *(.text .stub .text.* .gnu.linkonce.t.*)
 .text          0x00000168       0x3c BSP//obj/HAL/src/crt0.o
                0x00000168                _start
 .text          0x000001a4      0x164 obj/default//C/Users/pavmeh/Desktop/fpga-music-visualizer-master/software/src/audio_isr.o
                0x000001a4                clamp
                0x000001b4                audio_isr
 .text          0x00000308      0x214 obj/default//C/Users/pavmeh/Desktop/fpga-music-visualizer-master/software/src/belfft/kiss_fft.o
                0x00000308                kiss_fft_cleanup
                0x0000030c                kiss_fft_stride
                0x00000418                kiss_fft
                0x00000434                kiss_fft_alloc_twiddles
                0x00000504                kiss_fft_alloc
 .text          0x0000051c      0x160 obj/default//C/Users/pavmeh/Desktop/fpga-music-visualizer-master/software/src/ee109-lib/audio.o
                0x0000051c                audio_clear_read_fifo
                0x00000540                audio_clear_write_fifo
                0x00000564                audio_read
                0x000005d4                audio_write
                0x00000644                audio_init
 .text          0x0000067c       0x84 obj/default//C/Users/pavmeh/Desktop/fpga-music-visualizer-master/software/src/ee109-lib/char_lcd.o
                0x0000067c                char_lcd_move_cursor
                0x000006a8                char_lcd_write
                0x000006d0                char_lcd_cursor_off
                0x000006e0                char_lcd_shift_left
                0x000006f0                char_lcd_shift_right
 .text          0x00000700      0x314 obj/default//C/Users/pavmeh/Desktop/fpga-music-visualizer-master/software/src/ee109-lib/ethernet.o
                0x00000700                ethernet_get_tx_frame
                0x00000708                ethernet_get_rx_frame
                0x00000710                htons
                0x00000728                ntohs
                0x00000748                htonl
                0x00000770                ntohl
                0x00000788                ethernet_tx
                0x00000808                ethernet_init
 .text          0x00000a14       0x44 obj/default//C/Users/pavmeh/Desktop/fpga-music-visualizer-master/software/src/ee109-lib/green_leds.o
                0x00000a14                green_leds_set
                0x00000a20                green_leds_update
                0x00000a34                green_leds_clear
                0x00000a4c                green_leds_clear_all
 .text          0x00000a58      0x24c obj/default//C/Users/pavmeh/Desktop/fpga-music-visualizer-master/software/src/ee109-lib/hex.o
                0x00000a58                hex_clear
                0x00000a6c                hex_clear_3to0
                0x00000a78                hex_clear_7to4
                0x00000b90                hex_write_7to4
                0x00000bd4                hex_write_3to0
                0x00000c18                hex_write
 .text          0x00000ca4      0x1c4 obj/default//C/Users/pavmeh/Desktop/fpga-music-visualizer-master/software/src/ee109-lib/lcd.o
                0x00000ca4                lcd_enable_dma
                0x00000cd8                lcd_set_front_buffer
                0x00000cf0                lcd_set_back_buffer
                0x00000cfc                lcd_swap_buffers
                0x00000d1c                lcd_write
                0x00000d54                lcd_draw_rectangle
                0x00000db4                lcd_draw_rectangle_back
                0x00000e14                lcd_char_buffer_clear
                0x00000e5c                lcd_get_backbuffer_addr
 .text          0x00000e68       0x78 obj/default//C/Users/pavmeh/Desktop/fpga-music-visualizer-master/software/src/ee109-lib/pushbuttons.o
                0x00000e68                pushbuttons_get_data
                0x00000e74                pushbuttons_set_interrupt_mask
                0x00000e80                pushbuttons_get_interrupt_mask
                0x00000e8c                pushbuttons_get_edge_capture
                0x00000e98                pushbuttons_clear_edge_capture
                0x00000ea8                pushbuttons_enable_interrupts
 .text          0x00000ee0       0x44 obj/default//C/Users/pavmeh/Desktop/fpga-music-visualizer-master/software/src/ee109-lib/red_leds.o
                0x00000ee0                red_leds_set
                0x00000eec                red_leds_update
                0x00000f00                red_leds_clear
                0x00000f18                red_leds_clear_all
 .text          0x00000f24       0x7c obj/default//C/Users/pavmeh/Desktop/fpga-music-visualizer-master/software/src/ee109-lib/switches.o
                0x00000f24                switches_get_positions
                0x00000f30                switches_set_interrupt_mask
                0x00000f3c                switches_get_interrupt_mask
                0x00000f48                switches_get_edge_capture
                0x00000f54                switches_clear_edge_capture
                0x00000f64                switches_enable_interrupts
 .text          0x00000fa0      0x158 obj/default//C/Users/pavmeh/Desktop/fpga-music-visualizer-master/software/src/ee109-lib/vga.o
                0x00000fa0                vga_enable_dma
                0x00000fd4                vga_set_front_buffer
                0x00000fec                vga_set_back_buffer
                0x00000ff8                vga_swap_buffers
                0x00001018                vga_write
                0x00001050                vga_draw_rectangle
                0x000010b0                vga_char_buffer_clear
 .text          0x000010f8        0x4 obj/default//C/Users/pavmeh/Desktop/fpga-music-visualizer-master/software/src/ethernet_isr.o
                0x000010f8                ethernet_rx_isr
 .text          0x000010fc      0xa48 obj/default//C/Users/pavmeh/Desktop/fpga-music-visualizer-master/software/src/main.o
                0x000010fc                mapd
                0x00001230                signal_audio_ready
                0x0000123c                toggle_hardware_rendering
                0x00001250                swap_buffers
                0x00001274                draw_fft
                0x00001380                compareAndPrint
                0x000015ac                sendData
                0x00001664                fft
                0x0000189c                main
 .text          0x00001b44       0x4c obj/default//C/Users/pavmeh/Desktop/fpga-music-visualizer-master/software/src/pushbuttons_isr.o
                0x00001b44                pushbuttons_isr
 .text          0x00001b90        0x4 obj/default//C/Users/pavmeh/Desktop/fpga-music-visualizer-master/software/src/switches_isr.o
                0x00001b90                switches_isr
 .text          0x00001b94        0x0 obj/default//C/Users/pavmeh/Desktop/fpga-music-visualizer-master/software/src/system_globals.o
 .text          0x00001b94       0x68 obj/default//C/Users/pavmeh/Desktop/fpga-music-visualizer-master/software/src/tlda/tlda.o
                0x00001b94                tlda_draw
                0x00001bf4                tlda_set_drawing_buffer
 .text          0x00001bfc      0x130 c:/altera/13.0sp1/nios2eds/bin/gnu/h-i686-mingw32/bin/../lib/gcc/nios2-elf/4.1.2/../../../../nios2-elf/lib\libm.a(lib_a-w_sqrt.o)
                0x00001bfc                sqrt
 .text          0x00001d2c      0x2c8 c:/altera/13.0sp1/nios2eds/bin/gnu/h-i686-mingw32/bin/../lib/gcc/nios2-elf/4.1.2/../../../../nios2-elf/lib\libm.a(lib_a-e_sqrt.o)
                0x00001d2c                __ieee754_sqrt
 .text          0x00001ff4       0x30 c:/altera/13.0sp1/nios2eds/bin/gnu/h-i686-mingw32/bin/../lib/gcc/nios2-elf/4.1.2/../../../../nios2-elf/lib\libm.a(lib_a-s_isnand.o)
                0x00001ff4                __isnand
 .text          0x00002024        0x0 c:/altera/13.0sp1/nios2eds/bin/gnu/h-i686-mingw32/bin/../lib/gcc/nios2-elf/4.1.2/../../../../nios2-elf/lib\libm.a(lib_a-s_lib_ver.o)
 .text          0x00002024        0x8 c:/altera/13.0sp1/nios2eds/bin/gnu/h-i686-mingw32/bin/../lib/gcc/nios2-elf/4.1.2/../../../../nios2-elf/lib\libm.a(lib_a-s_matherr.o)
                0x00002024                matherr
 .text          0x0000202c      0x504 c:/altera/13.0sp1/nios2eds/bin/gnu/h-i686-mingw32/bin/../lib/gcc/nios2-elf/4.1.2\libgcc.a(_addsub_df.o)
                0x0000243c                __subdf3
                0x000024bc                __adddf3
 .text          0x00002530      0x3c4 c:/altera/13.0sp1/nios2eds/bin/gnu/h-i686-mingw32/bin/../lib/gcc/nios2-elf/4.1.2\libgcc.a(_mul_df.o)
                0x00002530                __muldf3
 .text          0x000028f4      0x258 c:/altera/13.0sp1/nios2eds/bin/gnu/h-i686-mingw32/bin/../lib/gcc/nios2-elf/4.1.2\libgcc.a(_div_df.o)
                0x000028f4                __divdf3
 .text          0x00002b4c       0x88 c:/altera/13.0sp1/nios2eds/bin/gnu/h-i686-mingw32/bin/../lib/gcc/nios2-elf/4.1.2\libgcc.a(_gt_df.o)
                0x00002b4c                __gtdf2
 .text          0x00002bd4       0x88 c:/altera/13.0sp1/nios2eds/bin/gnu/h-i686-mingw32/bin/../lib/gcc/nios2-elf/4.1.2\libgcc.a(_ge_df.o)
                0x00002bd4                __gedf2
 .text          0x00002c5c       0x88 c:/altera/13.0sp1/nios2eds/bin/gnu/h-i686-mingw32/bin/../lib/gcc/nios2-elf/4.1.2\libgcc.a(_lt_df.o)
                0x00002c5c                __ltdf2
 .text          0x00002ce4       0xf8 c:/altera/13.0sp1/nios2eds/bin/gnu/h-i686-mingw32/bin/../lib/gcc/nios2-elf/4.1.2\libgcc.a(_si_to_df.o)
                0x00002ce4                __floatsidf
 .text          0x00002ddc       0xd8 c:/altera/13.0sp1/nios2eds/bin/gnu/h-i686-mingw32/bin/../lib/gcc/nios2-elf/4.1.2\libgcc.a(_df_to_si.o)
                0x00002ddc                __fixdfsi
 .text          0x00002eb4        0x0 c:/altera/13.0sp1/nios2eds/bin/gnu/h-i686-mingw32/bin/../lib/gcc/nios2-elf/4.1.2\libgcc.a(_thenan_df.o)
 .text          0x00002eb4       0x98 c:/altera/13.0sp1/nios2eds/bin/gnu/h-i686-mingw32/bin/../lib/gcc/nios2-elf/4.1.2\libgcc.a(_muldi3.o)
                0x00002eb4                __muldi3
 .text          0x00002f4c       0x80 c:/altera/13.0sp1/nios2eds/bin/gnu/h-i686-mingw32/bin/../lib/gcc/nios2-elf/4.1.2\libgcc.a(_clzsi2.o)
                0x00002f4c                __clzsi2
 .text          0x00002fcc      0x314 c:/altera/13.0sp1/nios2eds/bin/gnu/h-i686-mingw32/bin/../lib/gcc/nios2-elf/4.1.2\libgcc.a(_pack_df.o)
                0x00002fcc                __pack_d
 .text          0x000032e0      0x138 c:/altera/13.0sp1/nios2eds/bin/gnu/h-i686-mingw32/bin/../lib/gcc/nios2-elf/4.1.2\libgcc.a(_unpack_df.o)
                0x000032e0                __unpack_d
 .text          0x00003418       0xc8 c:/altera/13.0sp1/nios2eds/bin/gnu/h-i686-mingw32/bin/../lib/gcc/nios2-elf/4.1.2\libgcc.a(_fpcmp_parts_df.o)
                0x00003418                __fpcmp_parts_d
 .text          0x000034e0        0x0 c:/altera/13.0sp1/nios2eds/bin/gnu/h-i686-mingw32/bin/../lib/gcc/nios2-elf/4.1.2\libgcc.a(_clz.o)
 .text          0x000034e0       0x10 c:/altera/13.0sp1/nios2eds/bin/gnu/h-i686-mingw32/bin/../lib/gcc/nios2-elf/4.1.2/../../../../nios2-elf/lib\libc.a(lib_a-errno.o)
                0x000034e0                __errno
 .text          0x000034f0        0x0 c:/altera/13.0sp1/nios2eds/bin/gnu/h-i686-mingw32/bin/../lib/gcc/nios2-elf/4.1.2/../../../../nios2-elf/lib\libc.a(lib_a-impure.o)
 .text          0x000034f0       0x28 c:/altera/13.0sp1/nios2eds/bin/gnu/h-i686-mingw32/bin/../lib/gcc/nios2-elf/4.1.2/../../../../nios2-elf/lib\libc.a(lib_a-malloc.o)
                0x000034f0                free
                0x00003504                malloc
 .text          0x00003518      0x740 c:/altera/13.0sp1/nios2eds/bin/gnu/h-i686-mingw32/bin/../lib/gcc/nios2-elf/4.1.2/../../../../nios2-elf/lib\libc.a(lib_a-mallocr.o)
                0x00003518                _malloc_r
 .text          0x00003c58       0xa0 c:/altera/13.0sp1/nios2eds/bin/gnu/h-i686-mingw32/bin/../lib/gcc/nios2-elf/4.1.2/../../../../nios2-elf/lib\libc.a(lib_a-memcpy.o)
                0x00003c58                memcpy
 .text          0x00003cf8       0x78 c:/altera/13.0sp1/nios2eds/bin/gnu/h-i686-mingw32/bin/../lib/gcc/nios2-elf/4.1.2/../../../../nios2-elf/lib\libc.a(lib_a-printf.o)
                0x00003cf8                printf
                0x00003d3c                _printf_r
 .text          0x00003d70       0xb4 c:/altera/13.0sp1/nios2eds/bin/gnu/h-i686-mingw32/bin/../lib/gcc/nios2-elf/4.1.2/../../../../nios2-elf/lib\libc.a(lib_a-puts.o)
                0x00003d70                _puts_r
                0x00003e10                puts
 .text          0x00003e24       0x70 c:/altera/13.0sp1/nios2eds/bin/gnu/h-i686-mingw32/bin/../lib/gcc/nios2-elf/4.1.2/../../../../nios2-elf/lib\libc.a(lib_a-sbrkr.o)
                0x00003e24                _sbrk_r
 .text          0x00003e94       0x74 c:/altera/13.0sp1/nios2eds/bin/gnu/h-i686-mingw32/bin/../lib/gcc/nios2-elf/4.1.2/../../../../nios2-elf/lib\libc.a(lib_a-strlen.o)
                0x00003e94                strlen
 .text          0x00003f08     0x1f28 c:/altera/13.0sp1/nios2eds/bin/gnu/h-i686-mingw32/bin/../lib/gcc/nios2-elf/4.1.2/../../../../nios2-elf/lib\libc.a(lib_a-vfprintf.o)
                0x00003f60                ___vfprintf_internal_r
                0x00005e0c                __vfprintf_internal
 .text          0x00005e30      0x13c c:/altera/13.0sp1/nios2eds/bin/gnu/h-i686-mingw32/bin/../lib/gcc/nios2-elf/4.1.2/../../../../nios2-elf/lib\libc.a(lib_a-wsetup.o)
                0x00005e30                __swsetup_r
 .text          0x00005f6c     0x17cc c:/altera/13.0sp1/nios2eds/bin/gnu/h-i686-mingw32/bin/../lib/gcc/nios2-elf/4.1.2/../../../../nios2-elf/lib\libc.a(lib_a-dtoa.o)
                0x00006184                _dtoa_r
 .text          0x00007738      0x230 c:/altera/13.0sp1/nios2eds/bin/gnu/h-i686-mingw32/bin/../lib/gcc/nios2-elf/4.1.2/../../../../nios2-elf/lib\libc.a(lib_a-fflush.o)
                0x00007738                _fflush_r
                0x00007934                fflush
 .text          0x00007968      0x2c0 c:/altera/13.0sp1/nios2eds/bin/gnu/h-i686-mingw32/bin/../lib/gcc/nios2-elf/4.1.2/../../../../nios2-elf/lib\libc.a(lib_a-findfp.o)
                0x000079c0                __sfp_lock_acquire
                0x000079c4                __sfp_lock_release
                0x000079c8                __sinit_lock_acquire
                0x000079cc                __sinit_lock_release
                0x000079d0                __sinit
                0x00007a84                __fp_unlock_all
                0x00007a9c                __fp_lock_all
                0x00007ab4                _cleanup_r
                0x00007ac0                _cleanup
                0x00007ad0                __sfmoreglue
                0x00007b38                __sfp
 .text          0x00007c28      0x440 c:/altera/13.0sp1/nios2eds/bin/gnu/h-i686-mingw32/bin/../lib/gcc/nios2-elf/4.1.2/../../../../nios2-elf/lib\libc.a(lib_a-freer.o)
                0x00007c28                _malloc_trim_r
                0x00007d54                _free_r
 .text          0x00008068      0x49c c:/altera/13.0sp1/nios2eds/bin/gnu/h-i686-mingw32/bin/../lib/gcc/nios2-elf/4.1.2/../../../../nios2-elf/lib\libc.a(lib_a-fvwrite.o)
                0x00008068                __sfvwrite_r
 .text          0x00008504      0x180 c:/altera/13.0sp1/nios2eds/bin/gnu/h-i686-mingw32/bin/../lib/gcc/nios2-elf/4.1.2/../../../../nios2-elf/lib\libc.a(lib_a-fwalk.o)
                0x00008504                _fwalk_reent
                0x000085cc                _fwalk
 .text          0x00008684        0x0 c:/altera/13.0sp1/nios2eds/bin/gnu/h-i686-mingw32/bin/../lib/gcc/nios2-elf/4.1.2/../../../../nios2-elf/lib\libc.a(lib_a-int_errno.o)
 .text          0x00008684       0xc4 c:/altera/13.0sp1/nios2eds/bin/gnu/h-i686-mingw32/bin/../lib/gcc/nios2-elf/4.1.2/../../../../nios2-elf/lib\libc.a(lib_a-locale.o)
                0x00008684                __locale_charset
                0x0000868c                _localeconv_r
                0x00008698                localeconv
                0x000086a8                _setlocale_r
                0x0000872c                setlocale
 .text          0x00008748      0x194 c:/altera/13.0sp1/nios2eds/bin/gnu/h-i686-mingw32/bin/../lib/gcc/nios2-elf/4.1.2/../../../../nios2-elf/lib\libc.a(lib_a-makebuf.o)
                0x00008748                __smakebuf_r
 .text          0x000088dc       0xe4 c:/altera/13.0sp1/nios2eds/bin/gnu/h-i686-mingw32/bin/../lib/gcc/nios2-elf/4.1.2/../../../../nios2-elf/lib\libc.a(lib_a-memchr.o)
                0x000088dc                memchr
 .text          0x000089c0       0xe0 c:/altera/13.0sp1/nios2eds/bin/gnu/h-i686-mingw32/bin/../lib/gcc/nios2-elf/4.1.2/../../../../nios2-elf/lib\libc.a(lib_a-memmove.o)
                0x000089c0                memmove
 .text          0x00008aa0       0x98 c:/altera/13.0sp1/nios2eds/bin/gnu/h-i686-mingw32/bin/../lib/gcc/nios2-elf/4.1.2/../../../../nios2-elf/lib\libc.a(lib_a-memset.o)
                0x00008aa0                memset
 .text          0x00008b38      0xff4 c:/altera/13.0sp1/nios2eds/bin/gnu/h-i686-mingw32/bin/../lib/gcc/nios2-elf/4.1.2/../../../../nios2-elf/lib\libc.a(lib_a-mprec.o)
                0x00008b38                _Bfree
                0x00008b60                __hi0bits
                0x00008bd0                __lo0bits
                0x00008c94                __mcmp
                0x00008cf4                __ulp
                0x00008d74                __b2d
                0x00008e94                __ratio
                0x00008f44                _mprec_log10
                0x00008fd8                __copybits
                0x00009030                __any_on
                0x000090b8                _Balloc
                0x00009174                __d2b
                0x000092f0                __mdiff
                0x0000947c                __lshift
                0x000095c8                __multiply
                0x000097b0                __i2b
                0x000097ec                __multadd
                0x000098ec                __pow5mult
                0x00009a0c                __s2b
 .text          0x00009b2c      0x5f4 c:/altera/13.0sp1/nios2eds/bin/gnu/h-i686-mingw32/bin/../lib/gcc/nios2-elf/4.1.2/../../../../nios2-elf/lib\libc.a(lib_a-reallocr.o)
                0x00009b2c                _realloc_r
 .text          0x0000a120       0x40 c:/altera/13.0sp1/nios2eds/bin/gnu/h-i686-mingw32/bin/../lib/gcc/nios2-elf/4.1.2/../../../../nios2-elf/lib\libc.a(lib_a-s_isinfd.o)
                0x0000a120                __isinfd
 .text          0x0000a160      0x14c c:/altera/13.0sp1/nios2eds/bin/gnu/h-i686-mingw32/bin/../lib/gcc/nios2-elf/4.1.2/../../../../nios2-elf/lib\libc.a(lib_a-stdio.o)
                0x0000a160                __sclose
                0x0000a168                __sseek
                0x0000a1d0                __swrite
                0x0000a24c                __sread
 .text          0x0000a2ac       0xbc c:/altera/13.0sp1/nios2eds/bin/gnu/h-i686-mingw32/bin/../lib/gcc/nios2-elf/4.1.2/../../../../nios2-elf/lib\libc.a(lib_a-strcmp.o)
                0x0000a2ac                strcmp
 .text          0x0000a368       0x78 c:/altera/13.0sp1/nios2eds/bin/gnu/h-i686-mingw32/bin/../lib/gcc/nios2-elf/4.1.2/../../../../nios2-elf/lib\libc.a(lib_a-writer.o)
                0x0000a368                _write_r
 .text          0x0000a3e0       0xb4 c:/altera/13.0sp1/nios2eds/bin/gnu/h-i686-mingw32/bin/../lib/gcc/nios2-elf/4.1.2/../../../../nios2-elf/lib\libc.a(lib_a-callocr.o)
                0x0000a3e0                _calloc_r
 .text          0x0000a494       0x70 c:/altera/13.0sp1/nios2eds/bin/gnu/h-i686-mingw32/bin/../lib/gcc/nios2-elf/4.1.2/../../../../nios2-elf/lib\libc.a(lib_a-closer.o)
                0x0000a494                _close_r
 .text          0x0000a504      0x124 c:/altera/13.0sp1/nios2eds/bin/gnu/h-i686-mingw32/bin/../lib/gcc/nios2-elf/4.1.2/../../../../nios2-elf/lib\libc.a(lib_a-fclose.o)
                0x0000a504                _fclose_r
                0x0000a614                fclose
 .text          0x0000a628       0x74 c:/altera/13.0sp1/nios2eds/bin/gnu/h-i686-mingw32/bin/../lib/gcc/nios2-elf/4.1.2/../../../../nios2-elf/lib\libc.a(lib_a-fstatr.o)
                0x0000a628                _fstat_r
 .text          0x0000a69c       0x70 c:/altera/13.0sp1/nios2eds/bin/gnu/h-i686-mingw32/bin/../lib/gcc/nios2-elf/4.1.2/../../../../nios2-elf/lib\libc.a(lib_a-isattyr.o)
                0x0000a69c                _isatty_r
 .text          0x0000a70c       0x78 c:/altera/13.0sp1/nios2eds/bin/gnu/h-i686-mingw32/bin/../lib/gcc/nios2-elf/4.1.2/../../../../nios2-elf/lib\libc.a(lib_a-lseekr.o)
                0x0000a70c                _lseek_r
 .text          0x0000a784       0x78 c:/altera/13.0sp1/nios2eds/bin/gnu/h-i686-mingw32/bin/../lib/gcc/nios2-elf/4.1.2/../../../../nios2-elf/lib\libc.a(lib_a-readr.o)
                0x0000a784                _read_r
 .text          0x0000a7fc      0x5dc c:/altera/13.0sp1/nios2eds/bin/gnu/h-i686-mingw32/bin/../lib/gcc/nios2-elf/4.1.2\libgcc.a(_udivdi3.o)
                0x0000a7fc                __udivdi3
 .text          0x0000add8      0x5b0 c:/altera/13.0sp1/nios2eds/bin/gnu/h-i686-mingw32/bin/../lib/gcc/nios2-elf/4.1.2\libgcc.a(_umoddi3.o)
                0x0000add8                __umoddi3
 .text          0x0000b388       0x88 c:/altera/13.0sp1/nios2eds/bin/gnu/h-i686-mingw32/bin/../lib/gcc/nios2-elf/4.1.2\libgcc.a(_eq_df.o)
                0x0000b388                __eqdf2
 .text          0x0000b410       0x88 c:/altera/13.0sp1/nios2eds/bin/gnu/h-i686-mingw32/bin/../lib/gcc/nios2-elf/4.1.2\libgcc.a(_ne_df.o)
                0x0000b410                __nedf2
 .text          0x0000b498      0x194 c:/altera/13.0sp1/nios2eds/bin/gnu/h-i686-mingw32/bin/../lib/gcc/nios2-elf/4.1.2\libgcc.a(_usi_to_df.o)
                0x0000b498                __floatunsidf
 .text          0x0000b62c      0x14c c:/altera/13.0sp1/nios2eds/bin/gnu/h-i686-mingw32/bin/../lib/gcc/nios2-elf/4.1.2\libgcc.a(lib2-divmod.o)
                0x0000b6a8                __divsi3
                0x0000b708                __modsi3
                0x0000b768                __udivsi3
                0x0000b770                __umodsi3
 .text          0x0000b778       0xdc BSP/\libhal_bsp.a(alt_close.o)
                0x0000b778                close
 .text          0x0000b854        0x4 BSP/\libhal_bsp.a(alt_dcache_flush.o)
                0x0000b854                alt_dcache_flush
 .text          0x0000b858        0x8 BSP/\libhal_bsp.a(alt_dev.o)
 .text          0x0000b860        0x0 BSP/\libhal_bsp.a(alt_errno.o)
 .text          0x0000b860       0x80 BSP/\libhal_bsp.a(alt_fstat.o)
                0x0000b860                fstat
 .text          0x0000b8e0       0xbc BSP/\libhal_bsp.a(alt_irq_register.o)
                0x0000b8e0                alt_irq_register
 .text          0x0000b99c        0x0 BSP/\libhal_bsp.a(alt_irq_vars.o)
 .text          0x0000b99c       0x84 BSP/\libhal_bsp.a(alt_isatty.o)
                0x0000b99c                isatty
 .text          0x0000ba20       0xc4 BSP/\libhal_bsp.a(alt_load.o)
                0x0000ba20                alt_load
 .text          0x0000bae4       0x98 BSP/\libhal_bsp.a(alt_lseek.o)
                0x0000bae4                lseek
 .text          0x0000bb7c       0x50 BSP/\libhal_bsp.a(alt_main.o)
                0x0000bb7c                alt_main
 .text          0x0000bbcc        0x8 BSP/\libhal_bsp.a(alt_malloc_lock.o)
                0x0000bbcc                __malloc_lock
                0x0000bbd0                __malloc_unlock
 .text          0x0000bbd4      0x1dc BSP/\libhal_bsp.a(alt_printf.o)
                0x0000bbd4                alt_printf
 .text          0x0000bdb0       0x28 BSP/\libhal_bsp.a(alt_putchar.o)
                0x0000bdb0                alt_putchar
 .text          0x0000bdd8       0xf8 BSP/\libhal_bsp.a(alt_read.o)
                0x0000bdd8                read
 .text          0x0000bed0       0x24 BSP/\libhal_bsp.a(alt_release_fd.o)
                0x0000bed0                alt_release_fd
 .text          0x0000bef4       0x50 BSP/\libhal_bsp.a(alt_sbrk.o)
                0x0000bef4                sbrk
 .text          0x0000bf44       0xf4 BSP/\libhal_bsp.a(alt_write.o)
                0x0000bf44                write
 .text          0x0000c038      0x2f0 BSP/\libhal_bsp.a(alt_sys_init.o)
                0x0000c038                alt_irq_init
                0x0000c058                alt_sys_init
 .text          0x0000c328       0x98 BSP/\libhal_bsp.a(altera_avalon_jtag_uart_fd.o)
                0x0000c328                altera_avalon_jtag_uart_ioctl_fd
                0x0000c348                altera_avalon_jtag_uart_close_fd
                0x0000c370                altera_avalon_jtag_uart_write_fd
                0x0000c398                altera_avalon_jtag_uart_read_fd
 .text          0x0000c3c0      0x238 BSP/\libhal_bsp.a(altera_avalon_jtag_uart_init.o)
                0x0000c3c0                altera_avalon_jtag_uart_close
                0x0000c44c                altera_avalon_jtag_uart_init
 .text          0x0000c5f8       0x74 BSP/\libhal_bsp.a(altera_avalon_jtag_uart_ioctl.o)
                0x0000c5f8                altera_avalon_jtag_uart_ioctl
 .text          0x0000c66c      0x168 BSP/\libhal_bsp.a(altera_avalon_jtag_uart_read.o)
                0x0000c66c                altera_avalon_jtag_uart_read
 .text          0x0000c7d4      0x17c BSP/\libhal_bsp.a(altera_avalon_jtag_uart_write.o)
                0x0000c7d4                altera_avalon_jtag_uart_write
 .text          0x0000c950      0x630 BSP/\libhal_bsp.a(altera_avalon_sgdma.o)
                0x0000c950                alt_avalon_sgdma_register_callback
                0x0000c960                alt_avalon_sgdma_init
                0x0000c9e0                alt_avalon_sgdma_disable_desc_poll
                0x0000ca00                alt_avalon_sgdma_enable_desc_poll
                0x0000ca30                alt_avalon_sgdma_stop
                0x0000ca4c                alt_avalon_sgdma_start
                0x0000ca64                alt_avalon_sgdma_do_sync_transfer
                0x0000caf8                alt_avalon_sgdma_do_async_transfer
                0x0000cbfc                alt_avalon_sgdma_construct_descriptor_burst
                0x0000cd28                alt_avalon_sgdma_construct_descriptor
                0x0000cd70                alt_avalon_sgdma_construct_mem_to_stream_desc_burst
                0x0000cdc0                alt_avalon_sgdma_construct_mem_to_stream_desc
                0x0000ce00                alt_avalon_sgdma_construct_stream_to_mem_desc_burst
                0x0000ce4c                alt_avalon_sgdma_construct_stream_to_mem_desc
                0x0000ce74                alt_avalon_sgdma_construct_mem_to_mem_desc_burst
                0x0000cebc                alt_avalon_sgdma_construct_mem_to_mem_desc
                0x0000cef4                alt_avalon_sgdma_open
                0x0000cf50                alt_avalon_sgdma_check_descriptor_status
 .text          0x0000cf80       0x80 BSP/\libhal_bsp.a(altera_avalon_timer_sc.o)
                0x0000cf80                alt_avalon_timer_sc_init
 .text          0x0000d000      0x30c BSP/\libhal_bsp.a(altera_up_avalon_character_lcd.o)
                0x0000d000                get_DDRAM_addr
                0x0000d01c                alt_up_character_lcd_string
                0x0000d068                alt_up_character_lcd_write
                0x0000d094                alt_up_character_lcd_write_fd
                0x0000d0b4                alt_up_character_lcd_init
                0x0000d0c4                alt_up_character_lcd_send_cmd
                0x0000d0d4                alt_up_character_lcd_cursor_blink_on
                0x0000d0f0                alt_up_character_lcd_cursor_off
                0x0000d10c                alt_up_character_lcd_erase_pos
                0x0000d178                alt_up_character_lcd_shift_display
                0x0000d208                alt_up_character_lcd_shift_cursor
                0x0000d298                alt_up_character_lcd_set_cursor_pos
                0x0000d2ec                alt_up_character_lcd_open_dev
 .text          0x0000d30c      0x1e0 BSP/\libhal_bsp.a(altera_up_avalon_irda.o)
                0x0000d30c                alt_up_irda_check_parity
                0x0000d318                alt_up_irda_open_dev
                0x0000d338                alt_up_irda_read_data
                0x0000d384                alt_up_irda_read_fd
                0x0000d404                alt_up_irda_get_available_space_in_write_FIFO
                0x0000d414                alt_up_irda_write_data
                0x0000d42c                alt_up_irda_write_fd
                0x0000d4a8                alt_up_irda_disable_read_interrupt
                0x0000d4c4                alt_up_irda_enable_read_interrupt
                0x0000d4dc                alt_up_irda_get_used_space_in_read_FIFO
 .text          0x0000d4ec      0x388 BSP/\libhal_bsp.a(altera_up_avalon_ps2.o)
                0x0000d4ec                read_RI_bit
                0x0000d4f8                read_RE_bit
                0x0000d500                read_CE_bit
                0x0000d50c                read_num_bytes_available
                0x0000d514                read_data_valid
                0x0000d520                read_data_byte
                0x0000d528                alt_up_ps2_open_dev
                0x0000d548                alt_up_ps2_clear_fifo
                0x0000d578                alt_up_ps2_read_data_byte
                0x0000d5d0                alt_up_ps2_read_data_byte_timeout
                0x0000d650                alt_up_ps2_read_fd
                0x0000d678                alt_up_ps2_wait_for_ack
                0x0000d6d4                alt_up_ps2_write_data_byte
                0x0000d714                alt_up_ps2_write_fd
                0x0000d784                alt_up_ps2_write_data_byte_with_ack
                0x0000d7b8                alt_up_ps2_init
                0x0000d840                alt_up_ps2_disable_read_interrupt
                0x0000d85c                alt_up_ps2_enable_read_interrupt
 .text          0x0000d874      0x1d4 BSP/\libhal_bsp.a(altera_up_avalon_rs232.o)
                0x0000d874                alt_up_rs232_check_parity
                0x0000d880                alt_up_rs232_open_dev
                0x0000d8a0                alt_up_rs232_read_data
                0x0000d8ec                alt_up_rs232_read_fd
                0x0000d96c                alt_up_rs232_get_available_space_in_write_FIFO
                0x0000d97c                alt_up_rs232_write_data
                0x0000d994                alt_up_rs232_write_fd
                0x0000da04                alt_up_rs232_disable_read_interrupt
                0x0000da20                alt_up_rs232_enable_read_interrupt
                0x0000da38                alt_up_rs232_get_used_space_in_read_FIFO
 .text          0x0000da48      0x178 BSP/\libhal_bsp.a(altera_up_avalon_video_character_buffer_with_dma.o)
                0x0000da48                alt_up_char_buffer_string
                0x0000dad0                alt_up_char_buffer_draw
                0x0000db28                alt_up_char_buffer_clear
                0x0000db50                alt_up_char_buffer_open_dev
                0x0000db70                alt_up_char_buffer_init
 .text          0x0000dbc0       0x94 BSP/\libhal_bsp.a(alt_alarm_start.o)
                0x0000dbc0                alt_alarm_start
 .text          0x0000dc54        0x4 BSP/\libhal_bsp.a(alt_dcache_flush_all.o)
                0x0000dc54                alt_dcache_flush_all
 .text          0x0000dc58       0x70 BSP/\libhal_bsp.a(alt_dev_llist_insert.o)
                0x0000dc58                alt_dev_llist_insert
 .text          0x0000dcc8       0x70 BSP/\libhal_bsp.a(alt_find_dev.o)
                0x0000dcc8                alt_find_dev
 .text          0x0000dd38       0x20 BSP/\libhal_bsp.a(alt_icache_flush_all.o)
                0x0000dd38                alt_icache_flush_all
 .text          0x0000dd58       0xfc BSP/\libhal_bsp.a(alt_io_redirect.o)
                0x0000ddbc                alt_io_redirect
 .text          0x0000de54        0x0 BSP/\libhal_bsp.a(alt_irq_entry.o)
 .text          0x0000de54        0x0 BSP/\libhal_bsp.a(alt_irq_handler.o)
 .text          0x0000de54      0x17c BSP/\libhal_bsp.a(alt_open.o)
                0x0000de54                open
 .text          0x0000dfd0       0x28 BSP/\libhal_bsp.a(alt_remap_uncached.o)
                0x0000dfd0                alt_remap_uncached
 .text          0x0000dff8       0xe0 BSP/\libhal_bsp.a(alt_tick.o)
                0x0000dff8                alt_alarm_stop
                0x0000e02c                alt_tick
 .text          0x0000e0d8        0x8 BSP/\libhal_bsp.a(altera_nios2_qsys_irq.o)
                0x0000e0d8                altera_nios2_qsys_irq_init
 .text          0x0000e0e0        0x0 BSP/\libhal_bsp.a(alt_exception_entry.o)
 .text          0x0000e0e0       0xbc BSP/\libhal_bsp.a(alt_find_file.o)
                0x0000e0e0                alt_find_file
 .text          0x0000e19c       0x6c BSP/\libhal_bsp.a(alt_get_fd.o)
                0x0000e19c                alt_get_fd
 .text          0x0000e208       0x3c BSP/\libhal_bsp.a(alt_icache_flush.o)
                0x0000e208                alt_icache_flush
 .text          0x0000e244       0x38 c:/altera/13.0sp1/nios2eds/bin/gnu/h-i686-mingw32/bin/../lib/gcc/nios2-elf/4.1.2/../../../../nios2-elf/lib\libc.a(lib_a-exit.o)
                0x0000e244                exit
 .text          0x0000e27c       0x74 c:/altera/13.0sp1/nios2eds/bin/gnu/h-i686-mingw32/bin/../lib/gcc/nios2-elf/4.1.2/../../../../nios2-elf/lib\libc.a(lib_a-memcmp.o)
                0x0000e27c                memcmp
 .text          0x0000e2f0      0x1ec c:/altera/13.0sp1/nios2eds/bin/gnu/h-i686-mingw32/bin/../lib/gcc/nios2-elf/4.1.2/../../../../nios2-elf/lib\libc.a(lib_a-putc.o)
                0x0000e2f0                putc
                0x0000e3f4                _putc_r
 .text          0x0000e4dc      0x14c c:/altera/13.0sp1/nios2eds/bin/gnu/h-i686-mingw32/bin/../lib/gcc/nios2-elf/4.1.2/../../../../nios2-elf/lib\libc.a(lib_a-wbuf.o)
                0x0000e4dc                __swbuf_r
                0x0000e60c                __swbuf
 .text          0x0000e628      0x1b4 c:/altera/13.0sp1/nios2eds/bin/gnu/h-i686-mingw32/bin/../lib/gcc/nios2-elf/4.1.2/../../../../nios2-elf/lib\libc.a(lib_a-__call_atexit.o)
                0x0000e62c                __call_exitprocs
 .text          0x0000e7dc       0x14 BSP/\libhal_bsp.a(alt_exit.o)
                0x0000e7dc                _exit
 *(.gnu.warning.*)
 *(.fini)
                0x0000e7f0                PROVIDE (__etext, ABSOLUTE (.))
                0x0000e7f0                PROVIDE (_etext, ABSOLUTE (.))
                0x0000e7f0                PROVIDE (etext, ABSOLUTE (.))
 *(.eh_frame_hdr)
                0x0000e7f0                . = ALIGN (0x4)
                0x0000e7f0                PROVIDE (__preinit_array_start, ABSOLUTE (.))
 *(.preinit_array)
                0x0000e7f0                PROVIDE (__preinit_array_end, ABSOLUTE (.))
                0x0000e7f0                PROVIDE (__init_array_start, ABSOLUTE (.))
 *(.init_array)
                0x0000e7f0                PROVIDE (__init_array_end, ABSOLUTE (.))
                0x0000e7f0                PROVIDE (__fini_array_start, ABSOLUTE (.))
 *(.fini_array)
                0x0000e7f0                PROVIDE (__fini_array_end, ABSOLUTE (.))
 *(.eh_frame)
 *(.gcc_except_table)
 *(.dynamic)
                0x0000e7f0                PROVIDE (__CTOR_LIST__, ABSOLUTE (.))
 *(.ctors)
 *(SORT(.ctors.*))
 .ctors.65535   0x0000e7f0        0x4 c:/altera/13.0sp1/nios2eds/bin/gnu/h-i686-mingw32/bin/../lib/gcc/nios2-elf/4.1.2/../../../../nios2-elf/lib\libc.a(lib_a-__call_atexit.o)
                0x0000e7f4                PROVIDE (__CTOR_END__, ABSOLUTE (.))
                0x0000e7f4                PROVIDE (__DTOR_LIST__, ABSOLUTE (.))
 *(.dtors)
 *(SORT(.dtors.*))
                0x0000e7f4                PROVIDE (__DTOR_END__, ABSOLUTE (.))
 *(.jcr)
                0x0000e7f4                . = ALIGN (0x4)

.rodata         0x0000e7f4      0x650
                0x0000e7f4                PROVIDE (__ram_rodata_start, ABSOLUTE (.))
                0x0000e7f4                . = ALIGN (0x4)
 *(.rodata .rodata.* .gnu.linkonce.r.*)
 .rodata.str1.4
                0x0000e7f4       0xee obj/default//C/Users/pavmeh/Desktop/fpga-music-visualizer-master/software/src/ee109-lib/ethernet.o
                                 0xf0 (size before relaxing)
 .rodata        0x0000e8e2       0x10 obj/default//C/Users/pavmeh/Desktop/fpga-music-visualizer-master/software/src/ee109-lib/hex.o
 *fill*         0x0000e8f2        0x2 00
 .rodata.str1.4
                0x0000e8f4       0x88 obj/default//C/Users/pavmeh/Desktop/fpga-music-visualizer-master/software/src/main.o
                                 0x90 (size before relaxing)
 .rodata.str1.4
                0x0000e97c        0x5 c:/altera/13.0sp1/nios2eds/bin/gnu/h-i686-mingw32/bin/../lib/gcc/nios2-elf/4.1.2/../../../../nios2-elf/lib\libm.a(lib_a-w_sqrt.o)
                                  0x8 (size before relaxing)
 *fill*         0x0000e981        0x3 00
 .rodata        0x0000e984       0x14 c:/altera/13.0sp1/nios2eds/bin/gnu/h-i686-mingw32/bin/../lib/gcc/nios2-elf/4.1.2\libgcc.a(_thenan_df.o)
                0x0000e984                __thenan_df
 .rodata        0x0000e998      0x100 c:/altera/13.0sp1/nios2eds/bin/gnu/h-i686-mingw32/bin/../lib/gcc/nios2-elf/4.1.2\libgcc.a(_clz.o)
                0x0000e998                __clz_tab
 .rodata.str1.4
                0x0000ea98        0x2 c:/altera/13.0sp1/nios2eds/bin/gnu/h-i686-mingw32/bin/../lib/gcc/nios2-elf/4.1.2/../../../../nios2-elf/lib\libc.a(lib_a-impure.o)
                                  0x4 (size before relaxing)
 .rodata.str1.4
                0x00000000        0x2 c:/altera/13.0sp1/nios2eds/bin/gnu/h-i686-mingw32/bin/../lib/gcc/nios2-elf/4.1.2/../../../../nios2-elf/lib\libc.a(lib_a-puts.o)
                                  0x4 (size before relaxing)
 *fill*         0x0000ea9a        0x2 00
 .rodata.str1.4
                0x0000ea9c       0x5e c:/altera/13.0sp1/nios2eds/bin/gnu/h-i686-mingw32/bin/../lib/gcc/nios2-elf/4.1.2/../../../../nios2-elf/lib\libc.a(lib_a-vfprintf.o)
                                 0x60 (size before relaxing)
 .rodata        0x0000eafa       0x20 c:/altera/13.0sp1/nios2eds/bin/gnu/h-i686-mingw32/bin/../lib/gcc/nios2-elf/4.1.2/../../../../nios2-elf/lib\libc.a(lib_a-vfprintf.o)
 *fill*         0x0000eb1a        0x2 00
 .rodata.str1.4
                0x0000eb1c       0x10 c:/altera/13.0sp1/nios2eds/bin/gnu/h-i686-mingw32/bin/../lib/gcc/nios2-elf/4.1.2/../../../../nios2-elf/lib\libc.a(lib_a-dtoa.o)
                                 0x14 (size before relaxing)
 .rodata.str1.4
                0x0000eb2c        0xf c:/altera/13.0sp1/nios2eds/bin/gnu/h-i686-mingw32/bin/../lib/gcc/nios2-elf/4.1.2/../../../../nios2-elf/lib\libc.a(lib_a-locale.o)
                                 0x18 (size before relaxing)
 *fill*         0x0000eb3b        0x1 00
 .rodata        0x0000eb3c       0x30 c:/altera/13.0sp1/nios2eds/bin/gnu/h-i686-mingw32/bin/../lib/gcc/nios2-elf/4.1.2/../../../../nios2-elf/lib\libc.a(lib_a-locale.o)
 .rodata        0x0000eb6c      0x124 c:/altera/13.0sp1/nios2eds/bin/gnu/h-i686-mingw32/bin/../lib/gcc/nios2-elf/4.1.2/../../../../nios2-elf/lib\libc.a(lib_a-mprec.o)
                0x0000eb6c                __mprec_tens
                0x0000ec34                __mprec_bigtens
                0x0000ec5c                __mprec_tinytens
 .rodata.str1.4
                0x0000ec90        0xa BSP/\libhal_bsp.a(alt_dev.o)
                                  0xc (size before relaxing)
 *fill*         0x0000ec9a        0x2 00
 .rodata.str1.4
                0x0000ec9c        0xf BSP/\libhal_bsp.a(alt_main.o)
                                 0x10 (size before relaxing)
 *fill*         0x0000ecab        0x1 00
 .rodata.str1.4
                0x0000ecac      0x195 BSP/\libhal_bsp.a(alt_sys_init.o)
                                0x1c8 (size before relaxing)
 .rodata.str1.4
                0x00000000      0x198 BSP/\libhal_bsp.a(altera_up_avalon_video_character_buffer_with_dma.o)
                                 0x1c (size before relaxing)
 *(.rodata1)
                0x0000ee44                . = ALIGN (0x4)
 *fill*         0x0000ee41        0x3 00
                0x0000ee44                PROVIDE (__ram_rodata_end, ABSOLUTE (.))
                0x0000e7f4                PROVIDE (__flash_rodata_start, LOADADDR (.rodata))

.rwdata         0x0000ee44     0x1f2c load address 0x00010d70
                0x0000ee44                PROVIDE (__ram_rwdata_start, ABSOLUTE (.))
                0x0000ee44                . = ALIGN (0x4)
 *(.got.plt)
 *(.got)
 *(.data1)
 *(.data .data.* .gnu.linkonce.d.*)
 .data          0x0000ee44        0x0 BSP//obj/HAL/src/crt0.o
 .data          0x0000ee44        0x0 obj/default//C/Users/pavmeh/Desktop/fpga-music-visualizer-master/software/src/audio_isr.o
 .data          0x0000ee44        0x0 obj/default//C/Users/pavmeh/Desktop/fpga-music-visualizer-master/software/src/belfft/kiss_fft.o
 .data          0x0000ee44        0x0 obj/default//C/Users/pavmeh/Desktop/fpga-music-visualizer-master/software/src/ee109-lib/audio.o
 .data          0x0000ee44        0x0 obj/default//C/Users/pavmeh/Desktop/fpga-music-visualizer-master/software/src/ee109-lib/char_lcd.o
 .data          0x0000ee44        0x0 obj/default//C/Users/pavmeh/Desktop/fpga-music-visualizer-master/software/src/ee109-lib/ethernet.o
 .data          0x0000ee44        0x0 obj/default//C/Users/pavmeh/Desktop/fpga-music-visualizer-master/software/src/ee109-lib/green_leds.o
 .data          0x0000ee44        0x0 obj/default//C/Users/pavmeh/Desktop/fpga-music-visualizer-master/software/src/ee109-lib/hex.o
 .data          0x0000ee44        0x0 obj/default//C/Users/pavmeh/Desktop/fpga-music-visualizer-master/software/src/ee109-lib/lcd.o
 .data          0x0000ee44        0x0 obj/default//C/Users/pavmeh/Desktop/fpga-music-visualizer-master/software/src/ee109-lib/pushbuttons.o
 .data          0x0000ee44        0x0 obj/default//C/Users/pavmeh/Desktop/fpga-music-visualizer-master/software/src/ee109-lib/red_leds.o
 .data          0x0000ee44        0x0 obj/default//C/Users/pavmeh/Desktop/fpga-music-visualizer-master/software/src/ee109-lib/switches.o
 .data          0x0000ee44        0x0 obj/default//C/Users/pavmeh/Desktop/fpga-music-visualizer-master/software/src/ee109-lib/vga.o
 .data          0x0000ee44        0x0 obj/default//C/Users/pavmeh/Desktop/fpga-music-visualizer-master/software/src/ethernet_isr.o
 .data          0x0000ee44        0x0 obj/default//C/Users/pavmeh/Desktop/fpga-music-visualizer-master/software/src/main.o
 .data          0x0000ee44        0x0 obj/default//C/Users/pavmeh/Desktop/fpga-music-visualizer-master/software/src/pushbuttons_isr.o
 .data          0x0000ee44        0x0 obj/default//C/Users/pavmeh/Desktop/fpga-music-visualizer-master/software/src/switches_isr.o
 .data          0x0000ee44        0x0 obj/default//C/Users/pavmeh/Desktop/fpga-music-visualizer-master/software/src/system_globals.o
 .data          0x0000ee44        0x0 obj/default//C/Users/pavmeh/Desktop/fpga-music-visualizer-master/software/src/tlda/tlda.o
 .data          0x0000ee44        0x0 c:/altera/13.0sp1/nios2eds/bin/gnu/h-i686-mingw32/bin/../lib/gcc/nios2-elf/4.1.2/../../../../nios2-elf/lib\libm.a(lib_a-w_sqrt.o)
 .data          0x0000ee44        0x0 c:/altera/13.0sp1/nios2eds/bin/gnu/h-i686-mingw32/bin/../lib/gcc/nios2-elf/4.1.2/../../../../nios2-elf/lib\libm.a(lib_a-e_sqrt.o)
 .data          0x0000ee44        0x0 c:/altera/13.0sp1/nios2eds/bin/gnu/h-i686-mingw32/bin/../lib/gcc/nios2-elf/4.1.2/../../../../nios2-elf/lib\libm.a(lib_a-s_isnand.o)
 .data          0x0000ee44        0x0 c:/altera/13.0sp1/nios2eds/bin/gnu/h-i686-mingw32/bin/../lib/gcc/nios2-elf/4.1.2/../../../../nios2-elf/lib\libm.a(lib_a-s_lib_ver.o)
 .data          0x0000ee44        0x0 c:/altera/13.0sp1/nios2eds/bin/gnu/h-i686-mingw32/bin/../lib/gcc/nios2-elf/4.1.2/../../../../nios2-elf/lib\libm.a(lib_a-s_matherr.o)
 .data          0x0000ee44        0x0 c:/altera/13.0sp1/nios2eds/bin/gnu/h-i686-mingw32/bin/../lib/gcc/nios2-elf/4.1.2\libgcc.a(_addsub_df.o)
 .data          0x0000ee44        0x0 c:/altera/13.0sp1/nios2eds/bin/gnu/h-i686-mingw32/bin/../lib/gcc/nios2-elf/4.1.2\libgcc.a(_mul_df.o)
 .data          0x0000ee44        0x0 c:/altera/13.0sp1/nios2eds/bin/gnu/h-i686-mingw32/bin/../lib/gcc/nios2-elf/4.1.2\libgcc.a(_div_df.o)
 .data          0x0000ee44        0x0 c:/altera/13.0sp1/nios2eds/bin/gnu/h-i686-mingw32/bin/../lib/gcc/nios2-elf/4.1.2\libgcc.a(_gt_df.o)
 .data          0x0000ee44        0x0 c:/altera/13.0sp1/nios2eds/bin/gnu/h-i686-mingw32/bin/../lib/gcc/nios2-elf/4.1.2\libgcc.a(_ge_df.o)
 .data          0x0000ee44        0x0 c:/altera/13.0sp1/nios2eds/bin/gnu/h-i686-mingw32/bin/../lib/gcc/nios2-elf/4.1.2\libgcc.a(_lt_df.o)
 .data          0x0000ee44        0x0 c:/altera/13.0sp1/nios2eds/bin/gnu/h-i686-mingw32/bin/../lib/gcc/nios2-elf/4.1.2\libgcc.a(_si_to_df.o)
 .data          0x0000ee44        0x0 c:/altera/13.0sp1/nios2eds/bin/gnu/h-i686-mingw32/bin/../lib/gcc/nios2-elf/4.1.2\libgcc.a(_df_to_si.o)
 .data          0x0000ee44        0x0 c:/altera/13.0sp1/nios2eds/bin/gnu/h-i686-mingw32/bin/../lib/gcc/nios2-elf/4.1.2\libgcc.a(_thenan_df.o)
 .data          0x0000ee44        0x0 c:/altera/13.0sp1/nios2eds/bin/gnu/h-i686-mingw32/bin/../lib/gcc/nios2-elf/4.1.2\libgcc.a(_muldi3.o)
 .data          0x0000ee44        0x0 c:/altera/13.0sp1/nios2eds/bin/gnu/h-i686-mingw32/bin/../lib/gcc/nios2-elf/4.1.2\libgcc.a(_clzsi2.o)
 .data          0x0000ee44        0x0 c:/altera/13.0sp1/nios2eds/bin/gnu/h-i686-mingw32/bin/../lib/gcc/nios2-elf/4.1.2\libgcc.a(_pack_df.o)
 .data          0x0000ee44        0x0 c:/altera/13.0sp1/nios2eds/bin/gnu/h-i686-mingw32/bin/../lib/gcc/nios2-elf/4.1.2\libgcc.a(_unpack_df.o)
 .data          0x0000ee44        0x0 c:/altera/13.0sp1/nios2eds/bin/gnu/h-i686-mingw32/bin/../lib/gcc/nios2-elf/4.1.2\libgcc.a(_fpcmp_parts_df.o)
 .data          0x0000ee44        0x0 c:/altera/13.0sp1/nios2eds/bin/gnu/h-i686-mingw32/bin/../lib/gcc/nios2-elf/4.1.2\libgcc.a(_clz.o)
 .data          0x0000ee44        0x0 c:/altera/13.0sp1/nios2eds/bin/gnu/h-i686-mingw32/bin/../lib/gcc/nios2-elf/4.1.2/../../../../nios2-elf/lib\libc.a(lib_a-errno.o)
 .data          0x0000ee44      0x400 c:/altera/13.0sp1/nios2eds/bin/gnu/h-i686-mingw32/bin/../lib/gcc/nios2-elf/4.1.2/../../../../nios2-elf/lib\libc.a(lib_a-impure.o)
 .data          0x0000f244        0x0 c:/altera/13.0sp1/nios2eds/bin/gnu/h-i686-mingw32/bin/../lib/gcc/nios2-elf/4.1.2/../../../../nios2-elf/lib\libc.a(lib_a-malloc.o)
 .data          0x0000f244      0x408 c:/altera/13.0sp1/nios2eds/bin/gnu/h-i686-mingw32/bin/../lib/gcc/nios2-elf/4.1.2/../../../../nios2-elf/lib\libc.a(lib_a-mallocr.o)
                0x0000f244                __malloc_av_
 .data          0x0000f64c        0x0 c:/altera/13.0sp1/nios2eds/bin/gnu/h-i686-mingw32/bin/../lib/gcc/nios2-elf/4.1.2/../../../../nios2-elf/lib\libc.a(lib_a-memcpy.o)
 .data          0x0000f64c        0x0 c:/altera/13.0sp1/nios2eds/bin/gnu/h-i686-mingw32/bin/../lib/gcc/nios2-elf/4.1.2/../../../../nios2-elf/lib\libc.a(lib_a-printf.o)
 .data          0x0000f64c        0x0 c:/altera/13.0sp1/nios2eds/bin/gnu/h-i686-mingw32/bin/../lib/gcc/nios2-elf/4.1.2/../../../../nios2-elf/lib\libc.a(lib_a-puts.o)
 .data          0x0000f64c        0x0 c:/altera/13.0sp1/nios2eds/bin/gnu/h-i686-mingw32/bin/../lib/gcc/nios2-elf/4.1.2/../../../../nios2-elf/lib\libc.a(lib_a-sbrkr.o)
 .data          0x0000f64c        0x0 c:/altera/13.0sp1/nios2eds/bin/gnu/h-i686-mingw32/bin/../lib/gcc/nios2-elf/4.1.2/../../../../nios2-elf/lib\libc.a(lib_a-strlen.o)
 .data          0x0000f64c        0x0 c:/altera/13.0sp1/nios2eds/bin/gnu/h-i686-mingw32/bin/../lib/gcc/nios2-elf/4.1.2/../../../../nios2-elf/lib\libc.a(lib_a-vfprintf.o)
 .data          0x0000f64c        0x0 c:/altera/13.0sp1/nios2eds/bin/gnu/h-i686-mingw32/bin/../lib/gcc/nios2-elf/4.1.2/../../../../nios2-elf/lib\libc.a(lib_a-wsetup.o)
 .data          0x0000f64c        0x0 c:/altera/13.0sp1/nios2eds/bin/gnu/h-i686-mingw32/bin/../lib/gcc/nios2-elf/4.1.2/../../../../nios2-elf/lib\libc.a(lib_a-dtoa.o)
 .data          0x0000f64c        0x0 c:/altera/13.0sp1/nios2eds/bin/gnu/h-i686-mingw32/bin/../lib/gcc/nios2-elf/4.1.2/../../../../nios2-elf/lib\libc.a(lib_a-fflush.o)
 .data          0x0000f64c        0x0 c:/altera/13.0sp1/nios2eds/bin/gnu/h-i686-mingw32/bin/../lib/gcc/nios2-elf/4.1.2/../../../../nios2-elf/lib\libc.a(lib_a-findfp.o)
 .data          0x0000f64c        0x0 c:/altera/13.0sp1/nios2eds/bin/gnu/h-i686-mingw32/bin/../lib/gcc/nios2-elf/4.1.2/../../../../nios2-elf/lib\libc.a(lib_a-freer.o)
 .data          0x0000f64c        0x0 c:/altera/13.0sp1/nios2eds/bin/gnu/h-i686-mingw32/bin/../lib/gcc/nios2-elf/4.1.2/../../../../nios2-elf/lib\libc.a(lib_a-fvwrite.o)
 .data          0x0000f64c        0x0 c:/altera/13.0sp1/nios2eds/bin/gnu/h-i686-mingw32/bin/../lib/gcc/nios2-elf/4.1.2/../../../../nios2-elf/lib\libc.a(lib_a-fwalk.o)
 .data          0x0000f64c        0x0 c:/altera/13.0sp1/nios2eds/bin/gnu/h-i686-mingw32/bin/../lib/gcc/nios2-elf/4.1.2/../../../../nios2-elf/lib\libc.a(lib_a-int_errno.o)
 .data          0x0000f64c        0xc c:/altera/13.0sp1/nios2eds/bin/gnu/h-i686-mingw32/bin/../lib/gcc/nios2-elf/4.1.2/../../../../nios2-elf/lib\libc.a(lib_a-locale.o)
                0x0000f64c                __lc_ctype
 .data          0x0000f658        0x0 c:/altera/13.0sp1/nios2eds/bin/gnu/h-i686-mingw32/bin/../lib/gcc/nios2-elf/4.1.2/../../../../nios2-elf/lib\libc.a(lib_a-makebuf.o)
 .data          0x0000f658        0x0 c:/altera/13.0sp1/nios2eds/bin/gnu/h-i686-mingw32/bin/../lib/gcc/nios2-elf/4.1.2/../../../../nios2-elf/lib\libc.a(lib_a-memchr.o)
 .data          0x0000f658        0x0 c:/altera/13.0sp1/nios2eds/bin/gnu/h-i686-mingw32/bin/../lib/gcc/nios2-elf/4.1.2/../../../../nios2-elf/lib\libc.a(lib_a-memmove.o)
 .data          0x0000f658        0x0 c:/altera/13.0sp1/nios2eds/bin/gnu/h-i686-mingw32/bin/../lib/gcc/nios2-elf/4.1.2/../../../../nios2-elf/lib\libc.a(lib_a-memset.o)
 .data          0x0000f658        0x0 c:/altera/13.0sp1/nios2eds/bin/gnu/h-i686-mingw32/bin/../lib/gcc/nios2-elf/4.1.2/../../../../nios2-elf/lib\libc.a(lib_a-mprec.o)
 .data          0x0000f658        0x0 c:/altera/13.0sp1/nios2eds/bin/gnu/h-i686-mingw32/bin/../lib/gcc/nios2-elf/4.1.2/../../../../nios2-elf/lib\libc.a(lib_a-reallocr.o)
 .data          0x0000f658        0x0 c:/altera/13.0sp1/nios2eds/bin/gnu/h-i686-mingw32/bin/../lib/gcc/nios2-elf/4.1.2/../../../../nios2-elf/lib\libc.a(lib_a-s_isinfd.o)
 .data          0x0000f658        0x0 c:/altera/13.0sp1/nios2eds/bin/gnu/h-i686-mingw32/bin/../lib/gcc/nios2-elf/4.1.2/../../../../nios2-elf/lib\libc.a(lib_a-stdio.o)
 .data          0x0000f658        0x0 c:/altera/13.0sp1/nios2eds/bin/gnu/h-i686-mingw32/bin/../lib/gcc/nios2-elf/4.1.2/../../../../nios2-elf/lib\libc.a(lib_a-strcmp.o)
 .data          0x0000f658        0x0 c:/altera/13.0sp1/nios2eds/bin/gnu/h-i686-mingw32/bin/../lib/gcc/nios2-elf/4.1.2/../../../../nios2-elf/lib\libc.a(lib_a-writer.o)
 .data          0x0000f658        0x0 c:/altera/13.0sp1/nios2eds/bin/gnu/h-i686-mingw32/bin/../lib/gcc/nios2-elf/4.1.2/../../../../nios2-elf/lib\libc.a(lib_a-callocr.o)
 .data          0x0000f658        0x0 c:/altera/13.0sp1/nios2eds/bin/gnu/h-i686-mingw32/bin/../lib/gcc/nios2-elf/4.1.2/../../../../nios2-elf/lib\libc.a(lib_a-closer.o)
 .data          0x0000f658        0x0 c:/altera/13.0sp1/nios2eds/bin/gnu/h-i686-mingw32/bin/../lib/gcc/nios2-elf/4.1.2/../../../../nios2-elf/lib\libc.a(lib_a-fclose.o)
 .data          0x0000f658        0x0 c:/altera/13.0sp1/nios2eds/bin/gnu/h-i686-mingw32/bin/../lib/gcc/nios2-elf/4.1.2/../../../../nios2-elf/lib\libc.a(lib_a-fstatr.o)
 .data          0x0000f658        0x0 c:/altera/13.0sp1/nios2eds/bin/gnu/h-i686-mingw32/bin/../lib/gcc/nios2-elf/4.1.2/../../../../nios2-elf/lib\libc.a(lib_a-isattyr.o)
 .data          0x0000f658        0x0 c:/altera/13.0sp1/nios2eds/bin/gnu/h-i686-mingw32/bin/../lib/gcc/nios2-elf/4.1.2/../../../../nios2-elf/lib\libc.a(lib_a-lseekr.o)
 .data          0x0000f658        0x0 c:/altera/13.0sp1/nios2eds/bin/gnu/h-i686-mingw32/bin/../lib/gcc/nios2-elf/4.1.2/../../../../nios2-elf/lib\libc.a(lib_a-readr.o)
 .data          0x0000f658        0x0 c:/altera/13.0sp1/nios2eds/bin/gnu/h-i686-mingw32/bin/../lib/gcc/nios2-elf/4.1.2\libgcc.a(_udivdi3.o)
 .data          0x0000f658        0x0 c:/altera/13.0sp1/nios2eds/bin/gnu/h-i686-mingw32/bin/../lib/gcc/nios2-elf/4.1.2\libgcc.a(_umoddi3.o)
 .data          0x0000f658        0x0 c:/altera/13.0sp1/nios2eds/bin/gnu/h-i686-mingw32/bin/../lib/gcc/nios2-elf/4.1.2\libgcc.a(_eq_df.o)
 .data          0x0000f658        0x0 c:/altera/13.0sp1/nios2eds/bin/gnu/h-i686-mingw32/bin/../lib/gcc/nios2-elf/4.1.2\libgcc.a(_ne_df.o)
 .data          0x0000f658        0x0 c:/altera/13.0sp1/nios2eds/bin/gnu/h-i686-mingw32/bin/../lib/gcc/nios2-elf/4.1.2\libgcc.a(_usi_to_df.o)
 .data          0x0000f658        0x0 c:/altera/13.0sp1/nios2eds/bin/gnu/h-i686-mingw32/bin/../lib/gcc/nios2-elf/4.1.2\libgcc.a(lib2-divmod.o)
 .data          0x0000f658        0x0 BSP/\libhal_bsp.a(alt_close.o)
 .data          0x0000f658        0x0 BSP/\libhal_bsp.a(alt_dcache_flush.o)
 .data          0x0000f658      0x1a8 BSP/\libhal_bsp.a(alt_dev.o)
                0x0000f658                alt_dev_null
                0x0000f680                alt_fd_list
 .data          0x0000f800        0x0 BSP/\libhal_bsp.a(alt_errno.o)
 .data          0x0000f800        0x0 BSP/\libhal_bsp.a(alt_fstat.o)
 .data          0x0000f800        0x0 BSP/\libhal_bsp.a(alt_irq_register.o)
 .data          0x0000f800        0x0 BSP/\libhal_bsp.a(alt_irq_vars.o)
 .data          0x0000f800        0x0 BSP/\libhal_bsp.a(alt_isatty.o)
 .data          0x0000f800        0x0 BSP/\libhal_bsp.a(alt_load.o)
 .data          0x0000f800        0x0 BSP/\libhal_bsp.a(alt_lseek.o)
 .data          0x0000f800        0x0 BSP/\libhal_bsp.a(alt_main.o)
 .data          0x0000f800        0x0 BSP/\libhal_bsp.a(alt_malloc_lock.o)
 .data          0x0000f800        0x0 BSP/\libhal_bsp.a(alt_printf.o)
 .data          0x0000f800        0x0 BSP/\libhal_bsp.a(alt_putchar.o)
 .data          0x0000f800        0x0 BSP/\libhal_bsp.a(alt_read.o)
 .data          0x0000f800        0x0 BSP/\libhal_bsp.a(alt_release_fd.o)
 .data          0x0000f800        0x0 BSP/\libhal_bsp.a(alt_sbrk.o)
 .data          0x0000f800        0x0 BSP/\libhal_bsp.a(alt_write.o)
 .data          0x0000f800     0x1494 BSP/\libhal_bsp.a(alt_sys_init.o)
 .data          0x00010c94        0x0 BSP/\libhal_bsp.a(altera_avalon_jtag_uart_fd.o)
 .data          0x00010c94        0x0 BSP/\libhal_bsp.a(altera_avalon_jtag_uart_init.o)
 .data          0x00010c94        0x0 BSP/\libhal_bsp.a(altera_avalon_jtag_uart_ioctl.o)
 .data          0x00010c94        0x0 BSP/\libhal_bsp.a(altera_avalon_jtag_uart_read.o)
 .data          0x00010c94        0x0 BSP/\libhal_bsp.a(altera_avalon_jtag_uart_write.o)
 .data          0x00010c94        0x0 BSP/\libhal_bsp.a(altera_avalon_sgdma.o)
 .data          0x00010c94        0x0 BSP/\libhal_bsp.a(altera_avalon_timer_sc.o)
 .data          0x00010c94        0x0 BSP/\libhal_bsp.a(altera_up_avalon_character_lcd.o)
 .data          0x00010c94        0x0 BSP/\libhal_bsp.a(altera_up_avalon_irda.o)
 .data          0x00010c94        0x0 BSP/\libhal_bsp.a(altera_up_avalon_ps2.o)
 .data          0x00010c94        0x0 BSP/\libhal_bsp.a(altera_up_avalon_rs232.o)
 .data          0x00010c94        0x0 BSP/\libhal_bsp.a(altera_up_avalon_video_character_buffer_with_dma.o)
 .data          0x00010c94        0x0 BSP/\libhal_bsp.a(alt_alarm_start.o)
 .data          0x00010c94        0x0 BSP/\libhal_bsp.a(alt_dcache_flush_all.o)
 .data          0x00010c94        0x0 BSP/\libhal_bsp.a(alt_dev_llist_insert.o)
 .data          0x00010c94        0x0 BSP/\libhal_bsp.a(alt_find_dev.o)
 .data          0x00010c94        0x0 BSP/\libhal_bsp.a(alt_icache_flush_all.o)
 .data          0x00010c94        0x0 BSP/\libhal_bsp.a(alt_io_redirect.o)
 .data          0x00010c94        0x0 BSP/\libhal_bsp.a(alt_irq_entry.o)
 .data          0x00010c94        0x0 BSP/\libhal_bsp.a(alt_irq_handler.o)
 .data          0x00010c94        0x0 BSP/\libhal_bsp.a(alt_open.o)
 .data          0x00010c94        0x0 BSP/\libhal_bsp.a(alt_remap_uncached.o)
 .data          0x00010c94        0x0 BSP/\libhal_bsp.a(alt_tick.o)
 .data          0x00010c94        0x0 BSP/\libhal_bsp.a(altera_nios2_qsys_irq.o)
 .data          0x00010c94        0x0 BSP/\libhal_bsp.a(alt_exception_entry.o)
 .data          0x00010c94        0x0 BSP/\libhal_bsp.a(alt_find_file.o)
 .data          0x00010c94        0x0 BSP/\libhal_bsp.a(alt_get_fd.o)
 .data          0x00010c94        0x0 BSP/\libhal_bsp.a(alt_icache_flush.o)
 .data          0x00010c94        0x0 c:/altera/13.0sp1/nios2eds/bin/gnu/h-i686-mingw32/bin/../lib/gcc/nios2-elf/4.1.2/../../../../nios2-elf/lib\libc.a(lib_a-exit.o)
 .data          0x00010c94        0x0 c:/altera/13.0sp1/nios2eds/bin/gnu/h-i686-mingw32/bin/../lib/gcc/nios2-elf/4.1.2/../../../../nios2-elf/lib\libc.a(lib_a-memcmp.o)
 .data          0x00010c94        0x0 c:/altera/13.0sp1/nios2eds/bin/gnu/h-i686-mingw32/bin/../lib/gcc/nios2-elf/4.1.2/../../../../nios2-elf/lib\libc.a(lib_a-putc.o)
 .data          0x00010c94        0x0 c:/altera/13.0sp1/nios2eds/bin/gnu/h-i686-mingw32/bin/../lib/gcc/nios2-elf/4.1.2/../../../../nios2-elf/lib\libc.a(lib_a-wbuf.o)
 .data          0x00010c94        0x0 c:/altera/13.0sp1/nios2eds/bin/gnu/h-i686-mingw32/bin/../lib/gcc/nios2-elf/4.1.2/../../../../nios2-elf/lib\libc.a(lib_a-__call_atexit.o)
 .data          0x00010c94        0x0 BSP/\libhal_bsp.a(alt_exit.o)
                0x00018c94                _gp = ABSOLUTE ((. + 0x8000))
                0x00018c94                PROVIDE (gp, _gp)
 *(.rwdata .rwdata.*)
 *(.sdata .sdata.* .gnu.linkonce.s.*)
 .sdata         0x00010c94       0x10 obj/default//C/Users/pavmeh/Desktop/fpga-music-visualizer-master/software/src/ee109-lib/audio.o
 .sdata         0x00010ca4        0x8 obj/default//C/Users/pavmeh/Desktop/fpga-music-visualizer-master/software/src/ee109-lib/char_lcd.o
                0x00010ca4                instruction_ptr
                0x00010ca8                data_ptr
 .sdata         0x00010cac        0x4 obj/default//C/Users/pavmeh/Desktop/fpga-music-visualizer-master/software/src/ee109-lib/green_leds.o
 .sdata         0x00010cb0        0x8 obj/default//C/Users/pavmeh/Desktop/fpga-music-visualizer-master/software/src/ee109-lib/hex.o
 .sdata         0x00010cb8       0x10 obj/default//C/Users/pavmeh/Desktop/fpga-music-visualizer-master/software/src/ee109-lib/lcd.o
 .sdata         0x00010cc8        0xc obj/default//C/Users/pavmeh/Desktop/fpga-music-visualizer-master/software/src/ee109-lib/pushbuttons.o
 .sdata         0x00010cd4        0x4 obj/default//C/Users/pavmeh/Desktop/fpga-music-visualizer-master/software/src/ee109-lib/red_leds.o
 .sdata         0x00010cd8        0xc obj/default//C/Users/pavmeh/Desktop/fpga-music-visualizer-master/software/src/ee109-lib/switches.o
 .sdata         0x00010ce4       0x10 obj/default//C/Users/pavmeh/Desktop/fpga-music-visualizer-master/software/src/ee109-lib/vga.o
 .sdata         0x00010cf4        0xd obj/default//C/Users/pavmeh/Desktop/fpga-music-visualizer-master/software/src/main.o
                0x00010cf4                use_hardware_rendering
                0x00010cf5                srcAddr
                0x00010cfb                destAddr
 *fill*         0x00010d01        0x3 00
 .sdata         0x00010d04       0x20 obj/default//C/Users/pavmeh/Desktop/fpga-music-visualizer-master/software/src/tlda/tlda.o
 .sdata         0x00010d24        0x4 c:/altera/13.0sp1/nios2eds/bin/gnu/h-i686-mingw32/bin/../lib/gcc/nios2-elf/4.1.2/../../../../nios2-elf/lib\libm.a(lib_a-s_lib_ver.o)
                0x00010d24                __fdlib_version
 .sdata         0x00010d28        0x8 c:/altera/13.0sp1/nios2eds/bin/gnu/h-i686-mingw32/bin/../lib/gcc/nios2-elf/4.1.2/../../../../nios2-elf/lib\libc.a(lib_a-impure.o)
                0x00010d28                _impure_ptr
                0x00010d2c                _global_impure_ptr
 .sdata         0x00010d30        0x8 c:/altera/13.0sp1/nios2eds/bin/gnu/h-i686-mingw32/bin/../lib/gcc/nios2-elf/4.1.2/../../../../nios2-elf/lib\libc.a(lib_a-mallocr.o)
                0x00010d30                __malloc_trim_threshold
                0x00010d34                __malloc_sbrk_base
 .sdata         0x00010d38        0x8 c:/altera/13.0sp1/nios2eds/bin/gnu/h-i686-mingw32/bin/../lib/gcc/nios2-elf/4.1.2/../../../../nios2-elf/lib\libc.a(lib_a-locale.o)
                0x00010d38                __mb_cur_max
 .sdata         0x00010d40       0x14 BSP/\libhal_bsp.a(alt_dev.o)
                0x00010d40                alt_fs_list
                0x00010d48                alt_dev_list
                0x00010d50                alt_max_fd
 .sdata         0x00010d54        0x4 BSP/\libhal_bsp.a(alt_errno.o)
                0x00010d54                alt_errno
 .sdata         0x00010d58        0x4 BSP/\libhal_bsp.a(alt_irq_vars.o)
                0x00010d58                alt_priority_mask
 .sdata         0x00010d5c        0x4 BSP/\libhal_bsp.a(alt_sbrk.o)
 .sdata         0x00010d60        0x8 BSP/\libhal_bsp.a(altera_avalon_sgdma.o)
                0x00010d60                alt_sgdma_list
 .sdata         0x00010d68        0x8 BSP/\libhal_bsp.a(alt_tick.o)
                0x00010d68                alt_alarm_list
 *(.sdata2 .sdata2.* .gnu.linkonce.s2.*)
                0x00010d70                . = ALIGN (0x4)
                0x00010d70                _edata = ABSOLUTE (.)
                0x00010d70                PROVIDE (edata, ABSOLUTE (.))
                0x00010d70                PROVIDE (__ram_rwdata_end, ABSOLUTE (.))
                0x00010d70                PROVIDE (__flash_rwdata_start, LOADADDR (.rwdata))

.bss            0x00012c9c    0x7078c
                0x00012c9c                __bss_start = ABSOLUTE (.)
                0x00012c9c                PROVIDE (__sbss_start, ABSOLUTE (.))
                0x00012c9c                PROVIDE (___sbss_start, ABSOLUTE (.))
 *(.dynsbss)
 *(.sbss .sbss.* .gnu.linkonce.sb.*)
 .sbss          0x00012c9c        0x4 obj/default//C/Users/pavmeh/Desktop/fpga-music-visualizer-master/software/src/audio_isr.o
 .sbss          0x00012ca0        0x4 obj/default//C/Users/pavmeh/Desktop/fpga-music-visualizer-master/software/src/ee109-lib/audio.o
 .sbss          0x00012ca4       0x14 obj/default//C/Users/pavmeh/Desktop/fpga-music-visualizer-master/software/src/ee109-lib/ethernet.o
 .sbss          0x00012cb8        0x8 obj/default//C/Users/pavmeh/Desktop/fpga-music-visualizer-master/software/src/main.o
                0x00012cb8                audio_ready
                0x00012cbc                current_power_history_index
 .sbss          0x00012cc0        0xc obj/default//C/Users/pavmeh/Desktop/fpga-music-visualizer-master/software/src/main.o
                0x00012cc0                fft_cfg
                0x00012cc4                tx_frame
                0x00012cc8                rx_frame
 .sbss          0x00012ccc       0x10 obj/default//C/Users/pavmeh/Desktop/fpga-music-visualizer-master/software/src/system_globals.o
                0x00012ccc                samples_for_fft_requested
                0x00012cd0                numRead
                0x00012cd4                curState
                0x00012cd8                working
 .sbss          0x00012cdc        0xc c:/altera/13.0sp1/nios2eds/bin/gnu/h-i686-mingw32/bin/../lib/gcc/nios2-elf/4.1.2/../../../../nios2-elf/lib\libc.a(lib_a-mallocr.o)
                0x00012cdc                __malloc_top_pad
                0x00012ce0                __malloc_max_sbrked_mem
                0x00012ce4                __malloc_max_total_mem
 .sbss          0x00012ce8        0x4 c:/altera/13.0sp1/nios2eds/bin/gnu/h-i686-mingw32/bin/../lib/gcc/nios2-elf/4.1.2/../../../../nios2-elf/lib\libc.a(lib_a-int_errno.o)
                0x00012ce8                errno
 .sbss          0x00012cec        0xc c:/altera/13.0sp1/nios2eds/bin/gnu/h-i686-mingw32/bin/../lib/gcc/nios2-elf/4.1.2/../../../../nios2-elf/lib\libc.a(lib_a-locale.o)
                0x00012cec                __nlocale_changed
                0x00012cf0                __mlocale_changed
                0x00012cf4                _PathLocale
 .sbss          0x00012cf8        0x4 BSP/\libhal_bsp.a(alt_irq_vars.o)
                0x00012cf8                alt_irq_active
 .sbss          0x00012cfc        0xc BSP/\libhal_bsp.a(alt_main.o)
                0x00012cfc                alt_argc
                0x00012d00                alt_argv
                0x00012d04                alt_envp
 .sbss          0x00012d08        0x8 BSP/\libhal_bsp.a(alt_tick.o)
                0x00012d08                _alt_tick_rate
                0x00012d0c                _alt_nticks
 *(.sbss2 .sbss2.* .gnu.linkonce.sb2.*)
 *(.scommon)
                0x00012d10                PROVIDE (__sbss_end, ABSOLUTE (.))
                0x00012d10                PROVIDE (___sbss_end, ABSOLUTE (.))
 *(.dynbss)
 *(.bss .bss.* .gnu.linkonce.b.*)
 .bss           0x00012d10        0x0 BSP//obj/HAL/src/crt0.o
 .bss           0x00012d10      0x400 obj/default//C/Users/pavmeh/Desktop/fpga-music-visualizer-master/software/src/audio_isr.o
 .bss           0x00013110        0x0 obj/default//C/Users/pavmeh/Desktop/fpga-music-visualizer-master/software/src/belfft/kiss_fft.o
 .bss           0x00013110        0x0 obj/default//C/Users/pavmeh/Desktop/fpga-music-visualizer-master/software/src/ee109-lib/audio.o
 .bss           0x00013110        0x0 obj/default//C/Users/pavmeh/Desktop/fpga-music-visualizer-master/software/src/ee109-lib/char_lcd.o
 .bss           0x00013110        0x0 obj/default//C/Users/pavmeh/Desktop/fpga-music-visualizer-master/software/src/ee109-lib/ethernet.o
 .bss           0x00013110        0x0 obj/default//C/Users/pavmeh/Desktop/fpga-music-visualizer-master/software/src/ee109-lib/green_leds.o
 .bss           0x00013110        0x0 obj/default//C/Users/pavmeh/Desktop/fpga-music-visualizer-master/software/src/ee109-lib/hex.o
 .bss           0x00013110        0x0 obj/default//C/Users/pavmeh/Desktop/fpga-music-visualizer-master/software/src/ee109-lib/lcd.o
 .bss           0x00013110        0x0 obj/default//C/Users/pavmeh/Desktop/fpga-music-visualizer-master/software/src/ee109-lib/pushbuttons.o
 .bss           0x00013110        0x0 obj/default//C/Users/pavmeh/Desktop/fpga-music-visualizer-master/software/src/ee109-lib/red_leds.o
 .bss           0x00013110        0x0 obj/default//C/Users/pavmeh/Desktop/fpga-music-visualizer-master/software/src/ee109-lib/switches.o
 .bss           0x00013110        0x0 obj/default//C/Users/pavmeh/Desktop/fpga-music-visualizer-master/software/src/ee109-lib/vga.o
 .bss           0x00013110        0x0 obj/default//C/Users/pavmeh/Desktop/fpga-music-visualizer-master/software/src/ethernet_isr.o
 .bss           0x00013110    0x60000 obj/default//C/Users/pavmeh/Desktop/fpga-music-visualizer-master/software/src/main.o
 .bss           0x00073110        0x0 obj/default//C/Users/pavmeh/Desktop/fpga-music-visualizer-master/software/src/pushbuttons_isr.o
 .bss           0x00073110        0x0 obj/default//C/Users/pavmeh/Desktop/fpga-music-visualizer-master/software/src/switches_isr.o
 .bss           0x00073110        0x0 obj/default//C/Users/pavmeh/Desktop/fpga-music-visualizer-master/software/src/system_globals.o
 .bss           0x00073110        0x0 obj/default//C/Users/pavmeh/Desktop/fpga-music-visualizer-master/software/src/tlda/tlda.o
 .bss           0x00073110        0x0 c:/altera/13.0sp1/nios2eds/bin/gnu/h-i686-mingw32/bin/../lib/gcc/nios2-elf/4.1.2/../../../../nios2-elf/lib\libm.a(lib_a-w_sqrt.o)
 .bss           0x00073110        0x0 c:/altera/13.0sp1/nios2eds/bin/gnu/h-i686-mingw32/bin/../lib/gcc/nios2-elf/4.1.2/../../../../nios2-elf/lib\libm.a(lib_a-e_sqrt.o)
 .bss           0x00073110        0x0 c:/altera/13.0sp1/nios2eds/bin/gnu/h-i686-mingw32/bin/../lib/gcc/nios2-elf/4.1.2/../../../../nios2-elf/lib\libm.a(lib_a-s_isnand.o)
 .bss           0x00073110        0x0 c:/altera/13.0sp1/nios2eds/bin/gnu/h-i686-mingw32/bin/../lib/gcc/nios2-elf/4.1.2/../../../../nios2-elf/lib\libm.a(lib_a-s_lib_ver.o)
 .bss           0x00073110        0x0 c:/altera/13.0sp1/nios2eds/bin/gnu/h-i686-mingw32/bin/../lib/gcc/nios2-elf/4.1.2/../../../../nios2-elf/lib\libm.a(lib_a-s_matherr.o)
 .bss           0x00073110        0x0 c:/altera/13.0sp1/nios2eds/bin/gnu/h-i686-mingw32/bin/../lib/gcc/nios2-elf/4.1.2\libgcc.a(_addsub_df.o)
 .bss           0x00073110        0x0 c:/altera/13.0sp1/nios2eds/bin/gnu/h-i686-mingw32/bin/../lib/gcc/nios2-elf/4.1.2\libgcc.a(_mul_df.o)
 .bss           0x00073110        0x0 c:/altera/13.0sp1/nios2eds/bin/gnu/h-i686-mingw32/bin/../lib/gcc/nios2-elf/4.1.2\libgcc.a(_div_df.o)
 .bss           0x00073110        0x0 c:/altera/13.0sp1/nios2eds/bin/gnu/h-i686-mingw32/bin/../lib/gcc/nios2-elf/4.1.2\libgcc.a(_gt_df.o)
 .bss           0x00073110        0x0 c:/altera/13.0sp1/nios2eds/bin/gnu/h-i686-mingw32/bin/../lib/gcc/nios2-elf/4.1.2\libgcc.a(_ge_df.o)
 .bss           0x00073110        0x0 c:/altera/13.0sp1/nios2eds/bin/gnu/h-i686-mingw32/bin/../lib/gcc/nios2-elf/4.1.2\libgcc.a(_lt_df.o)
 .bss           0x00073110        0x0 c:/altera/13.0sp1/nios2eds/bin/gnu/h-i686-mingw32/bin/../lib/gcc/nios2-elf/4.1.2\libgcc.a(_si_to_df.o)
 .bss           0x00073110        0x0 c:/altera/13.0sp1/nios2eds/bin/gnu/h-i686-mingw32/bin/../lib/gcc/nios2-elf/4.1.2\libgcc.a(_df_to_si.o)
 .bss           0x00073110        0x0 c:/altera/13.0sp1/nios2eds/bin/gnu/h-i686-mingw32/bin/../lib/gcc/nios2-elf/4.1.2\libgcc.a(_thenan_df.o)
 .bss           0x00073110        0x0 c:/altera/13.0sp1/nios2eds/bin/gnu/h-i686-mingw32/bin/../lib/gcc/nios2-elf/4.1.2\libgcc.a(_muldi3.o)
 .bss           0x00073110        0x0 c:/altera/13.0sp1/nios2eds/bin/gnu/h-i686-mingw32/bin/../lib/gcc/nios2-elf/4.1.2\libgcc.a(_clzsi2.o)
 .bss           0x00073110        0x0 c:/altera/13.0sp1/nios2eds/bin/gnu/h-i686-mingw32/bin/../lib/gcc/nios2-elf/4.1.2\libgcc.a(_pack_df.o)
 .bss           0x00073110        0x0 c:/altera/13.0sp1/nios2eds/bin/gnu/h-i686-mingw32/bin/../lib/gcc/nios2-elf/4.1.2\libgcc.a(_unpack_df.o)
 .bss           0x00073110        0x0 c:/altera/13.0sp1/nios2eds/bin/gnu/h-i686-mingw32/bin/../lib/gcc/nios2-elf/4.1.2\libgcc.a(_fpcmp_parts_df.o)
 .bss           0x00073110        0x0 c:/altera/13.0sp1/nios2eds/bin/gnu/h-i686-mingw32/bin/../lib/gcc/nios2-elf/4.1.2\libgcc.a(_clz.o)
 .bss           0x00073110        0x0 c:/altera/13.0sp1/nios2eds/bin/gnu/h-i686-mingw32/bin/../lib/gcc/nios2-elf/4.1.2/../../../../nios2-elf/lib\libc.a(lib_a-errno.o)
 .bss           0x00073110        0x0 c:/altera/13.0sp1/nios2eds/bin/gnu/h-i686-mingw32/bin/../lib/gcc/nios2-elf/4.1.2/../../../../nios2-elf/lib\libc.a(lib_a-impure.o)
 .bss           0x00073110        0x0 c:/altera/13.0sp1/nios2eds/bin/gnu/h-i686-mingw32/bin/../lib/gcc/nios2-elf/4.1.2/../../../../nios2-elf/lib\libc.a(lib_a-malloc.o)
 .bss           0x00073110       0x28 c:/altera/13.0sp1/nios2eds/bin/gnu/h-i686-mingw32/bin/../lib/gcc/nios2-elf/4.1.2/../../../../nios2-elf/lib\libc.a(lib_a-mallocr.o)
                0x00073110                __malloc_current_mallinfo
 .bss           0x00073138        0x0 c:/altera/13.0sp1/nios2eds/bin/gnu/h-i686-mingw32/bin/../lib/gcc/nios2-elf/4.1.2/../../../../nios2-elf/lib\libc.a(lib_a-memcpy.o)
 .bss           0x00073138        0x0 c:/altera/13.0sp1/nios2eds/bin/gnu/h-i686-mingw32/bin/../lib/gcc/nios2-elf/4.1.2/../../../../nios2-elf/lib\libc.a(lib_a-printf.o)
 .bss           0x00073138        0x0 c:/altera/13.0sp1/nios2eds/bin/gnu/h-i686-mingw32/bin/../lib/gcc/nios2-elf/4.1.2/../../../../nios2-elf/lib\libc.a(lib_a-puts.o)
 .bss           0x00073138        0x0 c:/altera/13.0sp1/nios2eds/bin/gnu/h-i686-mingw32/bin/../lib/gcc/nios2-elf/4.1.2/../../../../nios2-elf/lib\libc.a(lib_a-sbrkr.o)
 .bss           0x00073138        0x0 c:/altera/13.0sp1/nios2eds/bin/gnu/h-i686-mingw32/bin/../lib/gcc/nios2-elf/4.1.2/../../../../nios2-elf/lib\libc.a(lib_a-strlen.o)
 .bss           0x00073138        0x0 c:/altera/13.0sp1/nios2eds/bin/gnu/h-i686-mingw32/bin/../lib/gcc/nios2-elf/4.1.2/../../../../nios2-elf/lib\libc.a(lib_a-vfprintf.o)
 .bss           0x00073138        0x0 c:/altera/13.0sp1/nios2eds/bin/gnu/h-i686-mingw32/bin/../lib/gcc/nios2-elf/4.1.2/../../../../nios2-elf/lib\libc.a(lib_a-wsetup.o)
 .bss           0x00073138        0x0 c:/altera/13.0sp1/nios2eds/bin/gnu/h-i686-mingw32/bin/../lib/gcc/nios2-elf/4.1.2/../../../../nios2-elf/lib\libc.a(lib_a-dtoa.o)
 .bss           0x00073138        0x0 c:/altera/13.0sp1/nios2eds/bin/gnu/h-i686-mingw32/bin/../lib/gcc/nios2-elf/4.1.2/../../../../nios2-elf/lib\libc.a(lib_a-fflush.o)
 .bss           0x00073138        0x0 c:/altera/13.0sp1/nios2eds/bin/gnu/h-i686-mingw32/bin/../lib/gcc/nios2-elf/4.1.2/../../../../nios2-elf/lib\libc.a(lib_a-findfp.o)
 .bss           0x00073138        0x0 c:/altera/13.0sp1/nios2eds/bin/gnu/h-i686-mingw32/bin/../lib/gcc/nios2-elf/4.1.2/../../../../nios2-elf/lib\libc.a(lib_a-freer.o)
 .bss           0x00073138        0x0 c:/altera/13.0sp1/nios2eds/bin/gnu/h-i686-mingw32/bin/../lib/gcc/nios2-elf/4.1.2/../../../../nios2-elf/lib\libc.a(lib_a-fvwrite.o)
 .bss           0x00073138        0x0 c:/altera/13.0sp1/nios2eds/bin/gnu/h-i686-mingw32/bin/../lib/gcc/nios2-elf/4.1.2/../../../../nios2-elf/lib\libc.a(lib_a-fwalk.o)
 .bss           0x00073138        0x0 c:/altera/13.0sp1/nios2eds/bin/gnu/h-i686-mingw32/bin/../lib/gcc/nios2-elf/4.1.2/../../../../nios2-elf/lib\libc.a(lib_a-int_errno.o)
 .bss           0x00073138        0x0 c:/altera/13.0sp1/nios2eds/bin/gnu/h-i686-mingw32/bin/../lib/gcc/nios2-elf/4.1.2/../../../../nios2-elf/lib\libc.a(lib_a-locale.o)
 .bss           0x00073138        0x0 c:/altera/13.0sp1/nios2eds/bin/gnu/h-i686-mingw32/bin/../lib/gcc/nios2-elf/4.1.2/../../../../nios2-elf/lib\libc.a(lib_a-makebuf.o)
 .bss           0x00073138        0x0 c:/altera/13.0sp1/nios2eds/bin/gnu/h-i686-mingw32/bin/../lib/gcc/nios2-elf/4.1.2/../../../../nios2-elf/lib\libc.a(lib_a-memchr.o)
 .bss           0x00073138        0x0 c:/altera/13.0sp1/nios2eds/bin/gnu/h-i686-mingw32/bin/../lib/gcc/nios2-elf/4.1.2/../../../../nios2-elf/lib\libc.a(lib_a-memmove.o)
 .bss           0x00073138        0x0 c:/altera/13.0sp1/nios2eds/bin/gnu/h-i686-mingw32/bin/../lib/gcc/nios2-elf/4.1.2/../../../../nios2-elf/lib\libc.a(lib_a-memset.o)
 .bss           0x00073138        0x0 c:/altera/13.0sp1/nios2eds/bin/gnu/h-i686-mingw32/bin/../lib/gcc/nios2-elf/4.1.2/../../../../nios2-elf/lib\libc.a(lib_a-mprec.o)
 .bss           0x00073138        0x0 c:/altera/13.0sp1/nios2eds/bin/gnu/h-i686-mingw32/bin/../lib/gcc/nios2-elf/4.1.2/../../../../nios2-elf/lib\libc.a(lib_a-reallocr.o)
 .bss           0x00073138        0x0 c:/altera/13.0sp1/nios2eds/bin/gnu/h-i686-mingw32/bin/../lib/gcc/nios2-elf/4.1.2/../../../../nios2-elf/lib\libc.a(lib_a-s_isinfd.o)
 .bss           0x00073138        0x0 c:/altera/13.0sp1/nios2eds/bin/gnu/h-i686-mingw32/bin/../lib/gcc/nios2-elf/4.1.2/../../../../nios2-elf/lib\libc.a(lib_a-stdio.o)
 .bss           0x00073138        0x0 c:/altera/13.0sp1/nios2eds/bin/gnu/h-i686-mingw32/bin/../lib/gcc/nios2-elf/4.1.2/../../../../nios2-elf/lib\libc.a(lib_a-strcmp.o)
 .bss           0x00073138        0x0 c:/altera/13.0sp1/nios2eds/bin/gnu/h-i686-mingw32/bin/../lib/gcc/nios2-elf/4.1.2/../../../../nios2-elf/lib\libc.a(lib_a-writer.o)
 .bss           0x00073138        0x0 c:/altera/13.0sp1/nios2eds/bin/gnu/h-i686-mingw32/bin/../lib/gcc/nios2-elf/4.1.2/../../../../nios2-elf/lib\libc.a(lib_a-callocr.o)
 .bss           0x00073138        0x0 c:/altera/13.0sp1/nios2eds/bin/gnu/h-i686-mingw32/bin/../lib/gcc/nios2-elf/4.1.2/../../../../nios2-elf/lib\libc.a(lib_a-closer.o)
 .bss           0x00073138        0x0 c:/altera/13.0sp1/nios2eds/bin/gnu/h-i686-mingw32/bin/../lib/gcc/nios2-elf/4.1.2/../../../../nios2-elf/lib\libc.a(lib_a-fclose.o)
 .bss           0x00073138        0x0 c:/altera/13.0sp1/nios2eds/bin/gnu/h-i686-mingw32/bin/../lib/gcc/nios2-elf/4.1.2/../../../../nios2-elf/lib\libc.a(lib_a-fstatr.o)
 .bss           0x00073138        0x0 c:/altera/13.0sp1/nios2eds/bin/gnu/h-i686-mingw32/bin/../lib/gcc/nios2-elf/4.1.2/../../../../nios2-elf/lib\libc.a(lib_a-isattyr.o)
 .bss           0x00073138        0x0 c:/altera/13.0sp1/nios2eds/bin/gnu/h-i686-mingw32/bin/../lib/gcc/nios2-elf/4.1.2/../../../../nios2-elf/lib\libc.a(lib_a-lseekr.o)
 .bss           0x00073138        0x0 c:/altera/13.0sp1/nios2eds/bin/gnu/h-i686-mingw32/bin/../lib/gcc/nios2-elf/4.1.2/../../../../nios2-elf/lib\libc.a(lib_a-readr.o)
 .bss           0x00073138        0x0 c:/altera/13.0sp1/nios2eds/bin/gnu/h-i686-mingw32/bin/../lib/gcc/nios2-elf/4.1.2\libgcc.a(_udivdi3.o)
 .bss           0x00073138        0x0 c:/altera/13.0sp1/nios2eds/bin/gnu/h-i686-mingw32/bin/../lib/gcc/nios2-elf/4.1.2\libgcc.a(_umoddi3.o)
 .bss           0x00073138        0x0 c:/altera/13.0sp1/nios2eds/bin/gnu/h-i686-mingw32/bin/../lib/gcc/nios2-elf/4.1.2\libgcc.a(_eq_df.o)
 .bss           0x00073138        0x0 c:/altera/13.0sp1/nios2eds/bin/gnu/h-i686-mingw32/bin/../lib/gcc/nios2-elf/4.1.2\libgcc.a(_ne_df.o)
 .bss           0x00073138        0x0 c:/altera/13.0sp1/nios2eds/bin/gnu/h-i686-mingw32/bin/../lib/gcc/nios2-elf/4.1.2\libgcc.a(_usi_to_df.o)
 .bss           0x00073138        0x0 c:/altera/13.0sp1/nios2eds/bin/gnu/h-i686-mingw32/bin/../lib/gcc/nios2-elf/4.1.2\libgcc.a(lib2-divmod.o)
 .bss           0x00073138        0x0 BSP/\libhal_bsp.a(alt_close.o)
 .bss           0x00073138        0x0 BSP/\libhal_bsp.a(alt_dcache_flush.o)
 .bss           0x00073138        0x0 BSP/\libhal_bsp.a(alt_dev.o)
 .bss           0x00073138        0x0 BSP/\libhal_bsp.a(alt_errno.o)
 .bss           0x00073138        0x0 BSP/\libhal_bsp.a(alt_fstat.o)
 .bss           0x00073138        0x0 BSP/\libhal_bsp.a(alt_irq_register.o)
 .bss           0x00073138        0x0 BSP/\libhal_bsp.a(alt_irq_vars.o)
 .bss           0x00073138        0x0 BSP/\libhal_bsp.a(alt_isatty.o)
 .bss           0x00073138        0x0 BSP/\libhal_bsp.a(alt_load.o)
 .bss           0x00073138        0x0 BSP/\libhal_bsp.a(alt_lseek.o)
 .bss           0x00073138        0x0 BSP/\libhal_bsp.a(alt_main.o)
 .bss           0x00073138        0x0 BSP/\libhal_bsp.a(alt_malloc_lock.o)
 .bss           0x00073138        0x0 BSP/\libhal_bsp.a(alt_printf.o)
 .bss           0x00073138        0x0 BSP/\libhal_bsp.a(alt_putchar.o)
 .bss           0x00073138        0x0 BSP/\libhal_bsp.a(alt_read.o)
 .bss           0x00073138        0x0 BSP/\libhal_bsp.a(alt_release_fd.o)
 .bss           0x00073138        0x0 BSP/\libhal_bsp.a(alt_sbrk.o)
 .bss           0x00073138        0x0 BSP/\libhal_bsp.a(alt_write.o)
 .bss           0x00073138        0x0 BSP/\libhal_bsp.a(alt_sys_init.o)
 .bss           0x00073138        0x0 BSP/\libhal_bsp.a(altera_avalon_jtag_uart_fd.o)
 .bss           0x00073138        0x0 BSP/\libhal_bsp.a(altera_avalon_jtag_uart_init.o)
 .bss           0x00073138        0x0 BSP/\libhal_bsp.a(altera_avalon_jtag_uart_ioctl.o)
 .bss           0x00073138        0x0 BSP/\libhal_bsp.a(altera_avalon_jtag_uart_read.o)
 .bss           0x00073138        0x0 BSP/\libhal_bsp.a(altera_avalon_jtag_uart_write.o)
 .bss           0x00073138        0x0 BSP/\libhal_bsp.a(altera_avalon_sgdma.o)
 .bss           0x00073138        0x0 BSP/\libhal_bsp.a(altera_avalon_timer_sc.o)
 .bss           0x00073138        0x0 BSP/\libhal_bsp.a(altera_up_avalon_character_lcd.o)
 .bss           0x00073138        0x0 BSP/\libhal_bsp.a(altera_up_avalon_irda.o)
 .bss           0x00073138        0x0 BSP/\libhal_bsp.a(altera_up_avalon_ps2.o)
 .bss           0x00073138        0x0 BSP/\libhal_bsp.a(altera_up_avalon_rs232.o)
 .bss           0x00073138        0x0 BSP/\libhal_bsp.a(altera_up_avalon_video_character_buffer_with_dma.o)
 .bss           0x00073138        0x0 BSP/\libhal_bsp.a(alt_alarm_start.o)
 .bss           0x00073138        0x0 BSP/\libhal_bsp.a(alt_dcache_flush_all.o)
 .bss           0x00073138        0x0 BSP/\libhal_bsp.a(alt_dev_llist_insert.o)
 .bss           0x00073138        0x0 BSP/\libhal_bsp.a(alt_find_dev.o)
 .bss           0x00073138        0x0 BSP/\libhal_bsp.a(alt_icache_flush_all.o)
 .bss           0x00073138        0x0 BSP/\libhal_bsp.a(alt_io_redirect.o)
 .bss           0x00073138        0x0 BSP/\libhal_bsp.a(alt_irq_entry.o)
 .bss           0x00073138        0x0 BSP/\libhal_bsp.a(alt_irq_handler.o)
 .bss           0x00073138        0x0 BSP/\libhal_bsp.a(alt_open.o)
 .bss           0x00073138        0x0 BSP/\libhal_bsp.a(alt_remap_uncached.o)
 .bss           0x00073138        0x0 BSP/\libhal_bsp.a(alt_tick.o)
 .bss           0x00073138        0x0 BSP/\libhal_bsp.a(altera_nios2_qsys_irq.o)
 .bss           0x00073138        0x0 BSP/\libhal_bsp.a(alt_exception_entry.o)
 .bss           0x00073138        0x0 BSP/\libhal_bsp.a(alt_find_file.o)
 .bss           0x00073138        0x0 BSP/\libhal_bsp.a(alt_get_fd.o)
 .bss           0x00073138        0x0 BSP/\libhal_bsp.a(alt_icache_flush.o)
 .bss           0x00073138        0x0 c:/altera/13.0sp1/nios2eds/bin/gnu/h-i686-mingw32/bin/../lib/gcc/nios2-elf/4.1.2/../../../../nios2-elf/lib\libc.a(lib_a-exit.o)
 .bss           0x00073138        0x0 c:/altera/13.0sp1/nios2eds/bin/gnu/h-i686-mingw32/bin/../lib/gcc/nios2-elf/4.1.2/../../../../nios2-elf/lib\libc.a(lib_a-memcmp.o)
 .bss           0x00073138        0x0 c:/altera/13.0sp1/nios2eds/bin/gnu/h-i686-mingw32/bin/../lib/gcc/nios2-elf/4.1.2/../../../../nios2-elf/lib\libc.a(lib_a-putc.o)
 .bss           0x00073138        0x0 c:/altera/13.0sp1/nios2eds/bin/gnu/h-i686-mingw32/bin/../lib/gcc/nios2-elf/4.1.2/../../../../nios2-elf/lib\libc.a(lib_a-wbuf.o)
 .bss           0x00073138        0x0 c:/altera/13.0sp1/nios2eds/bin/gnu/h-i686-mingw32/bin/../lib/gcc/nios2-elf/4.1.2/../../../../nios2-elf/lib\libc.a(lib_a-__call_atexit.o)
 .bss           0x00073138        0x0 BSP/\libhal_bsp.a(alt_exit.o)
 *(COMMON)
 COMMON         0x00073138      0x1f0 obj/default//C/Users/pavmeh/Desktop/fpga-music-visualizer-master/software/src/main.o
                0x00073138                power_history
                0x00073230                average_power_spectrum
 COMMON         0x00073328    0x10000 obj/default//C/Users/pavmeh/Desktop/fpga-music-visualizer-master/software/src/system_globals.o
                0x00073328                samples_for_fft
 COMMON         0x00083328      0x100 BSP/\libhal_bsp.a(alt_irq_handler.o)
                0x00083328                alt_irq
                0x00083428                . = ALIGN (0x4)
                0x00083428                __bss_end = ABSOLUTE (.)

.SDRAM          0x00083428        0x0
                0x00083428                PROVIDE (_alt_partition_SDRAM_start, ABSOLUTE (.))
 *(.SDRAM. SDRAM.*)
                0x00083428                . = ALIGN (0x4)
                0x00083428                PROVIDE (_alt_partition_SDRAM_end, ABSOLUTE (.))
                0x00083428                _end = ABSOLUTE (.)
                0x00083428                end = ABSOLUTE (.)
                0x00083428                __alt_stack_base = ABSOLUTE (.)
                0x00083428                PROVIDE (_alt_partition_SDRAM_load_addr, LOADADDR (.SDRAM))

.descriptor_memory
                0x08200000       0x80 load address 0x00083428
                0x08200000                PROVIDE (_alt_partition_descriptor_memory_start, ABSOLUTE (.))
 *(.descriptor_memory. descriptor_memory.*)
                0x08200000                . = ALIGN (0x4)
                0x08200000                PROVIDE (_alt_partition_descriptor_memory_end, ABSOLUTE (.))
 .descriptor_memory
                0x08200000       0x80 obj/default//C/Users/pavmeh/Desktop/fpga-music-visualizer-master/software/src/ee109-lib/ethernet.o
                0x00083428                PROVIDE (_alt_partition_descriptor_memory_load_addr, LOADADDR (.descriptor_memory))

.packet_memory  0x08201000     0x1000 load address 0x000834a8
                0x08201000                PROVIDE (_alt_partition_packet_memory_start, ABSOLUTE (.))
 *(.packet_memory. packet_memory.*)
                0x08201000                . = ALIGN (0x4)
                0x08201000                PROVIDE (_alt_partition_packet_memory_end, ABSOLUTE (.))
 .packet_memory
                0x08201000     0x1000 obj/default//C/Users/pavmeh/Desktop/fpga-music-visualizer-master/software/src/ee109-lib/ethernet.o
                0x000834a8                PROVIDE (_alt_partition_packet_memory_load_addr, LOADADDR (.packet_memory))

.Flash_flash_data
                0x0c000000        0x0 load address 0x000844a8
                0x0c000000                PROVIDE (_alt_partition_Flash_flash_data_start, ABSOLUTE (.))
 *(.Flash_flash_data. Flash_flash_data.*)
                0x0c000000                . = ALIGN (0x4)
                0x0c000000                PROVIDE (_alt_partition_Flash_flash_data_end, ABSOLUTE (.))
                0x000844a8                PROVIDE (_alt_partition_Flash_flash_data_load_addr, LOADADDR (.Flash_flash_data))

.stab
 *(.stab)

.stabstr
 *(.stabstr)

.stab.excl
 *(.stab.excl)

.stab.exclstr
 *(.stab.exclstr)

.stab.index
 *(.stab.index)

.stab.indexstr
 *(.stab.indexstr)

.comment        0x00000000       0x26
 *(.comment)
 .comment       0x00000000       0x26 obj/default//C/Users/pavmeh/Desktop/fpga-music-visualizer-master/software/src/audio_isr.o
                                 0x27 (size before relaxing)
 .comment       0x00000000       0x27 obj/default//C/Users/pavmeh/Desktop/fpga-music-visualizer-master/software/src/belfft/kiss_fft.o
 .comment       0x00000000       0x27 obj/default//C/Users/pavmeh/Desktop/fpga-music-visualizer-master/software/src/ee109-lib/audio.o
 .comment       0x00000000       0x27 obj/default//C/Users/pavmeh/Desktop/fpga-music-visualizer-master/software/src/ee109-lib/char_lcd.o
 .comment       0x00000000       0x27 obj/default//C/Users/pavmeh/Desktop/fpga-music-visualizer-master/software/src/ee109-lib/ethernet.o
 .comment       0x00000000       0x27 obj/default//C/Users/pavmeh/Desktop/fpga-music-visualizer-master/software/src/ee109-lib/green_leds.o
 .comment       0x00000000       0x27 obj/default//C/Users/pavmeh/Desktop/fpga-music-visualizer-master/software/src/ee109-lib/hex.o
 .comment       0x00000000       0x27 obj/default//C/Users/pavmeh/Desktop/fpga-music-visualizer-master/software/src/ee109-lib/lcd.o
 .comment       0x00000000       0x27 obj/default//C/Users/pavmeh/Desktop/fpga-music-visualizer-master/software/src/ee109-lib/pushbuttons.o
 .comment       0x00000000       0x27 obj/default//C/Users/pavmeh/Desktop/fpga-music-visualizer-master/software/src/ee109-lib/red_leds.o