Archive member included because of file (symbol)

c:/altera/13.0sp1/nios2eds/bin/gnu/h-i686-mingw32/bin/../lib/gcc/nios2-elf/4.1.2/../../../../nios2-elf/lib\libm.a(lib_a-w_log10.o)
                              obj/default//C/Users/pavmeh/Desktop/fpga-speech-recognition/software/src/main.o (log10)
c:/altera/13.0sp1/nios2eds/bin/gnu/h-i686-mingw32/bin/../lib/gcc/nios2-elf/4.1.2/../../../../nios2-elf/lib\libm.a(lib_a-w_sqrt.o)
                              obj/default//C/Users/pavmeh/Desktop/fpga-speech-recognition/software/src/main.o (sqrt)
c:/altera/13.0sp1/nios2eds/bin/gnu/h-i686-mingw32/bin/../lib/gcc/nios2-elf/4.1.2/../../../../nios2-elf/lib\libm.a(lib_a-e_log10.o)
                              c:/altera/13.0sp1/nios2eds/bin/gnu/h-i686-mingw32/bin/../lib/gcc/nios2-elf/4.1.2/../../../../nios2-elf/lib\libm.a(lib_a-w_log10.o) (__ieee754_log10)
c:/altera/13.0sp1/nios2eds/bin/gnu/h-i686-mingw32/bin/../lib/gcc/nios2-elf/4.1.2/../../../../nios2-elf/lib\libm.a(lib_a-e_sqrt.o)
                              c:/altera/13.0sp1/nios2eds/bin/gnu/h-i686-mingw32/bin/../lib/gcc/nios2-elf/4.1.2/../../../../nios2-elf/lib\libm.a(lib_a-w_sqrt.o) (__ieee754_sqrt)
c:/altera/13.0sp1/nios2eds/bin/gnu/h-i686-mingw32/bin/../lib/gcc/nios2-elf/4.1.2/../../../../nios2-elf/lib\libm.a(lib_a-s_isnand.o)
                              c:/altera/13.0sp1/nios2eds/bin/gnu/h-i686-mingw32/bin/../lib/gcc/nios2-elf/4.1.2/../../../../nios2-elf/lib\libm.a(lib_a-w_log10.o) (__isnand)
c:/altera/13.0sp1/nios2eds/bin/gnu/h-i686-mingw32/bin/../lib/gcc/nios2-elf/4.1.2/../../../../nios2-elf/lib\libm.a(lib_a-s_lib_ver.o)
                              c:/altera/13.0sp1/nios2eds/bin/gnu/h-i686-mingw32/bin/../lib/gcc/nios2-elf/4.1.2/../../../../nios2-elf/lib\libm.a(lib_a-w_log10.o) (__fdlib_version)
c:/altera/13.0sp1/nios2eds/bin/gnu/h-i686-mingw32/bin/../lib/gcc/nios2-elf/4.1.2/../../../../nios2-elf/lib\libm.a(lib_a-s_matherr.o)
                              c:/altera/13.0sp1/nios2eds/bin/gnu/h-i686-mingw32/bin/../lib/gcc/nios2-elf/4.1.2/../../../../nios2-elf/lib\libm.a(lib_a-w_log10.o) (matherr)
c:/altera/13.0sp1/nios2eds/bin/gnu/h-i686-mingw32/bin/../lib/gcc/nios2-elf/4.1.2/../../../../nios2-elf/lib\libm.a(lib_a-s_nan.o)
                              c:/altera/13.0sp1/nios2eds/bin/gnu/h-i686-mingw32/bin/../lib/gcc/nios2-elf/4.1.2/../../../../nios2-elf/lib\libm.a(lib_a-w_log10.o) (nan)
c:/altera/13.0sp1/nios2eds/bin/gnu/h-i686-mingw32/bin/../lib/gcc/nios2-elf/4.1.2/../../../../nios2-elf/lib\libm.a(lib_a-e_log.o)
                              c:/altera/13.0sp1/nios2eds/bin/gnu/h-i686-mingw32/bin/../lib/gcc/nios2-elf/4.1.2/../../../../nios2-elf/lib\libm.a(lib_a-e_log10.o) (__ieee754_log)
c:/altera/13.0sp1/nios2eds/bin/gnu/h-i686-mingw32/bin/../lib/gcc/nios2-elf/4.1.2\libgcc.a(_sf_to_df.o)
                              obj/default//C/Users/pavmeh/Desktop/fpga-speech-recognition/software/src/main.o (__extendsfdf2)
c:/altera/13.0sp1/nios2eds/bin/gnu/h-i686-mingw32/bin/../lib/gcc/nios2-elf/4.1.2\libgcc.a(_addsub_df.o)
                              c:/altera/13.0sp1/nios2eds/bin/gnu/h-i686-mingw32/bin/../lib/gcc/nios2-elf/4.1.2/../../../../nios2-elf/lib\libm.a(lib_a-e_log10.o) (__subdf3)
c:/altera/13.0sp1/nios2eds/bin/gnu/h-i686-mingw32/bin/../lib/gcc/nios2-elf/4.1.2\libgcc.a(_mul_df.o)
                              obj/default//C/Users/pavmeh/Desktop/fpga-speech-recognition/software/src/main.o (__muldf3)
c:/altera/13.0sp1/nios2eds/bin/gnu/h-i686-mingw32/bin/../lib/gcc/nios2-elf/4.1.2\libgcc.a(_div_df.o)
                              obj/default//C/Users/pavmeh/Desktop/fpga-speech-recognition/software/src/main.o (__divdf3)
c:/altera/13.0sp1/nios2eds/bin/gnu/h-i686-mingw32/bin/../lib/gcc/nios2-elf/4.1.2\libgcc.a(_eq_df.o)
                              c:/altera/13.0sp1/nios2eds/bin/gnu/h-i686-mingw32/bin/../lib/gcc/nios2-elf/4.1.2/../../../../nios2-elf/lib\libm.a(lib_a-w_log10.o) (__eqdf2)
c:/altera/13.0sp1/nios2eds/bin/gnu/h-i686-mingw32/bin/../lib/gcc/nios2-elf/4.1.2\libgcc.a(_gt_df.o)
                              obj/default//C/Users/pavmeh/Desktop/fpga-speech-recognition/software/src/main.o (__gtdf2)
c:/altera/13.0sp1/nios2eds/bin/gnu/h-i686-mingw32/bin/../lib/gcc/nios2-elf/4.1.2\libgcc.a(_ge_df.o)
                              obj/default//C/Users/pavmeh/Desktop/fpga-speech-recognition/software/src/main.o (__gedf2)
c:/altera/13.0sp1/nios2eds/bin/gnu/h-i686-mingw32/bin/../lib/gcc/nios2-elf/4.1.2\libgcc.a(_lt_df.o)
                              c:/altera/13.0sp1/nios2eds/bin/gnu/h-i686-mingw32/bin/../lib/gcc/nios2-elf/4.1.2/../../../../nios2-elf/lib\libm.a(lib_a-w_sqrt.o) (__ltdf2)
c:/altera/13.0sp1/nios2eds/bin/gnu/h-i686-mingw32/bin/../lib/gcc/nios2-elf/4.1.2\libgcc.a(_le_df.o)
                              obj/default//C/Users/pavmeh/Desktop/fpga-speech-recognition/software/src/main.o (__ledf2)
c:/altera/13.0sp1/nios2eds/bin/gnu/h-i686-mingw32/bin/../lib/gcc/nios2-elf/4.1.2\libgcc.a(_si_to_df.o)
[...]
Memory Configuration

Name             Origin             Length             Attributes
reset            0x00000000         0x00000020
SDRAM            0x00000020         0x07ffffe0
descriptor_memory 0x08200000         0x00001000
packet_memory    0x08201000         0x00001000
Flash_flash_data 0x0c000000         0x00800000
*default*        0x00000000         0xffffffff

Linker script and memory map

LOAD BSP//obj/HAL/src/crt0.o
LOAD obj/default//C/Users/pavmeh/Desktop/fpga-speech-recognition/software/src/audio_isr.o
LOAD obj/default//C/Users/pavmeh/Desktop/fpga-speech-recognition/software/src/belfft/kiss_fft.o
LOAD obj/default//C/Users/pavmeh/Desktop/fpga-speech-recognition/software/src/ee109-lib/audio.o
LOAD obj/default//C/Users/pavmeh/Desktop/fpga-speech-recognition/software/src/ee109-lib/char_lcd.o
LOAD obj/default//C/Users/pavmeh/Desktop/fpga-speech-recognition/software/src/ee109-lib/green_leds.o
LOAD obj/default//C/Users/pavmeh/Desktop/fpga-speech-recognition/software/src/ee109-lib/hex.o
LOAD obj/default//C/Users/pavmeh/Desktop/fpga-speech-recognition/software/src/ee109-lib/lcd.o
LOAD obj/default//C/Users/pavmeh/Desktop/fpga-speech-recognition/software/src/ee109-lib/pushbuttons.o
LOAD obj/default//C/Users/pavmeh/Desktop/fpga-speech-recognition/software/src/ee109-lib/red_leds.o
LOAD obj/default//C/Users/pavmeh/Desktop/fpga-speech-recognition/software/src/ee109-lib/rs232.o
LOAD obj/default//C/Users/pavmeh/Desktop/fpga-speech-recognition/software/src/ee109-lib/switches.o
LOAD obj/default//C/Users/pavmeh/Desktop/fpga-speech-recognition/software/src/ee109-lib/vga.o
LOAD obj/default//C/Users/pavmeh/Desktop/fpga-speech-recognition/software/src/main.o
LOAD obj/default//C/Users/pavmeh/Desktop/fpga-speech-recognition/software/src/pushbuttons_isr.o
LOAD obj/default//C/Users/pavmeh/Desktop/fpga-speech-recognition/software/src/switches_isr.o
LOAD obj/default//C/Users/pavmeh/Desktop/fpga-speech-recognition/software/src/system_globals.o
LOAD c:/altera/13.0sp1/nios2eds/bin/gnu/h-i686-mingw32/bin/../lib/gcc/nios2-elf/4.1.2/../../../../nios2-elf/lib\libstdc++.a
LOAD c:/altera/13.0sp1/nios2eds/bin/gnu/h-i686-mingw32/bin/../lib/gcc/nios2-elf/4.1.2/../../../../nios2-elf/lib\libm.a
LOAD c:/altera/13.0sp1/nios2eds/bin/gnu/h-i686-mingw32/bin/../lib/gcc/nios2-elf/4.1.2\libgcc.a
START GROUP
LOAD c:/altera/13.0sp1/nios2eds/bin/gnu/h-i686-mingw32/bin/../lib/gcc/nios2-elf/4.1.2/../../../../nios2-elf/lib\libc.a
LOAD c:/altera/13.0sp1/nios2eds/bin/gnu/h-i686-mingw32/bin/../lib/gcc/nios2-elf/4.1.2\libgcc.a
LOAD BSP/\libhal_bsp.a
END GROUP
LOAD c:/altera/13.0sp1/nios2eds/bin/gnu/h-i686-mingw32/bin/../lib/gcc/nios2-elf/4.1.2\libgcc.a
                0x00000000                __alt_mem_SDRAM = 0x0
                0x08200000                __alt_mem_descriptor_memory = 0x8200000
                0x08201000                __alt_mem_packet_memory = 0x8201000
                0x0c000000                __alt_mem_Flash_flash_data = 0xc000000

.entry          0x00000000       0x20
 *(.entry)
 .entry         0x00000000       0x20 BSP//obj/HAL/src/crt0.o
                0x00000000                __reset

.exceptions     0x00000020      0x148
                0x00000020                PROVIDE (__ram_exceptions_start, ABSOLUTE (.))
                0x00000020                . = ALIGN (0x20)
 *(.irq)
 *(.exceptions.entry.label)
 .exceptions.entry.label
                0x00000020        0x0 BSP/\libhal_bsp.a(alt_irq_entry.o)
                0x00000020                alt_irq_entry
 .exceptions.entry.label
                0x00000020        0x0 BSP/\libhal_bsp.a(alt_exception_entry.o)
                0x00000020                alt_exception
 *(.exceptions.entry.user)
 *(.exceptions.entry)
 .exceptions.entry
                0x00000020       0x54 BSP/\libhal_bsp.a(alt_exception_entry.o)
 *(.exceptions.irqtest.user)
 *(.exceptions.irqtest)
 .exceptions.irqtest
                0x00000074       0x10 BSP/\libhal_bsp.a(alt_irq_entry.o)
 *(.exceptions.irqhandler.user)
 *(.exceptions.irqhandler)
 .exceptions.irqhandler
                0x00000084        0x4 BSP/\libhal_bsp.a(alt_irq_entry.o)
 *(.exceptions.irqreturn.user)
 *(.exceptions.irqreturn)
 .exceptions.irqreturn
                0x00000088        0x4 BSP/\libhal_bsp.a(alt_irq_entry.o)
 *(.exceptions.notirq.label)
 .exceptions.notirq.label
                0x0000008c        0x0 BSP/\libhal_bsp.a(alt_irq_entry.o)
 *(.exceptions.notirq.user)
 *(.exceptions.notirq)
 .exceptions.notirq
                0x0000008c        0x8 BSP/\libhal_bsp.a(alt_exception_entry.o)
 *(.exceptions.soft.user)
 *(.exceptions.soft)
 *(.exceptions.unknown.user)
 *(.exceptions.unknown)
 .exceptions.unknown
                0x00000094        0x4 BSP/\libhal_bsp.a(alt_exception_entry.o)
 *(.exceptions.exit.label)
 .exceptions.exit.label
                0x00000098        0x0 BSP/\libhal_bsp.a(alt_irq_entry.o)
 .exceptions.exit.label
                0x00000098        0x0 BSP/\libhal_bsp.a(alt_exception_entry.o)
 *(.exceptions.exit.user)
 *(.exceptions.exit)
 .exceptions.exit
                0x00000098       0x54 BSP/\libhal_bsp.a(alt_exception_entry.o)
 *(.exceptions)
 .exceptions    0x000000ec       0x7c BSP/\libhal_bsp.a(alt_irq_handler.o)
                0x000000ec                alt_irq_handler
                0x00000168                PROVIDE (__ram_exceptions_end, ABSOLUTE (.))
                0x00000020                PROVIDE (__flash_exceptions_start, LOADADDR (.exceptions))

.text           0x00000168     0xf5b4
                0x00000168                PROVIDE (stext, ABSOLUTE (.))
 *(.interp)
 *(.hash)
 *(.dynsym)
 *(.dynstr)
 *(.gnu.version)
 *(.gnu.version_d)
 *(.gnu.version_r)
 *(.rel.init)
 *(.rela.init)
 *(.rel.text .rel.text.* .rel.gnu.linkonce.t.*)
 *(.rela.text .rela.text.* .rela.gnu.linkonce.t.*)
 *(.rel.fini)
 *(.rela.fini)
 *(.rel.rodata .rel.rodata.* .rel.gnu.linkonce.r.*)
 *(.rela.rodata .rela.rodata.* .rela.gnu.linkonce.r.*)
 *(.rel.data .rel.data.* .rel.gnu.linkonce.d.*)
 *(.rela.data .rela.data.* .rela.gnu.linkonce.d.*)
 *(.rel.tdata .rel.tdata.* .rel.gnu.linkonce.td.*)
 *(.rela.tdata .rela.tdata.* .rela.gnu.linkonce.td.*)
 *(.rel.tbss .rel.tbss.* .rel.gnu.linkonce.tb.*)
 *(.rela.tbss .rela.tbss.* .rela.gnu.linkonce.tb.*)
 *(.rel.ctors)
 *(.rela.ctors)
 *(.rel.dtors)
 *(.rela.dtors)
 *(.rel.got)
 *(.rela.got)
 *(.rel.sdata .rel.sdata.* .rel.gnu.linkonce.s.*)
 *(.rela.sdata .rela.sdata.* .rela.gnu.linkonce.s.*)
 *(.rel.sbss .rel.sbss.* .rel.gnu.linkonce.sb.*)
 *(.rela.sbss .rela.sbss.* .rela.gnu.linkonce.sb.*)
 *(.rel.sdata2 .rel.sdata2.* .rel.gnu.linkonce.s2.*)
 *(.rela.sdata2 .rela.sdata2.* .rela.gnu.linkonce.s2.*)
 *(.rel.sbss2 .rel.sbss2.* .rel.gnu.linkonce.sb2.*)
 *(.rela.sbss2 .rela.sbss2.* .rela.gnu.linkonce.sb2.*)
 *(.rel.bss .rel.bss.* .rel.gnu.linkonce.b.*)
 *(.rela.bss .rela.bss.* .rela.gnu.linkonce.b.*)
 *(.rel.plt)
 *(.rela.plt)
 *(.rel.dyn)
 *(.init)
 *(.plt)
 *(.text .stub .text.* .gnu.linkonce.t.*)
 .text          0x00000168       0x3c BSP//obj/HAL/src/crt0.o
                0x00000168                _start
 .text          0x000001a4      0x164 obj/default//C/Users/pavmeh/Desktop/fpga-speech-recognition/software/src/audio_isr.o
                0x000001a4                clamp
                0x000001b4                audio_isr
 .text          0x00000308      0x214 obj/default//C/Users/pavmeh/Desktop/fpga-speech-recognition/software/src/belfft/kiss_fft.o
                0x00000308                kiss_fft_cleanup
                0x0000030c                kiss_fft_stride
                0x00000418                kiss_fft
                0x00000434                kiss_fft_alloc_twiddles
                0x00000504                kiss_fft_alloc
 .text          0x0000051c      0x160 obj/default//C/Users/pavmeh/Desktop/fpga-speech-recognition/software/src/ee109-lib/audio.o
                0x0000051c                audio_clear_read_fifo
                0x00000540                audio_clear_write_fifo
                0x00000564                audio_read
                0x000005d4                audio_write
                0x00000644                audio_init
 .text          0x0000067c       0x84 obj/default//C/Users/pavmeh/Desktop/fpga-speech-recognition/software/src/ee109-lib/char_lcd.o
                0x0000067c                char_lcd_move_cursor
                0x000006a8                char_lcd_write
                0x000006d0                char_lcd_cursor_off
                0x000006e0                char_lcd_shift_left
                0x000006f0                char_lcd_shift_right
 .text          0x00000700       0x44 obj/default//C/Users/pavmeh/Desktop/fpga-speech-recognition/software/src/ee109-lib/green_leds.o
                0x00000700                green_leds_set
                0x0000070c                green_leds_update
                0x00000720                green_leds_clear
                0x00000738                green_leds_clear_all
 .text          0x00000744      0x24c obj/default//C/Users/pavmeh/Desktop/fpga-speech-recognition/software/src/ee109-lib/hex.o
                0x00000744                hex_clear
                0x00000758                hex_clear_3to0
                0x00000764                hex_clear_7to4
                0x0000087c                hex_write_7to4
                0x000008c0                hex_write_3to0
                0x00000904                hex_write
 .text          0x00000990      0x1c4 obj/default//C/Users/pavmeh/Desktop/fpga-speech-recognition/software/src/ee109-lib/lcd.o
                0x00000990                lcd_enable_dma
                0x000009c4                lcd_set_front_buffer
                0x000009dc                lcd_set_back_buffer
                0x000009e8                lcd_swap_buffers
                0x00000a08                lcd_write
                0x00000a40                lcd_draw_rectangle
                0x00000aa0                lcd_draw_rectangle_back
                0x00000b00                lcd_char_buffer_clear
                0x00000b48                lcd_get_backbuffer_addr
 .text          0x00000b54       0x78 obj/default//C/Users/pavmeh/Desktop/fpga-speech-recognition/software/src/ee109-lib/pushbuttons.o
                0x00000b54                pushbuttons_get_data
                0x00000b60                pushbuttons_set_interrupt_mask
                0x00000b6c                pushbuttons_get_interrupt_mask
                0x00000b78                pushbuttons_get_edge_capture
                0x00000b84                pushbuttons_clear_edge_capture
                0x00000b94                pushbuttons_enable_interrupts
 .text          0x00000bcc       0x44 obj/default//C/Users/pavmeh/Desktop/fpga-speech-recognition/software/src/ee109-lib/red_leds.o
                0x00000bcc                red_leds_set
                0x00000bd8                red_leds_update
                0x00000bec                red_leds_clear
                0x00000c04                red_leds_clear_all
 .text          0x00000c10       0x60 obj/default//C/Users/pavmeh/Desktop/fpga-speech-recognition/software/src/ee109-lib/rs232.o
                0x00000c10                get_char
                0x00000c34                put_char
 .text          0x00000c70       0x7c obj/default//C/Users/pavmeh/Desktop/fpga-speech-recognition/software/src/ee109-lib/switches.o
                0x00000c70                switches_get_positions
                0x00000c7c                switches_set_interrupt_mask
                0x00000c88                switches_get_interrupt_mask
                0x00000c94                switches_get_edge_capture
                0x00000ca0                switches_clear_edge_capture
                0x00000cb0                switches_enable_interrupts
 .text          0x00000cec      0x158 obj/default//C/Users/pavmeh/Desktop/fpga-speech-recognition/software/src/ee109-lib/vga.o
                0x00000cec                vga_enable_dma
                0x00000d20                vga_set_front_buffer
                0x00000d38                vga_set_back_buffer
                0x00000d44                vga_swap_buffers
                0x00000d64                vga_write
                0x00000d9c                vga_draw_rectangle
                0x00000dfc                vga_char_buffer_clear
 .text          0x00000e44     0x12d8 obj/default//C/Users/pavmeh/Desktop/fpga-speech-recognition/software/src/main.o
                0x00000e44                signal_audio_ready
                0x000010a4                fft
                0x00001258                printMFCC
                0x00001b58                main
                0x0000207c                testMFCC
 .text          0x0000211c       0x4c obj/default//C/Users/pavmeh/Desktop/fpga-speech-recognition/software/src/pushbuttons_isr.o
                0x0000211c                pushbuttons_isr
 .text          0x00002168        0x4 obj/default//C/Users/pavmeh/Desktop/fpga-speech-recognition/software/src/switches_isr.o
                0x00002168                switches_isr
 .text          0x0000216c        0x0 obj/default//C/Users/pavmeh/Desktop/fpga-speech-recognition/software/src/system_globals.o
 .text          0x0000216c      0x188 c:/altera/13.0sp1/nios2eds/bin/gnu/h-i686-mingw32/bin/../lib/gcc/nios2-elf/4.1.2/../../../../nios2-elf/lib\libm.a(lib_a-w_log10.o)
                0x0000216c                log10
 .text          0x000022f4      0x130 c:/altera/13.0sp1/nios2eds/bin/gnu/h-i686-mingw32/bin/../lib/gcc/nios2-elf/4.1.2/../../../../nios2-elf/lib\libm.a(lib_a-w_sqrt.o)
                0x000022f4                sqrt
 .text          0x00002424      0x218 c:/altera/13.0sp1/nios2eds/bin/gnu/h-i686-mingw32/bin/../lib/gcc/nios2-elf/4.1.2/../../../../nios2-elf/lib\libm.a(lib_a-e_log10.o)
                0x00002424                __ieee754_log10
 .text          0x0000263c      0x2c8 c:/altera/13.0sp1/nios2eds/bin/gnu/h-i686-mingw32/bin/../lib/gcc/nios2-elf/4.1.2/../../../../nios2-elf/lib\libm.a(lib_a-e_sqrt.o)
                0x0000263c                __ieee754_sqrt
 .text          0x00002904       0x30 c:/altera/13.0sp1/nios2eds/bin/gnu/h-i686-mingw32/bin/../lib/gcc/nios2-elf/4.1.2/../../../../nios2-elf/lib\libm.a(lib_a-s_isnand.o)
                0x00002904                __isnand
 .text          0x00002934        0x0 c:/altera/13.0sp1/nios2eds/bin/gnu/h-i686-mingw32/bin/../lib/gcc/nios2-elf/4.1.2/../../../../nios2-elf/lib\libm.a(lib_a-s_lib_ver.o)
 .text          0x00002934        0x8 c:/altera/13.0sp1/nios2eds/bin/gnu/h-i686-mingw32/bin/../lib/gcc/nios2-elf/4.1.2/../../../../nios2-elf/lib\libm.a(lib_a-s_matherr.o)
                0x00002934                matherr
 .text          0x0000293c       0x10 c:/altera/13.0sp1/nios2eds/bin/gnu/h-i686-mingw32/bin/../lib/gcc/nios2-elf/4.1.2/../../../../nios2-elf/lib\libm.a(lib_a-s_nan.o)
                0x0000293c                nan
 .text          0x0000294c      0x7f8 c:/altera/13.0sp1/nios2eds/bin/gnu/h-i686-mingw32/bin/../lib/gcc/nios2-elf/4.1.2/../../../../nios2-elf/lib\libm.a(lib_a-e_log.o)
                0x0000294c                __ieee754_log
 .text          0x00003144       0x54 c:/altera/13.0sp1/nios2eds/bin/gnu/h-i686-mingw32/bin/../lib/gcc/nios2-elf/4.1.2\libgcc.a(_sf_to_df.o)
                0x00003144                __extendsfdf2
 .text          0x00003198      0x504 c:/altera/13.0sp1/nios2eds/bin/gnu/h-i686-mingw32/bin/../lib/gcc/nios2-elf/4.1.2\libgcc.a(_addsub_df.o)
                0x000035a8                __subdf3
                0x00003628                __adddf3
 .text          0x0000369c      0x3c4 c:/altera/13.0sp1/nios2eds/bin/gnu/h-i686-mingw32/bin/../lib/gcc/nios2-elf/4.1.2\libgcc.a(_mul_df.o)
                0x0000369c                __muldf3
 .text          0x00003a60      0x258 c:/altera/13.0sp1/nios2eds/bin/gnu/h-i686-mingw32/bin/../lib/gcc/nios2-elf/4.1.2\libgcc.a(_div_df.o)
                0x00003a60                __divdf3
 .text          0x00003cb8       0x88 c:/altera/13.0sp1/nios2eds/bin/gnu/h-i686-mingw32/bin/../lib/gcc/nios2-elf/4.1.2\libgcc.a(_eq_df.o)
                0x00003cb8                __eqdf2
 .text          0x00003d40       0x88 c:/altera/13.0sp1/nios2eds/bin/gnu/h-i686-mingw32/bin/../lib/gcc/nios2-elf/4.1.2\libgcc.a(_gt_df.o)
                0x00003d40                __gtdf2
 .text          0x00003dc8       0x88 c:/altera/13.0sp1/nios2eds/bin/gnu/h-i686-mingw32/bin/../lib/gcc/nios2-elf/4.1.2\libgcc.a(_ge_df.o)
                0x00003dc8                __gedf2
 .text          0x00003e50       0x88 c:/altera/13.0sp1/nios2eds/bin/gnu/h-i686-mingw32/bin/../lib/gcc/nios2-elf/4.1.2\libgcc.a(_lt_df.o)
                0x00003e50                __ltdf2
 .text          0x00003ed8       0x88 c:/altera/13.0sp1/nios2eds/bin/gnu/h-i686-mingw32/bin/../lib/gcc/nios2-elf/4.1.2\libgcc.a(_le_df.o)
                0x00003ed8                __ledf2
 .text          0x00003f60       0xf8 c:/altera/13.0sp1/nios2eds/bin/gnu/h-i686-mingw32/bin/../lib/gcc/nios2-elf/4.1.2\libgcc.a(_si_to_df.o)
                0x00003f60                __floatsidf
 .text          0x00004058       0x38 c:/altera/13.0sp1/nios2eds/bin/gnu/h-i686-mingw32/bin/../lib/gcc/nios2-elf/4.1.2\libgcc.a(_make_df.o)
                0x00004058                __make_dp
 .text          0x00004090        0x0 c:/altera/13.0sp1/nios2eds/bin/gnu/h-i686-mingw32/bin/../lib/gcc/nios2-elf/4.1.2\libgcc.a(_thenan_df.o)
 .text          0x00004090       0x98 c:/altera/13.0sp1/nios2eds/bin/gnu/h-i686-mingw32/bin/../lib/gcc/nios2-elf/4.1.2\libgcc.a(_muldi3.o)
                0x00004090                __muldi3
 .text          0x00004128       0x80 c:/altera/13.0sp1/nios2eds/bin/gnu/h-i686-mingw32/bin/../lib/gcc/nios2-elf/4.1.2\libgcc.a(_clzsi2.o)
                0x00004128                __clzsi2
 .text          0x000041a8       0xc8 c:/altera/13.0sp1/nios2eds/bin/gnu/h-i686-mingw32/bin/../lib/gcc/nios2-elf/4.1.2\libgcc.a(_unpack_sf.o)
                0x000041a8                __unpack_f
 .text          0x00004270      0x314 c:/altera/13.0sp1/nios2eds/bin/gnu/h-i686-mingw32/bin/../lib/gcc/nios2-elf/4.1.2\libgcc.a(_pack_df.o)
                0x00004270                __pack_d
 .text          0x00004584      0x138 c:/altera/13.0sp1/nios2eds/bin/gnu/h-i686-mingw32/bin/../lib/gcc/nios2-elf/4.1.2\libgcc.a(_unpack_df.o)
                0x00004584                __unpack_d
 .text          0x000046bc       0xc8 c:/altera/13.0sp1/nios2eds/bin/gnu/h-i686-mingw32/bin/../lib/gcc/nios2-elf/4.1.2\libgcc.a(_fpcmp_parts_df.o)
                0x000046bc                __fpcmp_parts_d
 .text          0x00004784        0x0 c:/altera/13.0sp1/nios2eds/bin/gnu/h-i686-mingw32/bin/../lib/gcc/nios2-elf/4.1.2\libgcc.a(_clz.o)
 .text          0x00004784       0x10 c:/altera/13.0sp1/nios2eds/bin/gnu/h-i686-mingw32/bin/../lib/gcc/nios2-elf/4.1.2/../../../../nios2-elf/lib\libc.a(lib_a-errno.o)
                0x00004784                __errno
 .text          0x00004794        0x0 c:/altera/13.0sp1/nios2eds/bin/gnu/h-i686-mingw32/bin/../lib/gcc/nios2-elf/4.1.2/../../../../nios2-elf/lib\libc.a(lib_a-impure.o)
 .text          0x00004794       0x28 c:/altera/13.0sp1/nios2eds/bin/gnu/h-i686-mingw32/bin/../lib/gcc/nios2-elf/4.1.2/../../../../nios2-elf/lib\libc.a(lib_a-malloc.o)
                0x00004794                free
                0x000047a8                malloc
 .text          0x000047bc      0x740 c:/altera/13.0sp1/nios2eds/bin/gnu/h-i686-mingw32/bin/../lib/gcc/nios2-elf/4.1.2/../../../../nios2-elf/lib\libc.a(lib_a-mallocr.o)
                0x000047bc                _malloc_r
 .text          0x00004efc       0x78 c:/altera/13.0sp1/nios2eds/bin/gnu/h-i686-mingw32/bin/../lib/gcc/nios2-elf/4.1.2/../../../../nios2-elf/lib\libc.a(lib_a-printf.o)
                0x00004efc                printf
                0x00004f40                _printf_r
 .text          0x00004f74       0xb4 c:/altera/13.0sp1/nios2eds/bin/gnu/h-i686-mingw32/bin/../lib/gcc/nios2-elf/4.1.2/../../../../nios2-elf/lib\libc.a(lib_a-puts.o)
                0x00004f74                _puts_r
                0x00005014                puts
 .text          0x00005028       0x70 c:/altera/13.0sp1/nios2eds/bin/gnu/h-i686-mingw32/bin/../lib/gcc/nios2-elf/4.1.2/../../../../nios2-elf/lib\libc.a(lib_a-sbrkr.o)
                0x00005028                _sbrk_r
 .text          0x00005098      0x170 c:/altera/13.0sp1/nios2eds/bin/gnu/h-i686-mingw32/bin/../lib/gcc/nios2-elf/4.1.2/../../../../nios2-elf/lib\libc.a(lib_a-snprintf.o)
                0x00005098                snprintf
                0x00005154                _snprintf_r
 .text          0x00005208       0x74 c:/altera/13.0sp1/nios2eds/bin/gnu/h-i686-mingw32/bin/../lib/gcc/nios2-elf/4.1.2/../../../../nios2-elf/lib\libc.a(lib_a-strlen.o)
                0x00005208                strlen
 .text          0x0000527c     0x1f28 c:/altera/13.0sp1/nios2eds/bin/gnu/h-i686-mingw32/bin/../lib/gcc/nios2-elf/4.1.2/../../../../nios2-elf/lib\libc.a(lib_a-vfprintf.o)
                0x000052d4                ___vfprintf_internal_r
                0x00007180                __vfprintf_internal
 .text          0x000071a4      0x13c c:/altera/13.0sp1/nios2eds/bin/gnu/h-i686-mingw32/bin/../lib/gcc/nios2-elf/4.1.2/../../../../nios2-elf/lib\libc.a(lib_a-wsetup.o)
                0x000071a4                __swsetup_r
 .text          0x000072e0     0x17cc c:/altera/13.0sp1/nios2eds/bin/gnu/h-i686-mingw32/bin/../lib/gcc/nios2-elf/4.1.2/../../../../nios2-elf/lib\libc.a(lib_a-dtoa.o)
                0x000074f8                _dtoa_r
 .text          0x00008aac      0x230 c:/altera/13.0sp1/nios2eds/bin/gnu/h-i686-mingw32/bin/../lib/gcc/nios2-elf/4.1.2/../../../../nios2-elf/lib\libc.a(lib_a-fflush.o)
                0x00008aac                _fflush_r
                0x00008ca8                fflush
 .text          0x00008cdc      0x2c0 c:/altera/13.0sp1/nios2eds/bin/gnu/h-i686-mingw32/bin/../lib/gcc/nios2-elf/4.1.2/../../../../nios2-elf/lib\libc.a(lib_a-findfp.o)
                0x00008d34                __sfp_lock_acquire
                0x00008d38                __sfp_lock_release
                0x00008d3c                __sinit_lock_acquire
                0x00008d40                __sinit_lock_release
                0x00008d44                __sinit
                0x00008df8                __fp_unlock_all
                0x00008e10                __fp_lock_all
                0x00008e28                _cleanup_r
                0x00008e34                _cleanup
                0x00008e44                __sfmoreglue
                0x00008eac                __sfp
 .text          0x00008f9c      0x440 c:/altera/13.0sp1/nios2eds/bin/gnu/h-i686-mingw32/bin/../lib/gcc/nios2-elf/4.1.2/../../../../nios2-elf/lib\libc.a(lib_a-freer.o)
                0x00008f9c                _malloc_trim_r
                0x000090c8                _free_r
 .text          0x000093dc      0x49c c:/altera/13.0sp1/nios2eds/bin/gnu/h-i686-mingw32/bin/../lib/gcc/nios2-elf/4.1.2/../../../../nios2-elf/lib\libc.a(lib_a-fvwrite.o)
                0x000093dc                __sfvwrite_r
 .text          0x00009878      0x180 c:/altera/13.0sp1/nios2eds/bin/gnu/h-i686-mingw32/bin/../lib/gcc/nios2-elf/4.1.2/../../../../nios2-elf/lib\libc.a(lib_a-fwalk.o)
                0x00009878                _fwalk_reent
                0x00009940                _fwalk
 .text          0x000099f8        0x0 c:/altera/13.0sp1/nios2eds/bin/gnu/h-i686-mingw32/bin/../lib/gcc/nios2-elf/4.1.2/../../../../nios2-elf/lib\libc.a(lib_a-int_errno.o)
 .text          0x000099f8       0xc4 c:/altera/13.0sp1/nios2eds/bin/gnu/h-i686-mingw32/bin/../lib/gcc/nios2-elf/4.1.2/../../../../nios2-elf/lib\libc.a(lib_a-locale.o)
                0x000099f8                __locale_charset
                0x00009a00                _localeconv_r
                0x00009a0c                localeconv
                0x00009a1c                _setlocale_r
                0x00009aa0                setlocale
 .text          0x00009abc      0x194 c:/altera/13.0sp1/nios2eds/bin/gnu/h-i686-mingw32/bin/../lib/gcc/nios2-elf/4.1.2/../../../../nios2-elf/lib\libc.a(lib_a-makebuf.o)
                0x00009abc                __smakebuf_r
 .text          0x00009c50       0xe4 c:/altera/13.0sp1/nios2eds/bin/gnu/h-i686-mingw32/bin/../lib/gcc/nios2-elf/4.1.2/../../../../nios2-elf/lib\libc.a(lib_a-memchr.o)
                0x00009c50                memchr
 .text          0x00009d34       0xa0 c:/altera/13.0sp1/nios2eds/bin/gnu/h-i686-mingw32/bin/../lib/gcc/nios2-elf/4.1.2/../../../../nios2-elf/lib\libc.a(lib_a-memcpy.o)
                0x00009d34                memcpy
 .text          0x00009dd4       0xe0 c:/altera/13.0sp1/nios2eds/bin/gnu/h-i686-mingw32/bin/../lib/gcc/nios2-elf/4.1.2/../../../../nios2-elf/lib\libc.a(lib_a-memmove.o)
                0x00009dd4                memmove
 .text          0x00009eb4       0x98 c:/altera/13.0sp1/nios2eds/bin/gnu/h-i686-mingw32/bin/../lib/gcc/nios2-elf/4.1.2/../../../../nios2-elf/lib\libc.a(lib_a-memset.o)
                0x00009eb4                memset
 .text          0x00009f4c      0xff4 c:/altera/13.0sp1/nios2eds/bin/gnu/h-i686-mingw32/bin/../lib/gcc/nios2-elf/4.1.2/../../../../nios2-elf/lib\libc.a(lib_a-mprec.o)
                0x00009f4c                _Bfree
                0x00009f74                __hi0bits
                0x00009fe4                __lo0bits
                0x0000a0a8                __mcmp
                0x0000a108                __ulp
                0x0000a188                __b2d
                0x0000a2a8                __ratio
                0x0000a358                _mprec_log10
                0x0000a3ec                __copybits
                0x0000a444                __any_on
                0x0000a4cc                _Balloc
                0x0000a588                __d2b
                0x0000a704                __mdiff
                0x0000a890                __lshift
                0x0000a9dc                __multiply
                0x0000abc4                __i2b
                0x0000ac00                __multadd
                0x0000ad00                __pow5mult
                0x0000ae20                __s2b
 .text          0x0000af40      0x5f4 c:/altera/13.0sp1/nios2eds/bin/gnu/h-i686-mingw32/bin/../lib/gcc/nios2-elf/4.1.2/../../../../nios2-elf/lib\libc.a(lib_a-reallocr.o)
                0x0000af40                _realloc_r
 .text          0x0000b534       0x40 c:/altera/13.0sp1/nios2eds/bin/gnu/h-i686-mingw32/bin/../lib/gcc/nios2-elf/4.1.2/../../../../nios2-elf/lib\libc.a(lib_a-s_isinfd.o)
                0x0000b534                __isinfd
 .text          0x0000b574      0x14c c:/altera/13.0sp1/nios2eds/bin/gnu/h-i686-mingw32/bin/../lib/gcc/nios2-elf/4.1.2/../../../../nios2-elf/lib\libc.a(lib_a-stdio.o)
                0x0000b574                __sclose
                0x0000b57c                __sseek
                0x0000b5e4                __swrite
                0x0000b660                __sread
 .text          0x0000b6c0       0xbc c:/altera/13.0sp1/nios2eds/bin/gnu/h-i686-mingw32/bin/../lib/gcc/nios2-elf/4.1.2/../../../../nios2-elf/lib\libc.a(lib_a-strcmp.o)
                0x0000b6c0                strcmp
 .text          0x0000b77c       0x78 c:/altera/13.0sp1/nios2eds/bin/gnu/h-i686-mingw32/bin/../lib/gcc/nios2-elf/4.1.2/../../../../nios2-elf/lib\libc.a(lib_a-writer.o)
                0x0000b77c                _write_r
 .text          0x0000b7f4       0xb4 c:/altera/13.0sp1/nios2eds/bin/gnu/h-i686-mingw32/bin/../lib/gcc/nios2-elf/4.1.2/../../../../nios2-elf/lib\libc.a(lib_a-callocr.o)
                0x0000b7f4                _calloc_r
 .text          0x0000b8a8       0x70 c:/altera/13.0sp1/nios2eds/bin/gnu/h-i686-mingw32/bin/../lib/gcc/nios2-elf/4.1.2/../../../../nios2-elf/lib\libc.a(lib_a-closer.o)
                0x0000b8a8                _close_r
 .text          0x0000b918      0x124 c:/altera/13.0sp1/nios2eds/bin/gnu/h-i686-mingw32/bin/../lib/gcc/nios2-elf/4.1.2/../../../../nios2-elf/lib\libc.a(lib_a-fclose.o)
                0x0000b918                _fclose_r
                0x0000ba28                fclose
 .text          0x0000ba3c       0x74 c:/altera/13.0sp1/nios2eds/bin/gnu/h-i686-mingw32/bin/../lib/gcc/nios2-elf/4.1.2/../../../../nios2-elf/lib\libc.a(lib_a-fstatr.o)
                0x0000ba3c                _fstat_r
 .text          0x0000bab0       0x70 c:/altera/13.0sp1/nios2eds/bin/gnu/h-i686-mingw32/bin/../lib/gcc/nios2-elf/4.1.2/../../../../nios2-elf/lib\libc.a(lib_a-isattyr.o)
                0x0000bab0                _isatty_r
 .text          0x0000bb20       0x78 c:/altera/13.0sp1/nios2eds/bin/gnu/h-i686-mingw32/bin/../lib/gcc/nios2-elf/4.1.2/../../../../nios2-elf/lib\libc.a(lib_a-lseekr.o)
                0x0000bb20                _lseek_r
 .text          0x0000bb98       0x78 c:/altera/13.0sp1/nios2eds/bin/gnu/h-i686-mingw32/bin/../lib/gcc/nios2-elf/4.1.2/../../../../nios2-elf/lib\libc.a(lib_a-readr.o)
                0x0000bb98                _read_r
 .text          0x0000bc10      0x5dc c:/altera/13.0sp1/nios2eds/bin/gnu/h-i686-mingw32/bin/../lib/gcc/nios2-elf/4.1.2\libgcc.a(_udivdi3.o)
                0x0000bc10                __udivdi3
 .text          0x0000c1ec      0x5b0 c:/altera/13.0sp1/nios2eds/bin/gnu/h-i686-mingw32/bin/../lib/gcc/nios2-elf/4.1.2\libgcc.a(_umoddi3.o)
                0x0000c1ec                __umoddi3
 .text          0x0000c79c       0x88 c:/altera/13.0sp1/nios2eds/bin/gnu/h-i686-mingw32/bin/../lib/gcc/nios2-elf/4.1.2\libgcc.a(_ne_df.o)
                0x0000c79c                __nedf2
 .text          0x0000c824       0xd8 c:/altera/13.0sp1/nios2eds/bin/gnu/h-i686-mingw32/bin/../lib/gcc/nios2-elf/4.1.2\libgcc.a(_df_to_si.o)
                0x0000c824                __fixdfsi
 .text          0x0000c8fc      0x194 c:/altera/13.0sp1/nios2eds/bin/gnu/h-i686-mingw32/bin/../lib/gcc/nios2-elf/4.1.2\libgcc.a(_usi_to_df.o)
                0x0000c8fc                __floatunsidf
 .text          0x0000ca90      0x14c c:/altera/13.0sp1/nios2eds/bin/gnu/h-i686-mingw32/bin/../lib/gcc/nios2-elf/4.1.2\libgcc.a(lib2-divmod.o)
                0x0000cb0c                __divsi3
                0x0000cb6c                __modsi3
                0x0000cbcc                __udivsi3
                0x0000cbd4                __umodsi3
 .text          0x0000cbdc       0xdc BSP/\libhal_bsp.a(alt_close.o)
                0x0000cbdc                close
 .text          0x0000ccb8        0x4 BSP/\libhal_bsp.a(alt_dcache_flush.o)
                0x0000ccb8                alt_dcache_flush
 .text          0x0000ccbc        0x8 BSP/\libhal_bsp.a(alt_dev.o)
 .text          0x0000ccc4        0x0 BSP/\libhal_bsp.a(alt_errno.o)
 .text          0x0000ccc4       0x80 BSP/\libhal_bsp.a(alt_fstat.o)
                0x0000ccc4                fstat
 .text          0x0000cd44       0xbc BSP/\libhal_bsp.a(alt_irq_register.o)
                0x0000cd44                alt_irq_register
 .text          0x0000ce00        0x0 BSP/\libhal_bsp.a(alt_irq_vars.o)
 .text          0x0000ce00       0x84 BSP/\libhal_bsp.a(alt_isatty.o)
                0x0000ce00                isatty
 .text          0x0000ce84       0xc4 BSP/\libhal_bsp.a(alt_load.o)
                0x0000ce84                alt_load
 .text          0x0000cf48       0x98 BSP/\libhal_bsp.a(alt_lseek.o)
                0x0000cf48                lseek
 .text          0x0000cfe0       0x50 BSP/\libhal_bsp.a(alt_main.o)
                0x0000cfe0                alt_main
 .text          0x0000d030        0x8 BSP/\libhal_bsp.a(alt_malloc_lock.o)
                0x0000d030                __malloc_lock
                0x0000d034                __malloc_unlock
 .text          0x0000d038       0xf8 BSP/\libhal_bsp.a(alt_read.o)
                0x0000d038                read
 .text          0x0000d130       0x24 BSP/\libhal_bsp.a(alt_release_fd.o)
                0x0000d130                alt_release_fd
 .text          0x0000d154       0x50 BSP/\libhal_bsp.a(alt_sbrk.o)
                0x0000d154                sbrk
 .text          0x0000d1a4       0xf4 BSP/\libhal_bsp.a(alt_write.o)
                0x0000d1a4                write
 .text          0x0000d298      0x2f0 BSP/\libhal_bsp.a(alt_sys_init.o)
                0x0000d298                alt_irq_init
                0x0000d2b8                alt_sys_init
 .text          0x0000d588       0x98 BSP/\libhal_bsp.a(altera_avalon_jtag_uart_fd.o)
                0x0000d588                altera_avalon_jtag_uart_ioctl_fd
                0x0000d5a8                altera_avalon_jtag_uart_close_fd
                0x0000d5d0                altera_avalon_jtag_uart_write_fd
                0x0000d5f8                altera_avalon_jtag_uart_read_fd
 .text          0x0000d620      0x238 BSP/\libhal_bsp.a(altera_avalon_jtag_uart_init.o)
                0x0000d620                altera_avalon_jtag_uart_close
                0x0000d6ac                altera_avalon_jtag_uart_init
 .text          0x0000d858       0x74 BSP/\libhal_bsp.a(altera_avalon_jtag_uart_ioctl.o)
                0x0000d858                altera_avalon_jtag_uart_ioctl
 .text          0x0000d8cc      0x168 BSP/\libhal_bsp.a(altera_avalon_jtag_uart_read.o)
                0x0000d8cc                altera_avalon_jtag_uart_read
 .text          0x0000da34      0x17c BSP/\libhal_bsp.a(altera_avalon_jtag_uart_write.o)
                0x0000da34                altera_avalon_jtag_uart_write
 .text          0x0000dbb0      0x630 BSP/\libhal_bsp.a(altera_avalon_sgdma.o)
                0x0000dbb0                alt_avalon_sgdma_register_callback
                0x0000dbc0                alt_avalon_sgdma_init
                0x0000dc40                alt_avalon_sgdma_disable_desc_poll
                0x0000dc60                alt_avalon_sgdma_enable_desc_poll
                0x0000dc90                alt_avalon_sgdma_stop
                0x0000dcac                alt_avalon_sgdma_start
                0x0000dcc4                alt_avalon_sgdma_do_sync_transfer
                0x0000dd58                alt_avalon_sgdma_do_async_transfer
                0x0000de5c                alt_avalon_sgdma_construct_descriptor_burst
                0x0000df88                alt_avalon_sgdma_construct_descriptor
                0x0000dfd0                alt_avalon_sgdma_construct_mem_to_stream_desc_burst
                0x0000e020                alt_avalon_sgdma_construct_mem_to_stream_desc
                0x0000e060                alt_avalon_sgdma_construct_stream_to_mem_desc_burst
                0x0000e0ac                alt_avalon_sgdma_construct_stream_to_mem_desc
                0x0000e0d4                alt_avalon_sgdma_construct_mem_to_mem_desc_burst
                0x0000e11c                alt_avalon_sgdma_construct_mem_to_mem_desc
                0x0000e154                alt_avalon_sgdma_open
                0x0000e1b0                alt_avalon_sgdma_check_descriptor_status
 .text          0x0000e1e0       0x80 BSP/\libhal_bsp.a(altera_avalon_timer_sc.o)
                0x0000e1e0                alt_avalon_timer_sc_init
 .text          0x0000e260      0x30c BSP/\libhal_bsp.a(altera_up_avalon_character_lcd.o)
                0x0000e260                get_DDRAM_addr
                0x0000e27c                alt_up_character_lcd_string
                0x0000e2c8                alt_up_character_lcd_write
                0x0000e2f4                alt_up_character_lcd_write_fd
                0x0000e314                alt_up_character_lcd_init
                0x0000e324                alt_up_character_lcd_send_cmd
                0x0000e334                alt_up_character_lcd_cursor_blink_on
                0x0000e350                alt_up_character_lcd_cursor_off
                0x0000e36c                alt_up_character_lcd_erase_pos
                0x0000e3d8                alt_up_character_lcd_shift_display
                0x0000e468                alt_up_character_lcd_shift_cursor
                0x0000e4f8                alt_up_character_lcd_set_cursor_pos
                0x0000e54c                alt_up_character_lcd_open_dev
 .text          0x0000e56c      0x1e0 BSP/\libhal_bsp.a(altera_up_avalon_irda.o)
                0x0000e56c                alt_up_irda_check_parity
                0x0000e578                alt_up_irda_open_dev
                0x0000e598                alt_up_irda_read_data
                0x0000e5e4                alt_up_irda_read_fd
                0x0000e664                alt_up_irda_get_available_space_in_write_FIFO
                0x0000e674                alt_up_irda_write_data
                0x0000e68c                alt_up_irda_write_fd
                0x0000e708                alt_up_irda_disable_read_interrupt
                0x0000e724                alt_up_irda_enable_read_interrupt
                0x0000e73c                alt_up_irda_get_used_space_in_read_FIFO
 .text          0x0000e74c      0x388 BSP/\libhal_bsp.a(altera_up_avalon_ps2.o)
                0x0000e74c                read_RI_bit
                0x0000e758                read_RE_bit
                0x0000e760                read_CE_bit
                0x0000e76c                read_num_bytes_available
                0x0000e774                read_data_valid
                0x0000e780                read_data_byte
                0x0000e788                alt_up_ps2_open_dev
                0x0000e7a8                alt_up_ps2_clear_fifo
                0x0000e7d8                alt_up_ps2_read_data_byte
                0x0000e830                alt_up_ps2_read_data_byte_timeout
                0x0000e8b0                alt_up_ps2_read_fd
                0x0000e8d8                alt_up_ps2_wait_for_ack
                0x0000e934                alt_up_ps2_write_data_byte
                0x0000e974                alt_up_ps2_write_fd
                0x0000e9e4                alt_up_ps2_write_data_byte_with_ack
                0x0000ea18                alt_up_ps2_init
                0x0000eaa0                alt_up_ps2_disable_read_interrupt
                0x0000eabc                alt_up_ps2_enable_read_interrupt
 .text          0x0000ead4      0x1d4 BSP/\libhal_bsp.a(altera_up_avalon_rs232.o)
                0x0000ead4                alt_up_rs232_check_parity
                0x0000eae0                alt_up_rs232_open_dev
                0x0000eb00                alt_up_rs232_read_data
                0x0000eb4c                alt_up_rs232_read_fd
                0x0000ebcc                alt_up_rs232_get_available_space_in_write_FIFO
                0x0000ebdc                alt_up_rs232_write_data
                0x0000ebf4                alt_up_rs232_write_fd
                0x0000ec64                alt_up_rs232_disable_read_interrupt
                0x0000ec80                alt_up_rs232_enable_read_interrupt
                0x0000ec98                alt_up_rs232_get_used_space_in_read_FIFO
 .text          0x0000eca8      0x178 BSP/\libhal_bsp.a(altera_up_avalon_video_character_buffer_with_dma.o)
                0x0000eca8                alt_up_char_buffer_string
                0x0000ed30                alt_up_char_buffer_draw
                0x0000ed88                alt_up_char_buffer_clear
                0x0000edb0                alt_up_char_buffer_open_dev
                0x0000edd0                alt_up_char_buffer_init
 .text          0x0000ee20       0x94 BSP/\libhal_bsp.a(alt_alarm_start.o)
                0x0000ee20                alt_alarm_start
 .text          0x0000eeb4        0x4 BSP/\libhal_bsp.a(alt_dcache_flush_all.o)
                0x0000eeb4                alt_dcache_flush_all
 .text          0x0000eeb8       0x70 BSP/\libhal_bsp.a(alt_dev_llist_insert.o)
                0x0000eeb8                alt_dev_llist_insert
 .text          0x0000ef28       0x70 BSP/\libhal_bsp.a(alt_find_dev.o)
                0x0000ef28                alt_find_dev
 .text          0x0000ef98       0x20 BSP/\libhal_bsp.a(alt_icache_flush_all.o)
                0x0000ef98                alt_icache_flush_all
 .text          0x0000efb8       0xfc BSP/\libhal_bsp.a(alt_io_redirect.o)
                0x0000f01c                alt_io_redirect
 .text          0x0000f0b4        0x0 BSP/\libhal_bsp.a(alt_irq_entry.o)
 .text          0x0000f0b4        0x0 BSP/\libhal_bsp.a(alt_irq_handler.o)
 .text          0x0000f0b4      0x17c BSP/\libhal_bsp.a(alt_open.o)
                0x0000f0b4                open
 .text          0x0000f230       0x28 BSP/\libhal_bsp.a(alt_remap_uncached.o)
                0x0000f230                alt_remap_uncached
 .text          0x0000f258       0xe0 BSP/\libhal_bsp.a(alt_tick.o)
                0x0000f258                alt_alarm_stop
                0x0000f28c                alt_tick
 .text          0x0000f338        0x8 BSP/\libhal_bsp.a(altera_nios2_qsys_irq.o)
                0x0000f338                altera_nios2_qsys_irq_init
 .text          0x0000f340        0x0 BSP/\libhal_bsp.a(alt_exception_entry.o)
 .text          0x0000f340       0xbc BSP/\libhal_bsp.a(alt_find_file.o)
                0x0000f340                alt_find_file
 .text          0x0000f3fc       0x6c BSP/\libhal_bsp.a(alt_get_fd.o)
                0x0000f3fc                alt_get_fd
 .text          0x0000f468       0x3c BSP/\libhal_bsp.a(alt_icache_flush.o)
                0x0000f468                alt_icache_flush
 .text          0x0000f4a4       0x38 c:/altera/13.0sp1/nios2eds/bin/gnu/h-i686-mingw32/bin/../lib/gcc/nios2-elf/4.1.2/../../../../nios2-elf/lib\libc.a(lib_a-exit.o)
                0x0000f4a4                exit
 .text          0x0000f4dc       0x74 c:/altera/13.0sp1/nios2eds/bin/gnu/h-i686-mingw32/bin/../lib/gcc/nios2-elf/4.1.2/../../../../nios2-elf/lib\libc.a(lib_a-memcmp.o)
                0x0000f4dc                memcmp
 .text          0x0000f550      0x1b4 c:/altera/13.0sp1/nios2eds/bin/gnu/h-i686-mingw32/bin/../lib/gcc/nios2-elf/4.1.2/../../../../nios2-elf/lib\libc.a(lib_a-__call_atexit.o)
                0x0000f554                __call_exitprocs
 .text          0x0000f704       0x14 BSP/\libhal_bsp.a(alt_exit.o)
                0x0000f704                _exit
 *(.gnu.warning.*)
 *(.fini)
                0x0000f718                PROVIDE (__etext, ABSOLUTE (.))
                0x0000f718                PROVIDE (_etext, ABSOLUTE (.))
                0x0000f718                PROVIDE (etext, ABSOLUTE (.))
 *(.eh_frame_hdr)
                0x0000f718                . = ALIGN (0x4)
                0x0000f718                PROVIDE (__preinit_array_start, ABSOLUTE (.))
 *(.preinit_array)
                0x0000f718                PROVIDE (__preinit_array_end, ABSOLUTE (.))
                0x0000f718                PROVIDE (__init_array_start, ABSOLUTE (.))
 *(.init_array)
                0x0000f718                PROVIDE (__init_array_end, ABSOLUTE (.))
                0x0000f718                PROVIDE (__fini_array_start, ABSOLUTE (.))
 *(.fini_array)
                0x0000f718                PROVIDE (__fini_array_end, ABSOLUTE (.))
 *(.eh_frame)
 *(.gcc_except_table)
 *(.dynamic)
                0x0000f718                PROVIDE (__CTOR_LIST__, ABSOLUTE (.))
 *(.ctors)
 *(SORT(.ctors.*))
 .ctors.65535   0x0000f718        0x4 c:/altera/13.0sp1/nios2eds/bin/gnu/h-i686-mingw32/bin/../lib/gcc/nios2-elf/4.1.2/../../../../nios2-elf/lib\libc.a(lib_a-__call_atexit.o)
                0x0000f71c                PROVIDE (__CTOR_END__, ABSOLUTE (.))
                0x0000f71c                PROVIDE (__DTOR_LIST__, ABSOLUTE (.))
 *(.dtors)
 *(SORT(.dtors.*))
                0x0000f71c                PROVIDE (__DTOR_END__, ABSOLUTE (.))
 *(.jcr)
                0x0000f71c                . = ALIGN (0x4)

.rodata         0x0000f71c      0x590
                0x0000f71c                PROVIDE (__ram_rodata_start, ABSOLUTE (.))
                0x0000f71c                . = ALIGN (0x4)
 *(.rodata .rodata.* .gnu.linkonce.r.*)
 .rodata        0x0000f71c       0x10 obj/default//C/Users/pavmeh/Desktop/fpga-speech-recognition/software/src/ee109-lib/hex.o
 .rodata.str1.4
                0x0000f72c       0x94 obj/default//C/Users/pavmeh/Desktop/fpga-speech-recognition/software/src/main.o
                                 0x9c (size before relaxing)
 .rodata.str1.4
                0x0000f7c0        0x6 c:/altera/13.0sp1/nios2eds/bin/gnu/h-i686-mingw32/bin/../lib/gcc/nios2-elf/4.1.2/../../../../nios2-elf/lib\libm.a(lib_a-w_log10.o)
                                  0xc (size before relaxing)
 *fill*         0x0000f7c6        0x2 00
 .rodata.str1.4
                0x0000f7c8        0x5 c:/altera/13.0sp1/nios2eds/bin/gnu/h-i686-mingw32/bin/../lib/gcc/nios2-elf/4.1.2/../../../../nios2-elf/lib\libm.a(lib_a-w_sqrt.o)
                                  0x8 (size before relaxing)
 *fill*         0x0000f7cd        0x3 00
 .rodata        0x0000f7d0       0x14 c:/altera/13.0sp1/nios2eds/bin/gnu/h-i686-mingw32/bin/../lib/gcc/nios2-elf/4.1.2\libgcc.a(_thenan_df.o)
                0x0000f7d0                __thenan_df
 .rodata        0x0000f7e4      0x100 c:/altera/13.0sp1/nios2eds/bin/gnu/h-i686-mingw32/bin/../lib/gcc/nios2-elf/4.1.2\libgcc.a(_clz.o)
                0x0000f7e4                __clz_tab
 .rodata.str1.4
                0x0000f8e4        0x2 c:/altera/13.0sp1/nios2eds/bin/gnu/h-i686-mingw32/bin/../lib/gcc/nios2-elf/4.1.2/../../../../nios2-elf/lib\libc.a(lib_a-impure.o)
                                  0x4 (size before relaxing)
 .rodata.str1.4
                0x00000000        0x2 c:/altera/13.0sp1/nios2eds/bin/gnu/h-i686-mingw32/bin/../lib/gcc/nios2-elf/4.1.2/../../../../nios2-elf/lib\libc.a(lib_a-puts.o)
                                  0x4 (size before relaxing)
 *fill*         0x0000f8e6        0x2 00
 .rodata.str1.4
                0x0000f8e8       0x5a c:/altera/13.0sp1/nios2eds/bin/gnu/h-i686-mingw32/bin/../lib/gcc/nios2-elf/4.1.2/../../../../nios2-elf/lib\libc.a(lib_a-vfprintf.o)
                                 0x60 (size before relaxing)
 .rodata        0x0000f942       0x20 c:/altera/13.0sp1/nios2eds/bin/gnu/h-i686-mingw32/bin/../lib/gcc/nios2-elf/4.1.2/../../../../nios2-elf/lib\libc.a(lib_a-vfprintf.o)
 *fill*         0x0000f962        0x2 00
 .rodata.str1.4
                0x0000f964       0x10 c:/altera/13.0sp1/nios2eds/bin/gnu/h-i686-mingw32/bin/../lib/gcc/nios2-elf/4.1.2/../../../../nios2-elf/lib\libc.a(lib_a-dtoa.o)
                                 0x14 (size before relaxing)
 .rodata.str1.4
                0x0000f974        0xf c:/altera/13.0sp1/nios2eds/bin/gnu/h-i686-mingw32/bin/../lib/gcc/nios2-elf/4.1.2/../../../../nios2-elf/lib\libc.a(lib_a-locale.o)
                                 0x18 (size before relaxing)
 *fill*         0x0000f983        0x1 00
 .rodata        0x0000f984       0x30 c:/altera/13.0sp1/nios2eds/bin/gnu/h-i686-mingw32/bin/../lib/gcc/nios2-elf/4.1.2/../../../../nios2-elf/lib\libc.a(lib_a-locale.o)
 .rodata        0x0000f9b4      0x124 c:/altera/13.0sp1/nios2eds/bin/gnu/h-i686-mingw32/bin/../lib/gcc/nios2-elf/4.1.2/../../../../nios2-elf/lib\libc.a(lib_a-mprec.o)
                0x0000f9b4                __mprec_tens
                0x0000fa7c                __mprec_bigtens
                0x0000faa4                __mprec_tinytens
 .rodata.str1.4
                0x0000fad8        0xa BSP/\libhal_bsp.a(alt_dev.o)
                                  0xc (size before relaxing)
 *fill*         0x0000fae2        0x2 00
 .rodata.str1.4
                0x0000fae4        0xf BSP/\libhal_bsp.a(alt_main.o)
                                 0x10 (size before relaxing)
 *fill*         0x0000faf3        0x1 00
 .rodata.str1.4
                0x0000faf4      0x1b5 BSP/\libhal_bsp.a(alt_sys_init.o)
                                0x1c8 (size before relaxing)
 .rodata.str1.4
                0x00000000      0x1b8 BSP/\libhal_bsp.a(altera_up_avalon_video_character_buffer_with_dma.o)
                                 0x1c (size before relaxing)
 *(.rodata1)
                0x0000fcac                . = ALIGN (0x4)
 *fill*         0x0000fca9        0x3 00
                0x0000fcac                PROVIDE (__ram_rodata_end, ABSOLUTE (.))
                0x0000f71c                PROVIDE (__flash_rodata_start, LOADADDR (.rodata))

.rwdata         0x0000fcac     0x9f30 load address 0x00019bdc
                0x0000fcac                PROVIDE (__ram_rwdata_start, ABSOLUTE (.))
                0x0000fcac                . = ALIGN (0x4)
 *(.got.plt)
 *(.got)
 *(.data1)
 *(.data .data.* .gnu.linkonce.d.*)
 .data          0x0000fcac        0x0 BSP//obj/HAL/src/crt0.o
 .data          0x0000fcac        0x0 obj/default//C/Users/pavmeh/Desktop/fpga-speech-recognition/software/src/audio_isr.o
 .data          0x0000fcac        0x0 obj/default//C/Users/pavmeh/Desktop/fpga-speech-recognition/software/src/belfft/kiss_fft.o
 .data          0x0000fcac        0x0 obj/default//C/Users/pavmeh/Desktop/fpga-speech-recognition/software/src/ee109-lib/audio.o
 .data          0x0000fcac        0x0 obj/default//C/Users/pavmeh/Desktop/fpga-speech-recognition/software/src/ee109-lib/char_lcd.o
 .data          0x0000fcac        0x0 obj/default//C/Users/pavmeh/Desktop/fpga-speech-recognition/software/src/ee109-lib/green_leds.o
 .data          0x0000fcac        0x0 obj/default//C/Users/pavmeh/Desktop/fpga-speech-recognition/software/src/ee109-lib/hex.o
 .data          0x0000fcac        0x0 obj/default//C/Users/pavmeh/Desktop/fpga-speech-recognition/software/src/ee109-lib/lcd.o
 .data          0x0000fcac        0x0 obj/default//C/Users/pavmeh/Desktop/fpga-speech-recognition/software/src/ee109-lib/pushbuttons.o
 .data          0x0000fcac        0x0 obj/default//C/Users/pavmeh/Desktop/fpga-speech-recognition/software/src/ee109-lib/red_leds.o
 .data          0x0000fcac        0x0 obj/default//C/Users/pavmeh/Desktop/fpga-speech-recognition/software/src/ee109-lib/rs232.o
 .data          0x0000fcac        0x0 obj/default//C/Users/pavmeh/Desktop/fpga-speech-recognition/software/src/ee109-lib/switches.o
 .data          0x0000fcac        0x0 obj/default//C/Users/pavmeh/Desktop/fpga-speech-recognition/software/src/ee109-lib/vga.o
 .data          0x0000fcac        0x0 obj/default//C/Users/pavmeh/Desktop/fpga-speech-recognition/software/src/main.o
 .data          0x0000fcac        0x0 obj/default//C/Users/pavmeh/Desktop/fpga-speech-recognition/software/src/pushbuttons_isr.o
 .data          0x0000fcac        0x0 obj/default//C/Users/pavmeh/Desktop/fpga-speech-recognition/software/src/switches_isr.o
 .data          0x0000fcac     0x8030 obj/default//C/Users/pavmeh/Desktop/fpga-speech-recognition/software/src/system_globals.o
                0x0000fcac                mat
                0x000163dc                DCT_LIFTER
                0x000167ec                TRIBANK
                0x00017c3c                tribankStart
                0x00017c8c                tribankEnd
 .data          0x00017cdc        0x0 c:/altera/13.0sp1/nios2eds/bin/gnu/h-i686-mingw32/bin/../lib/gcc/nios2-elf/4.1.2/../../../../nios2-elf/lib\libm.a(lib_a-w_log10.o)
 .data          0x00017cdc        0x0 c:/altera/13.0sp1/nios2eds/bin/gnu/h-i686-mingw32/bin/../lib/gcc/nios2-elf/4.1.2/../../../../nios2-elf/lib\libm.a(lib_a-w_sqrt.o)
 .data          0x00017cdc        0x0 c:/altera/13.0sp1/nios2eds/bin/gnu/h-i686-mingw32/bin/../lib/gcc/nios2-elf/4.1.2/../../../../nios2-elf/lib\libm.a(lib_a-e_log10.o)
 .data          0x00017cdc        0x0 c:/altera/13.0sp1/nios2eds/bin/gnu/h-i686-mingw32/bin/../lib/gcc/nios2-elf/4.1.2/../../../../nios2-elf/lib\libm.a(lib_a-e_sqrt.o)
 .data          0x00017cdc        0x0 c:/altera/13.0sp1/nios2eds/bin/gnu/h-i686-mingw32/bin/../lib/gcc/nios2-elf/4.1.2/../../../../nios2-elf/lib\libm.a(lib_a-s_isnand.o)
 .data          0x00017cdc        0x0 c:/altera/13.0sp1/nios2eds/bin/gnu/h-i686-mingw32/bin/../lib/gcc/nios2-elf/4.1.2/../../../../nios2-elf/lib\libm.a(lib_a-s_lib_ver.o)
 .data          0x00017cdc        0x0 c:/altera/13.0sp1/nios2eds/bin/gnu/h-i686-mingw32/bin/../lib/gcc/nios2-elf/4.1.2/../../../../nios2-elf/lib\libm.a(lib_a-s_matherr.o)
 .data          0x00017cdc        0x0 c:/altera/13.0sp1/nios2eds/bin/gnu/h-i686-mingw32/bin/../lib/gcc/nios2-elf/4.1.2/../../../../nios2-elf/lib\libm.a(lib_a-s_nan.o)
 .data          0x00017cdc        0x0 c:/altera/13.0sp1/nios2eds/bin/gnu/h-i686-mingw32/bin/../lib/gcc/nios2-elf/4.1.2/../../../../nios2-elf/lib\libm.a(lib_a-e_log.o)
 .data          0x00017cdc        0x0 c:/altera/13.0sp1/nios2eds/bin/gnu/h-i686-mingw32/bin/../lib/gcc/nios2-elf/4.1.2\libgcc.a(_sf_to_df.o)
 .data          0x00017cdc        0x0 c:/altera/13.0sp1/nios2eds/bin/gnu/h-i686-mingw32/bin/../lib/gcc/nios2-elf/4.1.2\libgcc.a(_addsub_df.o)
 .data          0x00017cdc        0x0 c:/altera/13.0sp1/nios2eds/bin/gnu/h-i686-mingw32/bin/../lib/gcc/nios2-elf/4.1.2\libgcc.a(_mul_df.o)
 .data          0x00017cdc        0x0 c:/altera/13.0sp1/nios2eds/bin/gnu/h-i686-mingw32/bin/../lib/gcc/nios2-elf/4.1.2\libgcc.a(_div_df.o)
 .data          0x00017cdc        0x0 c:/altera/13.0sp1/nios2eds/bin/gnu/h-i686-mingw32/bin/../lib/gcc/nios2-elf/4.1.2\libgcc.a(_eq_df.o)
 .data          0x00017cdc        0x0 c:/altera/13.0sp1/nios2eds/bin/gnu/h-i686-mingw32/bin/../lib/gcc/nios2-elf/4.1.2\libgcc.a(_gt_df.o)
 .data          0x00017cdc        0x0 c:/altera/13.0sp1/nios2eds/bin/gnu/h-i686-mingw32/bin/../lib/gcc/nios2-elf/4.1.2\libgcc.a(_ge_df.o)
 .data          0x00017cdc        0x0 c:/altera/13.0sp1/nios2eds/bin/gnu/h-i686-mingw32/bin/../lib/gcc/nios2-elf/4.1.2\libgcc.a(_lt_df.o)
 .data          0x00017cdc        0x0 c:/altera/13.0sp1/nios2eds/bin/gnu/h-i686-mingw32/bin/../lib/gcc/nios2-elf/4.1.2\libgcc.a(_le_df.o)
 .data          0x00017cdc        0x0 c:/altera/13.0sp1/nios2eds/bin/gnu/h-i686-mingw32/bin/../lib/gcc/nios2-elf/4.1.2\libgcc.a(_si_to_df.o)
 .data          0x00017cdc        0x0 c:/altera/13.0sp1/nios2eds/bin/gnu/h-i686-mingw32/bin/../lib/gcc/nios2-elf/4.1.2\libgcc.a(_make_df.o)
 .data          0x00017cdc        0x0 c:/altera/13.0sp1/nios2eds/bin/gnu/h-i686-mingw32/bin/../lib/gcc/nios2-elf/4.1.2\libgcc.a(_thenan_df.o)
 .data          0x00017cdc        0x0 c:/altera/13.0sp1/nios2eds/bin/gnu/h-i686-mingw32/bin/../lib/gcc/nios2-elf/4.1.2\libgcc.a(_muldi3.o)
 .data          0x00017cdc        0x0 c:/altera/13.0sp1/nios2eds/bin/gnu/h-i686-mingw32/bin/../lib/gcc/nios2-elf/4.1.2\libgcc.a(_clzsi2.o)
 .data          0x00017cdc        0x0 c:/altera/13.0sp1/nios2eds/bin/gnu/h-i686-mingw32/bin/../lib/gcc/nios2-elf/4.1.2\libgcc.a(_unpack_sf.o)
 .data          0x00017cdc        0x0 c:/altera/13.0sp1/nios2eds/bin/gnu/h-i686-mingw32/bin/../lib/gcc/nios2-elf/4.1.2\libgcc.a(_pack_df.o)
 .data          0x00017cdc        0x0 c:/altera/13.0sp1/nios2eds/bin/gnu/h-i686-mingw32/bin/../lib/gcc/nios2-elf/4.1.2\libgcc.a(_unpack_df.o)
 .data          0x00017cdc        0x0 c:/altera/13.0sp1/nios2eds/bin/gnu/h-i686-mingw32/bin/../lib/gcc/nios2-elf/4.1.2\libgcc.a(_fpcmp_parts_df.o)
 .data          0x00017cdc        0x0 c:/altera/13.0sp1/nios2eds/bin/gnu/h-i686-mingw32/bin/../lib/gcc/nios2-elf/4.1.2\libgcc.a(_clz.o)
 .data          0x00017cdc        0x0 c:/altera/13.0sp1/nios2eds/bin/gnu/h-i686-mingw32/bin/../lib/gcc/nios2-elf/4.1.2/../../../../nios2-elf/lib\libc.a(lib_a-errno.o)
 .data          0x00017cdc      0x400 c:/altera/13.0sp1/nios2eds/bin/gnu/h-i686-mingw32/bin/../lib/gcc/nios2-elf/4.1.2/../../../../nios2-elf/lib\libc.a(lib_a-impure.o)
 .data          0x000180dc        0x0 c:/altera/13.0sp1/nios2eds/bin/gnu/h-i686-mingw32/bin/../lib/gcc/nios2-elf/4.1.2/../../../../nios2-elf/lib\libc.a(lib_a-malloc.o)
 .data          0x000180dc      0x408 c:/altera/13.0sp1/nios2eds/bin/gnu/h-i686-mingw32/bin/../lib/gcc/nios2-elf/4.1.2/../../../../nios2-elf/lib\libc.a(lib_a-mallocr.o)
                0x000180dc                __malloc_av_
 .data          0x000184e4        0x0 c:/altera/13.0sp1/nios2eds/bin/gnu/h-i686-mingw32/bin/../lib/gcc/nios2-elf/4.1.2/../../../../nios2-elf/lib\libc.a(lib_a-printf.o)
 .data          0x000184e4        0x0 c:/altera/13.0sp1/nios2eds/bin/gnu/h-i686-mingw32/bin/../lib/gcc/nios2-elf/4.1.2/../../../../nios2-elf/lib\libc.a(lib_a-puts.o)
 .data          0x000184e4        0x0 c:/altera/13.0sp1/nios2eds/bin/gnu/h-i686-mingw32/bin/../lib/gcc/nios2-elf/4.1.2/../../../../nios2-elf/lib\libc.a(lib_a-sbrkr.o)
 .data          0x000184e4        0x0 c:/altera/13.0sp1/nios2eds/bin/gnu/h-i686-mingw32/bin/../lib/gcc/nios2-elf/4.1.2/../../../../nios2-elf/lib\libc.a(lib_a-snprintf.o)
 .data          0x000184e4        0x0 c:/altera/13.0sp1/nios2eds/bin/gnu/h-i686-mingw32/bin/../lib/gcc/nios2-elf/4.1.2/../../../../nios2-elf/lib\libc.a(lib_a-strlen.o)
 .data          0x000184e4        0x0 c:/altera/13.0sp1/nios2eds/bin/gnu/h-i686-mingw32/bin/../lib/gcc/nios2-elf/4.1.2/../../../../nios2-elf/lib\libc.a(lib_a-vfprintf.o)
 .data          0x000184e4        0x0 c:/altera/13.0sp1/nios2eds/bin/gnu/h-i686-mingw32/bin/../lib/gcc/nios2-elf/4.1.2/../../../../nios2-elf/lib\libc.a(lib_a-wsetup.o)
 .data          0x000184e4        0x0 c:/altera/13.0sp1/nios2eds/bin/gnu/h-i686-mingw32/bin/../lib/gcc/nios2-elf/4.1.2/../../../../nios2-elf/lib\libc.a(lib_a-dtoa.o)
 .data          0x000184e4        0x0 c:/altera/13.0sp1/nios2eds/bin/gnu/h-i686-mingw32/bin/../lib/gcc/nios2-elf/4.1.2/../../../../nios2-elf/lib\libc.a(lib_a-fflush.o)
 .data          0x000184e4        0x0 c:/altera/13.0sp1/nios2eds/bin/gnu/h-i686-mingw32/bin/../lib/gcc/nios2-elf/4.1.2/../../../../nios2-elf/lib\libc.a(lib_a-findfp.o)
 .data          0x000184e4        0x0 c:/altera/13.0sp1/nios2eds/bin/gnu/h-i686-mingw32/bin/../lib/gcc/nios2-elf/4.1.2/../../../../nios2-elf/lib\libc.a(lib_a-freer.o)
 .data          0x000184e4        0x0 c:/altera/13.0sp1/nios2eds/bin/gnu/h-i686-mingw32/bin/../lib/gcc/nios2-elf/4.1.2/../../../../nios2-elf/lib\libc.a(lib_a-fvwrite.o)
 .data          0x000184e4        0x0 c:/altera/13.0sp1/nios2eds/bin/gnu/h-i686-mingw32/bin/../lib/gcc/nios2-elf/4.1.2/../../../../nios2-elf/lib\libc.a(lib_a-fwalk.o)
 .data          0x000184e4        0x0 c:/altera/13.0sp1/nios2eds/bin/gnu/h-i686-mingw32/bin/../lib/gcc/nios2-elf/4.1.2/../../../../nios2-elf/lib\libc.a(lib_a-int_errno.o)
 .data          0x000184e4        0xc c:/altera/13.0sp1/nios2eds/bin/gnu/h-i686-mingw32/bin/../lib/gcc/nios2-elf/4.1.2/../../../../nios2-elf/lib\libc.a(lib_a-locale.o)
                0x000184e4                __lc_ctype
 .data          0x000184f0        0x0 c:/altera/13.0sp1/nios2eds/bin/gnu/h-i686-mingw32/bin/../lib/gcc/nios2-elf/4.1.2/../../../../nios2-elf/lib\libc.a(lib_a-makebuf.o)
 .data          0x000184f0        0x0 c:/altera/13.0sp1/nios2eds/bin/gnu/h-i686-mingw32/bin/../lib/gcc/nios2-elf/4.1.2/../../../../nios2-elf/lib\libc.a(lib_a-memchr.o)
 .data          0x000184f0        0x0 c:/altera/13.0sp1/nios2eds/bin/gnu/h-i686-mingw32/bin/../lib/gcc/nios2-elf/4.1.2/../../../../nios2-elf/lib\libc.a(lib_a-memcpy.o)
 .data          0x000184f0        0x0 c:/altera/13.0sp1/nios2eds/bin/gnu/h-i686-mingw32/bin/../lib/gcc/nios2-elf/4.1.2/../../../../nios2-elf/lib\libc.a(lib_a-memmove.o)
 .data          0x000184f0        0x0 c:/altera/13.0sp1/nios2eds/bin/gnu/h-i686-mingw32/bin/../lib/gcc/nios2-elf/4.1.2/../../../../nios2-elf/lib\libc.a(lib_a-memset.o)
 .data          0x000184f0        0x0 c:/altera/13.0sp1/nios2eds/bin/gnu/h-i686-mingw32/bin/../lib/gcc/nios2-elf/4.1.2/../../../../nios2-elf/lib\libc.a(lib_a-mprec.o)
 .data          0x000184f0        0x0 c:/altera/13.0sp1/nios2eds/bin/gnu/h-i686-mingw32/bin/../lib/gcc/nios2-elf/4.1.2/../../../../nios2-elf/lib\libc.a(lib_a-reallocr.o)
 .data          0x000184f0        0x0 c:/altera/13.0sp1/nios2eds/bin/gnu/h-i686-mingw32/bin/../lib/gcc/nios2-elf/4.1.2/../../../../nios2-elf/lib\libc.a(lib_a-s_isinfd.o)
 .data          0x000184f0        0x0 c:/altera/13.0sp1/nios2eds/bin/gnu/h-i686-mingw32/bin/../lib/gcc/nios2-elf/4.1.2/../../../../nios2-elf/lib\libc.a(lib_a-stdio.o)
 .data          0x000184f0        0x0 c:/altera/13.0sp1/nios2eds/bin/gnu/h-i686-mingw32/bin/../lib/gcc/nios2-elf/4.1.2/../../../../nios2-elf/lib\libc.a(lib_a-strcmp.o)
 .data          0x000184f0        0x0 c:/altera/13.0sp1/nios2eds/bin/gnu/h-i686-mingw32/bin/../lib/gcc/nios2-elf/4.1.2/../../../../nios2-elf/lib\libc.a(lib_a-writer.o)
 .data          0x000184f0        0x0 c:/altera/13.0sp1/nios2eds/bin/gnu/h-i686-mingw32/bin/../lib/gcc/nios2-elf/4.1.2/../../../../nios2-elf/lib\libc.a(lib_a-callocr.o)
 .data          0x000184f0        0x0 c:/altera/13.0sp1/nios2eds/bin/gnu/h-i686-mingw32/bin/../lib/gcc/nios2-elf/4.1.2/../../../../nios2-elf/lib\libc.a(lib_a-closer.o)
 .data          0x000184f0        0x0 c:/altera/13.0sp1/nios2eds/bin/gnu/h-i686-mingw32/bin/../lib/gcc/nios2-elf/4.1.2/../../../../nios2-elf/lib\libc.a(lib_a-fclose.o)
 .data          0x000184f0        0x0 c:/altera/13.0sp1/nios2eds/bin/gnu/h-i686-mingw32/bin/../lib/gcc/nios2-elf/4.1.2/../../../../nios2-elf/lib\libc.a(lib_a-fstatr.o)
 .data          0x000184f0        0x0 c:/altera/13.0sp1/nios2eds/bin/gnu/h-i686-mingw32/bin/../lib/gcc/nios2-elf/4.1.2/../../../../nios2-elf/lib\libc.a(lib_a-isattyr.o)
 .data          0x000184f0        0x0 c:/altera/13.0sp1/nios2eds/bin/gnu/h-i686-mingw32/bin/../lib/gcc/nios2-elf/4.1.2/../../../../nios2-elf/lib\libc.a(lib_a-lseekr.o)
 .data          0x000184f0        0x0 c:/altera/13.0sp1/nios2eds/bin/gnu/h-i686-mingw32/bin/../lib/gcc/nios2-elf/4.1.2/../../../../nios2-elf/lib\libc.a(lib_a-readr.o)
 .data          0x000184f0        0x0 c:/altera/13.0sp1/nios2eds/bin/gnu/h-i686-mingw32/bin/../lib/gcc/nios2-elf/4.1.2\libgcc.a(_udivdi3.o)
 .data          0x000184f0        0x0 c:/altera/13.0sp1/nios2eds/bin/gnu/h-i686-mingw32/bin/../lib/gcc/nios2-elf/4.1.2\libgcc.a(_umoddi3.o)
 .data          0x000184f0        0x0 c:/altera/13.0sp1/nios2eds/bin/gnu/h-i686-mingw32/bin/../lib/gcc/nios2-elf/4.1.2\libgcc.a(_ne_df.o)
 .data          0x000184f0        0x0 c:/altera/13.0sp1/nios2eds/bin/gnu/h-i686-mingw32/bin/../lib/gcc/nios2-elf/4.1.2\libgcc.a(_df_to_si.o)
 .data          0x000184f0        0x0 c:/altera/13.0sp1/nios2eds/bin/gnu/h-i686-mingw32/bin/../lib/gcc/nios2-elf/4.1.2\libgcc.a(_usi_to_df.o)
 .data          0x000184f0        0x0 c:/altera/13.0sp1/nios2eds/bin/gnu/h-i686-mingw32/bin/../lib/gcc/nios2-elf/4.1.2\libgcc.a(lib2-divmod.o)
 .data          0x000184f0        0x0 BSP/\libhal_bsp.a(alt_close.o)
 .data          0x000184f0        0x0 BSP/\libhal_bsp.a(alt_dcache_flush.o)
 .data          0x000184f0      0x1a8 BSP/\libhal_bsp.a(alt_dev.o)
                0x000184f0                alt_dev_null
                0x00018518                alt_fd_list
 .data          0x00018698        0x0 BSP/\libhal_bsp.a(alt_errno.o)
 .data          0x00018698        0x0 BSP/\libhal_bsp.a(alt_fstat.o)
 .data          0x00018698        0x0 BSP/\libhal_bsp.a(alt_irq_register.o)
 .data          0x00018698        0x0 BSP/\libhal_bsp.a(alt_irq_vars.o)
 .data          0x00018698        0x0 BSP/\libhal_bsp.a(alt_isatty.o)
 .data          0x00018698        0x0 BSP/\libhal_bsp.a(alt_load.o)
 .data          0x00018698        0x0 BSP/\libhal_bsp.a(alt_lseek.o)
 .data          0x00018698        0x0 BSP/\libhal_bsp.a(alt_main.o)
 .data          0x00018698        0x0 BSP/\libhal_bsp.a(alt_malloc_lock.o)
 .data          0x00018698        0x0 BSP/\libhal_bsp.a(alt_read.o)
 .data          0x00018698        0x0 BSP/\libhal_bsp.a(alt_release_fd.o)
 .data          0x00018698        0x0 BSP/\libhal_bsp.a(alt_sbrk.o)
 .data          0x00018698        0x0 BSP/\libhal_bsp.a(alt_write.o)
 .data          0x00018698     0x1494 BSP/\libhal_bsp.a(alt_sys_init.o)
 .data          0x00019b2c        0x0 BSP/\libhal_bsp.a(altera_avalon_jtag_uart_fd.o)
 .data          0x00019b2c        0x0 BSP/\libhal_bsp.a(altera_avalon_jtag_uart_init.o)
 .data          0x00019b2c        0x0 BSP/\libhal_bsp.a(altera_avalon_jtag_uart_ioctl.o)
 .data          0x00019b2c        0x0 BSP/\libhal_bsp.a(altera_avalon_jtag_uart_read.o)
 .data          0x00019b2c        0x0 BSP/\libhal_bsp.a(altera_avalon_jtag_uart_write.o)
 .data          0x00019b2c        0x0 BSP/\libhal_bsp.a(altera_avalon_sgdma.o)
 .data          0x00019b2c        0x0 BSP/\libhal_bsp.a(altera_avalon_timer_sc.o)
 .data          0x00019b2c        0x0 BSP/\libhal_bsp.a(altera_up_avalon_character_lcd.o)
 .data          0x00019b2c        0x0 BSP/\libhal_bsp.a(altera_up_avalon_irda.o)
 .data          0x00019b2c        0x0 BSP/\libhal_bsp.a(altera_up_avalon_ps2.o)
 .data          0x00019b2c        0x0 BSP/\libhal_bsp.a(altera_up_avalon_rs232.o)
 .data          0x00019b2c        0x0 BSP/\libhal_bsp.a(altera_up_avalon_video_character_buffer_with_dma.o)
 .data          0x00019b2c        0x0 BSP/\libhal_bsp.a(alt_alarm_start.o)
 .data          0x00019b2c        0x0 BSP/\libhal_bsp.a(alt_dcache_flush_all.o)
 .data          0x00019b2c        0x0 BSP/\libhal_bsp.a(alt_dev_llist_insert.o)
 .data          0x00019b2c        0x0 BSP/\libhal_bsp.a(alt_find_dev.o)
 .data          0x00019b2c        0x0 BSP/\libhal_bsp.a(alt_icache_flush_all.o)
 .data          0x00019b2c        0x0 BSP/\libhal_bsp.a(alt_io_redirect.o)
 .data          0x00019b2c        0x0 BSP/\libhal_bsp.a(alt_irq_entry.o)
 .data          0x00019b2c        0x0 BSP/\libhal_bsp.a(alt_irq_handler.o)
 .data          0x00019b2c        0x0 BSP/\libhal_bsp.a(alt_open.o)
 .data          0x00019b2c        0x0 BSP/\libhal_bsp.a(alt_remap_uncached.o)
 .data          0x00019b2c        0x0 BSP/\libhal_bsp.a(alt_tick.o)
 .data          0x00019b2c        0x0 BSP/\libhal_bsp.a(altera_nios2_qsys_irq.o)
 .data          0x00019b2c        0x0 BSP/\libhal_bsp.a(alt_exception_entry.o)
 .data          0x00019b2c        0x0 BSP/\libhal_bsp.a(alt_find_file.o)
 .data          0x00019b2c        0x0 BSP/\libhal_bsp.a(alt_get_fd.o)
 .data          0x00019b2c        0x0 BSP/\libhal_bsp.a(alt_icache_flush.o)
 .data          0x00019b2c        0x0 c:/altera/13.0sp1/nios2eds/bin/gnu/h-i686-mingw32/bin/../lib/gcc/nios2-elf/4.1.2/../../../../nios2-elf/lib\libc.a(lib_a-exit.o)
 .data          0x00019b2c        0x0 c:/altera/13.0sp1/nios2eds/bin/gnu/h-i686-mingw32/bin/../lib/gcc/nios2-elf/4.1.2/../../../../nios2-elf/lib\libc.a(lib_a-memcmp.o)
 .data          0x00019b2c        0x0 c:/altera/13.0sp1/nios2eds/bin/gnu/h-i686-mingw32/bin/../lib/gcc/nios2-elf/4.1.2/../../../../nios2-elf/lib\libc.a(lib_a-__call_atexit.o)
 .data          0x00019b2c        0x0 BSP/\libhal_bsp.a(alt_exit.o)
                0x00021b2c                _gp = ABSOLUTE ((. + 0x8000))
                0x00021b2c                PROVIDE (gp, _gp)
 *(.rwdata .rwdata.*)
 *(.sdata .sdata.* .gnu.linkonce.s.*)
 .sdata         0x00019b2c       0x10 obj/default//C/Users/pavmeh/Desktop/fpga-speech-recognition/software/src/ee109-lib/audio.o
 .sdata         0x00019b3c        0x8 obj/default//C/Users/pavmeh/Desktop/fpga-speech-recognition/software/src/ee109-lib/char_lcd.o
                0x00019b3c                instruction_ptr
                0x00019b40                data_ptr
 .sdata         0x00019b44        0x4 obj/default//C/Users/pavmeh/Desktop/fpga-speech-recognition/software/src/ee109-lib/green_leds.o
 .sdata         0x00019b48        0x8 obj/default//C/Users/pavmeh/Desktop/fpga-speech-recognition/software/src/ee109-lib/hex.o
 .sdata         0x00019b50       0x10 obj/default//C/Users/pavmeh/Desktop/fpga-speech-recognition/software/src/ee109-lib/lcd.o
 .sdata         0x00019b60        0xc obj/default//C/Users/pavmeh/Desktop/fpga-speech-recognition/software/src/ee109-lib/pushbuttons.o
 .sdata         0x00019b6c        0x4 obj/default//C/Users/pavmeh/Desktop/fpga-speech-recognition/software/src/ee109-lib/red_leds.o
 .sdata         0x00019b70        0xc obj/default//C/Users/pavmeh/Desktop/fpga-speech-recognition/software/src/ee109-lib/switches.o
 .sdata         0x00019b7c       0x10 obj/default//C/Users/pavmeh/Desktop/fpga-speech-recognition/software/src/ee109-lib/vga.o
 .sdata         0x00019b8c        0x1 obj/default//C/Users/pavmeh/Desktop/fpga-speech-recognition/software/src/main.o
 *fill*         0x00019b8d        0x3 00
 .sdata         0x00019b90        0x4 c:/altera/13.0sp1/nios2eds/bin/gnu/h-i686-mingw32/bin/../lib/gcc/nios2-elf/4.1.2/../../../../nios2-elf/lib\libm.a(lib_a-s_lib_ver.o)
                0x00019b90                __fdlib_version
 .sdata         0x00019b94        0x8 c:/altera/13.0sp1/nios2eds/bin/gnu/h-i686-mingw32/bin/../lib/gcc/nios2-elf/4.1.2/../../../../nios2-elf/lib\libc.a(lib_a-impure.o)
                0x00019b94                _impure_ptr
                0x00019b98                _global_impure_ptr
 .sdata         0x00019b9c        0x8 c:/altera/13.0sp1/nios2eds/bin/gnu/h-i686-mingw32/bin/../lib/gcc/nios2-elf/4.1.2/../../../../nios2-elf/lib\libc.a(lib_a-mallocr.o)
                0x00019b9c                __malloc_trim_threshold
                0x00019ba0                __malloc_sbrk_base
 .sdata         0x00019ba4        0x8 c:/altera/13.0sp1/nios2eds/bin/gnu/h-i686-mingw32/bin/../lib/gcc/nios2-elf/4.1.2/../../../../nios2-elf/lib\libc.a(lib_a-locale.o)
                0x00019ba4                __mb_cur_max
 .sdata         0x00019bac       0x14 BSP/\libhal_bsp.a(alt_dev.o)
                0x00019bac                alt_fs_list
                0x00019bb4                alt_dev_list
                0x00019bbc                alt_max_fd
 .sdata         0x00019bc0        0x4 BSP/\libhal_bsp.a(alt_errno.o)
                0x00019bc0                alt_errno
 .sdata         0x00019bc4        0x4 BSP/\libhal_bsp.a(alt_irq_vars.o)
                0x00019bc4                alt_priority_mask
 .sdata         0x00019bc8        0x4 BSP/\libhal_bsp.a(alt_sbrk.o)
 .sdata         0x00019bcc        0x8 BSP/\libhal_bsp.a(altera_avalon_sgdma.o)
                0x00019bcc                alt_sgdma_list
 .sdata         0x00019bd4        0x8 BSP/\libhal_bsp.a(alt_tick.o)
                0x00019bd4                alt_alarm_list
 *(.sdata2 .sdata2.* .gnu.linkonce.s2.*)
                0x00019bdc                . = ALIGN (0x4)
                0x00019bdc                _edata = ABSOLUTE (.)
                0x00019bdc                PROVIDE (edata, ABSOLUTE (.))
                0x00019bdc                PROVIDE (__ram_rwdata_end, ABSOLUTE (.))
                0x00019bdc                PROVIDE (__flash_rwdata_start, LOADADDR (.rwdata))

.bss            0x00023b0c    0x83b08
                0x00023b0c                __bss_start = ABSOLUTE (.)
                0x00023b0c                PROVIDE (__sbss_start, ABSOLUTE (.))
                0x00023b0c                PROVIDE (___sbss_start, ABSOLUTE (.))
 *(.dynsbss)
 *(.sbss .sbss.* .gnu.linkonce.sb.*)
 .sbss          0x00023b0c        0x4 obj/default//C/Users/pavmeh/Desktop/fpga-speech-recognition/software/src/audio_isr.o
 .sbss          0x00023b10        0x4 obj/default//C/Users/pavmeh/Desktop/fpga-speech-recognition/software/src/ee109-lib/audio.o
 .sbss          0x00023b14        0x1 obj/default//C/Users/pavmeh/Desktop/fpga-speech-recognition/software/src/main.o
                0x00023b14                audio_ready
 *fill*         0x00023b15        0x3 00
 .sbss          0x00023b18        0x4 obj/default//C/Users/pavmeh/Desktop/fpga-speech-recognition/software/src/main.o
                0x00023b18                fft_cfg
 .sbss          0x00023b1c        0xc obj/default//C/Users/pavmeh/Desktop/fpga-speech-recognition/software/src/system_globals.o
                0x00023b1c                samples_for_fft_requested
                0x00023b20                numRead
                0x00023b24                working
 .sbss          0x00023b28        0xc c:/altera/13.0sp1/nios2eds/bin/gnu/h-i686-mingw32/bin/../lib/gcc/nios2-elf/4.1.2/../../../../nios2-elf/lib\libc.a(lib_a-mallocr.o)
                0x00023b28                __malloc_top_pad
                0x00023b2c                __malloc_max_sbrked_mem
                0x00023b30                __malloc_max_total_mem
 .sbss          0x00023b34        0x4 c:/altera/13.0sp1/nios2eds/bin/gnu/h-i686-mingw32/bin/../lib/gcc/nios2-elf/4.1.2/../../../../nios2-elf/lib\libc.a(lib_a-int_errno.o)
                0x00023b34                errno
 .sbss          0x00023b38        0xc c:/altera/13.0sp1/nios2eds/bin/gnu/h-i686-mingw32/bin/../lib/gcc/nios2-elf/4.1.2/../../../../nios2-elf/lib\libc.a(lib_a-locale.o)
                0x00023b38                __nlocale_changed
                0x00023b3c                __mlocale_changed
                0x00023b40                _PathLocale
 .sbss          0x00023b44        0x4 BSP/\libhal_bsp.a(alt_irq_vars.o)
                0x00023b44                alt_irq_active
 .sbss          0x00023b48        0xc BSP/\libhal_bsp.a(alt_main.o)
                0x00023b48                alt_argc
                0x00023b4c                alt_argv
                0x00023b50                alt_envp
 .sbss          0x00023b54        0x8 BSP/\libhal_bsp.a(alt_tick.o)
                0x00023b54                _alt_tick_rate
                0x00023b58                _alt_nticks
 *(.sbss2 .sbss2.* .gnu.linkonce.sb2.*)
 *(.scommon)
                0x00023b5c                PROVIDE (__sbss_end, ABSOLUTE (.))
                0x00023b5c                PROVIDE (___sbss_end, ABSOLUTE (.))
 *(.dynbss)
 *(.bss .bss.* .gnu.linkonce.b.*)
 .bss           0x00023b5c        0x0 BSP//obj/HAL/src/crt0.o
 .bss           0x00023b5c      0x400 obj/default//C/Users/pavmeh/Desktop/fpga-speech-recognition/software/src/audio_isr.o
 .bss           0x00023f5c        0x0 obj/default//C/Users/pavmeh/Desktop/fpga-speech-recognition/software/src/belfft/kiss_fft.o
 .bss           0x00023f5c        0x0 obj/default//C/Users/pavmeh/Desktop/fpga-speech-recognition/software/src/ee109-lib/audio.o
 .bss           0x00023f5c        0x0 obj/default//C/Users/pavmeh/Desktop/fpga-speech-recognition/software/src/ee109-lib/char_lcd.o
 .bss           0x00023f5c        0x0 obj/default//C/Users/pavmeh/Desktop/fpga-speech-recognition/software/src/ee109-lib/green_leds.o
 .bss           0x00023f5c        0x0 obj/default//C/Users/pavmeh/Desktop/fpga-speech-recognition/software/src/ee109-lib/hex.o
 .bss           0x00023f5c        0x0 obj/default//C/Users/pavmeh/Desktop/fpga-speech-recognition/software/src/ee109-lib/lcd.o
 .bss           0x00023f5c        0x0 obj/default//C/Users/pavmeh/Desktop/fpga-speech-recognition/software/src/ee109-lib/pushbuttons.o
 .bss           0x00023f5c        0x0 obj/default//C/Users/pavmeh/Desktop/fpga-speech-recognition/software/src/ee109-lib/red_leds.o
 .bss           0x00023f5c        0x0 obj/default//C/Users/pavmeh/Desktop/fpga-speech-recognition/software/src/ee109-lib/rs232.o
 .bss           0x00023f5c        0x0 obj/default//C/Users/pavmeh/Desktop/fpga-speech-recognition/software/src/ee109-lib/switches.o
 .bss           0x00023f5c        0x0 obj/default//C/Users/pavmeh/Desktop/fpga-speech-recognition/software/src/ee109-lib/vga.o
 .bss           0x00023f5c    0x73590 obj/default//C/Users/pavmeh/Desktop/fpga-speech-recognition/software/src/main.o
 .bss           0x000974ec        0x0 obj/default//C/Users/pavmeh/Desktop/fpga-speech-recognition/software/src/pushbuttons_isr.o
 .bss           0x000974ec        0x0 obj/default//C/Users/pavmeh/Desktop/fpga-speech-recognition/software/src/switches_isr.o
 .bss           0x000974ec        0x0 obj/default//C/Users/pavmeh/Desktop/fpga-speech-recognition/software/src/system_globals.o
 .bss           0x000974ec        0x0 c:/altera/13.0sp1/nios2eds/bin/gnu/h-i686-mingw32/bin/../lib/gcc/nios2-elf/4.1.2/../../../../nios2-elf/lib\libm.a(lib_a-w_log10.o)
 .bss           0x000974ec        0x0 c:/altera/13.0sp1/nios2eds/bin/gnu/h-i686-mingw32/bin/../lib/gcc/nios2-elf/4.1.2/../../../../nios2-elf/lib\libm.a(lib_a-w_sqrt.o)
 .bss           0x000974ec        0x0 c:/altera/13.0sp1/nios2eds/bin/gnu/h-i686-mingw32/bin/../lib/gcc/nios2-elf/4.1.2/../../../../nios2-elf/lib\libm.a(lib_a-e_log10.o)
 .bss           0x000974ec        0x0 c:/altera/13.0sp1/nios2eds/bin/gnu/h-i686-mingw32/bin/../lib/gcc/nios2-elf/4.1.2/../../../../nios2-elf/lib\libm.a(lib_a-e_sqrt.o)
 .bss           0x000974ec        0x0 c:/altera/13.0sp1/nios2eds/bin/gnu/h-i686-mingw32/bin/../lib/gcc/nios2-elf/4.1.2/../../../../nios2-elf/lib\libm.a(lib_a-s_isnand.o)
 .bss           0x000974ec        0x0 c:/altera/13.0sp1/nios2eds/bin/gnu/h-i686-mingw32/bin/../lib/gcc/nios2-elf/4.1.2/../../../../nios2-elf/lib\libm.a(lib_a-s_lib_ver.o)
 .bss           0x000974ec        0x0 c:/altera/13.0sp1/nios2eds/bin/gnu/h-i686-mingw32/bin/../lib/gcc/nios2-elf/4.1.2/../../../../nios2-elf/lib\libm.a(lib_a-s_matherr.o)
 .bss           0x000974ec        0x0 c:/altera/13.0sp1/nios2eds/bin/gnu/h-i686-mingw32/bin/../lib/gcc/nios2-elf/4.1.2/../../../../nios2-elf/lib\libm.a(lib_a-s_nan.o)
 .bss           0x000974ec        0x0 c:/altera/13.0sp1/nios2eds/bin/gnu/h-i686-mingw32/bin/../lib/gcc/nios2-elf/4.1.2/../../../../nios2-elf/lib\libm.a(lib_a-e_log.o)
 .bss           0x000974ec        0x0 c:/altera/13.0sp1/nios2eds/bin/gnu/h-i686-mingw32/bin/../lib/gcc/nios2-elf/4.1.2\libgcc.a(_sf_to_df.o)
 .bss           0x000974ec        0x0 c:/altera/13.0sp1/nios2eds/bin/gnu/h-i686-mingw32/bin/../lib/gcc/nios2-elf/4.1.2\libgcc.a(_addsub_df.o)
 .bss           0x000974ec        0x0 c:/altera/13.0sp1/nios2eds/bin/gnu/h-i686-mingw32/bin/../lib/gcc/nios2-elf/4.1.2\libgcc.a(_mul_df.o)
 .bss           0x000974ec        0x0 c:/altera/13.0sp1/nios2eds/bin/gnu/h-i686-mingw32/bin/../lib/gcc/nios2-elf/4.1.2\libgcc.a(_div_df.o)
 .bss           0x000974ec        0x0 c:/altera/13.0sp1/nios2eds/bin/gnu/h-i686-mingw32/bin/../lib/gcc/nios2-elf/4.1.2\libgcc.a(_eq_df.o)
 .bss           0x000974ec        0x0 c:/altera/13.0sp1/nios2eds/bin/gnu/h-i686-mingw32/bin/../lib/gcc/nios2-elf/4.1.2\libgcc.a(_gt_df.o)
 .bss           0x000974ec        0x0 c:/altera/13.0sp1/nios2eds/bin/gnu/h-i686-mingw32/bin/../lib/gcc/nios2-elf/4.1.2\libgcc.a(_ge_df.o)
 .bss           0x000974ec        0x0 c:/altera/13.0sp1/nios2eds/bin/gnu/h-i686-mingw32/bin/../lib/gcc/nios2-elf/4.1.2\libgcc.a(_lt_df.o)
 .bss           0x000974ec        0x0 c:/altera/13.0sp1/nios2eds/bin/gnu/h-i686-mingw32/bin/../lib/gcc/nios2-elf/4.1.2\libgcc.a(_le_df.o)
 .bss           0x000974ec        0x0 c:/altera/13.0sp1/nios2eds/bin/gnu/h-i686-mingw32/bin/../lib/gcc/nios2-elf/4.1.2\libgcc.a(_si_to_df.o)
 .bss           0x000974ec        0x0 c:/altera/13.0sp1/nios2eds/bin/gnu/h-i686-mingw32/bin/../lib/gcc/nios2-elf/4.1.2\libgcc.a(_make_df.o)
 .bss           0x000974ec        0x0 c:/altera/13.0sp1/nios2eds/bin/gnu/h-i686-mingw32/bin/../lib/gcc/nios2-elf/4.1.2\libgcc.a(_thenan_df.o)
 .bss           0x000974ec        0x0 c:/altera/13.0sp1/nios2eds/bin/gnu/h-i686-mingw32/bin/../lib/gcc/nios2-elf/4.1.2\libgcc.a(_muldi3.o)
 .bss           0x000974ec        0x0 c:/altera/13.0sp1/nios2eds/bin/gnu/h-i686-mingw32/bin/../lib/gcc/nios2-elf/4.1.2\libgcc.a(_clzsi2.o)
 .bss           0x000974ec        0x0 c:/altera/13.0sp1/nios2eds/bin/gnu/h-i686-mingw32/bin/../lib/gcc/nios2-elf/4.1.2\libgcc.a(_unpack_sf.o)
 .bss           0x000974ec        0x0 c:/altera/13.0sp1/nios2eds/bin/gnu/h-i686-mingw32/bin/../lib/gcc/nios2-elf/4.1.2\libgcc.a(_pack_df.o)
 .bss           0x000974ec        0x0 c:/altera/13.0sp1/nios2eds/bin/gnu/h-i686-mingw32/bin/../lib/gcc/nios2-elf/4.1.2\libgcc.a(_unpack_df.o)
 .bss           0x000974ec        0x0 c:/altera/13.0sp1/nios2eds/bin/gnu/h-i686-mingw32/bin/../lib/gcc/nios2-elf/4.1.2\libgcc.a(_fpcmp_parts_df.o)
 .bss           0x000974ec        0x0 c:/altera/13.0sp1/nios2eds/bin/gnu/h-i686-mingw32/bin/../lib/gcc/nios2-elf/4.1.2\libgcc.a(_clz.o)
 .bss           0x000974ec        0x0 c:/altera/13.0sp1/nios2eds/bin/gnu/h-i686-mingw32/bin/../lib/gcc/nios2-elf/4.1.2/../../../../nios2-elf/lib\libc.a(lib_a-errno.o)
 .bss           0x000974ec        0x0 c:/altera/13.0sp1/nios2eds/bin/gnu/h-i686-mingw32/bin/../lib/gcc/nios2-elf/4.1.2/../../../../nios2-elf/lib\libc.a(lib_a-impure.o)
 .bss           0x000974ec        0x0 c:/altera/13.0sp1/nios2eds/bin/gnu/h-i686-mingw32/bin/../lib/gcc/nios2-elf/4.1.2/../../../../nios2-elf/lib\libc.a(lib_a-malloc.o)
 .bss           0x000974ec       0x28 c:/altera/13.0sp1/nios2eds/bin/gnu/h-i686-mingw32/bin/../lib/gcc/nios2-elf/4.1.2/../../../../nios2-elf/lib\libc.a(lib_a-mallocr.o)
                0x000974ec                __malloc_current_mallinfo
 .bss           0x00097514        0x0 c:/altera/13.0sp1/nios2eds/bin/gnu/h-i686-mingw32/bin/../lib/gcc/nios2-elf/4.1.2/../../../../nios2-elf/lib\libc.a(lib_a-printf.o)
 .bss           0x00097514        0x0 c:/altera/13.0sp1/nios2eds/bin/gnu/h-i686-mingw32/bin/../lib/gcc/nios2-elf/4.1.2/../../../../nios2-elf/lib\libc.a(lib_a-puts.o)
 .bss           0x00097514        0x0 c:/altera/13.0sp1/nios2eds/bin/gnu/h-i686-mingw32/bin/../lib/gcc/nios2-elf/4.1.2/../../../../nios2-elf/lib\libc.a(lib_a-sbrkr.o)
 .bss           0x00097514        0x0 c:/altera/13.0sp1/nios2eds/bin/gnu/h-i686-mingw32/bin/../lib/gcc/nios2-elf/4.1.2/../../../../nios2-elf/lib\libc.a(lib_a-snprintf.o)
 .bss           0x00097514        0x0 c:/altera/13.0sp1/nios2eds/bin/gnu/h-i686-mingw32/bin/../lib/gcc/nios2-elf/4.1.2/../../../../nios2-elf/lib\libc.a(lib_a-strlen.o)
 .bss           0x00097514        0x0 c:/altera/13.0sp1/nios2eds/bin/gnu/h-i686-mingw32/bin/../lib/gcc/nios2-elf/4.1.2/../../../../nios2-elf/lib\libc.a(lib_a-vfprintf.o)
 .bss           0x00097514        0x0 c:/altera/13.0sp1/nios2eds/bin/gnu/h-i686-mingw32/bin/../lib/gcc/nios2-elf/4.1.2/../../../../nios2-elf/lib\libc.a(lib_a-wsetup.o)
 .bss           0x00097514        0x0 c:/altera/13.0sp1/nios2eds/bin/gnu/h-i686-mingw32/bin/../lib/gcc/nios2-elf/4.1.2/../../../../nios2-elf/lib\libc.a(lib_a-dtoa.o)
 .bss           0x00097514        0x0 c:/altera/13.0sp1/nios2eds/bin/gnu/h-i686-mingw32/bin/../lib/gcc/nios2-elf/4.1.2/../../../../nios2-elf/lib\libc.a(lib_a-fflush.o)
 .bss           0x00097514        0x0 c:/altera/13.0sp1/nios2eds/bin/gnu/h-i686-mingw32/bin/../lib/gcc/nios2-elf/4.1.2/../../../../nios2-elf/lib\libc.a(lib_a-findfp.o)
 .bss           0x00097514        0x0 c:/altera/13.0sp1/nios2eds/bin/gnu/h-i686-mingw32/bin/../lib/gcc/nios2-elf/4.1.2/../../../../nios2-elf/lib\libc.a(lib_a-freer.o)
 .bss           0x00097514        0x0 c:/altera/13.0sp1/nios2eds/bin/gnu/h-i686-mingw32/bin/../lib/gcc/nios2-elf/4.1.2/../../../../nios2-elf/lib\libc.a(lib_a-fvwrite.o)
 .bss           0x00097514        0x0 c:/altera/13.0sp1/nios2eds/bin/gnu/h-i686-mingw32/bin/../lib/gcc/nios2-elf/4.1.2/../../../../nios2-elf/lib\libc.a(lib_a-fwalk.o)
 .bss           0x00097514        0x0 c:/altera/13.0sp1/nios2eds/bin/gnu/h-i686-mingw32/bin/../lib/gcc/nios2-elf/4.1.2/../../../../nios2-elf/lib\libc.a(lib_a-int_errno.o)
 .bss           0x00097514        0x0 c:/altera/13.0sp1/nios2eds/bin/gnu/h-i686-mingw32/bin/../lib/gcc/nios2-elf/4.1.2/../../../../nios2-elf/lib\libc.a(lib_a-locale.o)
 .bss           0x00097514        0x0 c:/altera/13.0sp1/nios2eds/bin/gnu/h-i686-mingw32/bin/../lib/gcc/nios2-elf/4.1.2/../../../../nios2-elf/lib\libc.a(lib_a-makebuf.o)
 .bss           0x00097514        0x0 c:/altera/13.0sp1/nios2eds/bin/gnu/h-i686-mingw32/bin/../lib/gcc/nios2-elf/4.1.2/../../../../nios2-elf/lib\libc.a(lib_a-memchr.o)
 .bss           0x00097514        0x0 c:/altera/13.0sp1/nios2eds/bin/gnu/h-i686-mingw32/bin/../lib/gcc/nios2-elf/4.1.2/../../../../nios2-elf/lib\libc.a(lib_a-memcpy.o)
 .bss           0x00097514        0x0 c:/altera/13.0sp1/nios2eds/bin/gnu/h-i686-mingw32/bin/../lib/gcc/nios2-elf/4.1.2/../../../../nios2-elf/lib\libc.a(lib_a-memmove.o)
 .bss           0x00097514        0x0 c:/altera/13.0sp1/nios2eds/bin/gnu/h-i686-mingw32/bin/../lib/gcc/nios2-elf/4.1.2/../../../../nios2-elf/lib\libc.a(lib_a-memset.o)
 .bss           0x00097514        0x0 c:/altera/13.0sp1/nios2eds/bin/gnu/h-i686-mingw32/bin/../lib/gcc/nios2-elf/4.1.2/../../../../nios2-elf/lib\libc.a(lib_a-mprec.o)
 .bss           0x00097514        0x0 c:/altera/13.0sp1/nios2eds/bin/gnu/h-i686-mingw32/bin/../lib/gcc/nios2-elf/4.1.2/../../../../nios2-elf/lib\libc.a(lib_a-reallocr.o)
 .bss           0x00097514        0x0 c:/altera/13.0sp1/nios2eds/bin/gnu/h-i686-mingw32/bin/../lib/gcc/nios2-elf/4.1.2/../../../../nios2-elf/lib\libc.a(lib_a-s_isinfd.o)
 .bss           0x00097514        0x0 c:/altera/13.0sp1/nios2eds/bin/gnu/h-i686-mingw32/bin/../lib/gcc/nios2-elf/4.1.2/../../../../nios2-elf/lib\libc.a(lib_a-stdio.o)
 .bss           0x00097514        0x0 c:/altera/13.0sp1/nios2eds/bin/gnu/h-i686-mingw32/bin/../lib/gcc/nios2-elf/4.1.2/../../../../nios2-elf/lib\libc.a(lib_a-strcmp.o)
 .bss           0x00097514        0x0 c:/altera/13.0sp1/nios2eds/bin/gnu/h-i686-mingw32/bin/../lib/gcc/nios2-elf/4.1.2/../../../../nios2-elf/lib\libc.a(lib_a-writer.o)
 .bss           0x00097514        0x0 c:/altera/13.0sp1/nios2eds/bin/gnu/h-i686-mingw32/bin/../lib/gcc/nios2-elf/4.1.2/../../../../nios2-elf/lib\libc.a(lib_a-callocr.o)
 .bss           0x00097514        0x0 c:/altera/13.0sp1/nios2eds/bin/gnu/h-i686-mingw32/bin/../lib/gcc/nios2-elf/4.1.2/../../../../nios2-elf/lib\libc.a(lib_a-closer.o)
 .bss           0x00097514        0x0 c:/altera/13.0sp1/nios2eds/bin/gnu/h-i686-mingw32/bin/../lib/gcc/nios2-elf/4.1.2/../../../../nios2-elf/lib\libc.a(lib_a-fclose.o)
 .bss           0x00097514        0x0 c:/altera/13.0sp1/nios2eds/bin/gnu/h-i686-mingw32/bin/../lib/gcc/nios2-elf/4.1.2/../../../../nios2-elf/lib\libc.a(lib_a-fstatr.o)
 .bss           0x00097514        0x0 c:/altera/13.0sp1/nios2eds/bin/gnu/h-i686-mingw32/bin/../lib/gcc/nios2-elf/4.1.2/../../../../nios2-elf/lib\libc.a(lib_a-isattyr.o)
 .bss           0x00097514        0x0 c:/altera/13.0sp1/nios2eds/bin/gnu/h-i686-mingw32/bin/../lib/gcc/nios2-elf/4.1.2/../../../../nios2-elf/lib\libc.a(lib_a-lseekr.o)
 .bss           0x00097514        0x0 c:/altera/13.0sp1/nios2eds/bin/gnu/h-i686-mingw32/bin/../lib/gcc/nios2-elf/4.1.2/../../../../nios2-elf/lib\libc.a(lib_a-readr.o)
 .bss           0x00097514        0x0 c:/altera/13.0sp1/nios2eds/bin/gnu/h-i686-mingw32/bin/../lib/gcc/nios2-elf/4.1.2\libgcc.a(_udivdi3.o)
 .bss           0x00097514        0x0 c:/altera/13.0sp1/nios2eds/bin/gnu/h-i686-mingw32/bin/../lib/gcc/nios2-elf/4.1.2\libgcc.a(_umoddi3.o)
 .bss           0x00097514        0x0 c:/altera/13.0sp1/nios2eds/bin/gnu/h-i686-mingw32/bin/../lib/gcc/nios2-elf/4.1.2\libgcc.a(_ne_df.o)
 .bss           0x00097514        0x0 c:/altera/13.0sp1/nios2eds/bin/gnu/h-i686-mingw32/bin/../lib/gcc/nios2-elf/4.1.2\libgcc.a(_df_to_si.o)
 .bss           0x00097514        0x0 c:/altera/13.0sp1/nios2eds/bin/gnu/h-i686-mingw32/bin/../lib/gcc/nios2-elf/4.1.2\libgcc.a(_usi_to_df.o)
 .bss           0x00097514        0x0 c:/altera/13.0sp1/nios2eds/bin/gnu/h-i686-mingw32/bin/../lib/gcc/nios2-elf/4.1.2\libgcc.a(lib2-divmod.o)
 .bss           0x00097514        0x0 BSP/\libhal_bsp.a(alt_close.o)
 .bss           0x00097514        0x0 BSP/\libhal_bsp.a(alt_dcache_flush.o)
 .bss           0x00097514        0x0 BSP/\libhal_bsp.a(alt_dev.o)
 .bss           0x00097514        0x0 BSP/\libhal_bsp.a(alt_errno.o)
 .bss           0x00097514        0x0 BSP/\libhal_bsp.a(alt_fstat.o)
 .bss           0x00097514        0x0 BSP/\libhal_bsp.a(alt_irq_register.o)
 .bss           0x00097514        0x0 BSP/\libhal_bsp.a(alt_irq_vars.o)
 .bss           0x00097514        0x0 BSP/\libhal_bsp.a(alt_isatty.o)
 .bss           0x00097514        0x0 BSP/\libhal_bsp.a(alt_load.o)
 .bss           0x00097514        0x0 BSP/\libhal_bsp.a(alt_lseek.o)
 .bss           0x00097514        0x0 BSP/\libhal_bsp.a(alt_main.o)
 .bss           0x00097514        0x0 BSP/\libhal_bsp.a(alt_malloc_lock.o)
 .bss           0x00097514        0x0 BSP/\libhal_bsp.a(alt_read.o)
 .bss           0x00097514        0x0 BSP/\libhal_bsp.a(alt_release_fd.o)
 .bss           0x00097514        0x0 BSP/\libhal_bsp.a(alt_sbrk.o)
 .bss           0x00097514        0x0 BSP/\libhal_bsp.a(alt_write.o)
 .bss           0x00097514        0x0 BSP/\libhal_bsp.a(alt_sys_init.o)
 .bss           0x00097514        0x0 BSP/\libhal_bsp.a(altera_avalon_jtag_uart_fd.o)
 .bss           0x00097514        0x0 BSP/\libhal_bsp.a(altera_avalon_jtag_uart_init.o)
 .bss           0x00097514        0x0 BSP/\libhal_bsp.a(altera_avalon_jtag_uart_ioctl.o)
 .bss           0x00097514        0x0 BSP/\libhal_bsp.a(altera_avalon_jtag_uart_read.o)
 .bss           0x00097514        0x0 BSP/\libhal_bsp.a(altera_avalon_jtag_uart_write.o)
 .bss           0x00097514        0x0 BSP/\libhal_bsp.a(altera_avalon_sgdma.o)
 .bss           0x00097514        0x0 BSP/\libhal_bsp.a(altera_avalon_timer_sc.o)
 .bss           0x00097514        0x0 BSP/\libhal_bsp.a(altera_up_avalon_character_lcd.o)
 .bss           0x00097514        0x0 BSP/\libhal_bsp.a(altera_up_avalon_irda.o)
 .bss           0x00097514        0x0 BSP/\libhal_bsp.a(altera_up_avalon_ps2.o)
 .bss           0x00097514        0x0 BSP/\libhal_bsp.a(altera_up_avalon_rs232.o)
 .bss           0x00097514        0x0 BSP/\libhal_bsp.a(altera_up_avalon_video_character_buffer_with_dma.o)
 .bss           0x00097514        0x0 BSP/\libhal_bsp.a(alt_alarm_start.o)
 .bss           0x00097514        0x0 BSP/\libhal_bsp.a(alt_dcache_flush_all.o)
 .bss           0x00097514        0x0 BSP/\libhal_bsp.a(alt_dev_llist_insert.o)
 .bss           0x00097514        0x0 BSP/\libhal_bsp.a(alt_find_dev.o)
 .bss           0x00097514        0x0 BSP/\libhal_bsp.a(alt_icache_flush_all.o)
 .bss           0x00097514        0x0 BSP/\libhal_bsp.a(alt_io_redirect.o)
 .bss           0x00097514        0x0 BSP/\libhal_bsp.a(alt_irq_entry.o)
 .bss           0x00097514        0x0 BSP/\libhal_bsp.a(alt_irq_handler.o)
 .bss           0x00097514        0x0 BSP/\libhal_bsp.a(alt_open.o)
 .bss           0x00097514        0x0 BSP/\libhal_bsp.a(alt_remap_uncached.o)
 .bss           0x00097514        0x0 BSP/\libhal_bsp.a(alt_tick.o)
 .bss           0x00097514        0x0 BSP/\libhal_bsp.a(altera_nios2_qsys_irq.o)
 .bss           0x00097514        0x0 BSP/\libhal_bsp.a(alt_exception_entry.o)
 .bss           0x00097514        0x0 BSP/\libhal_bsp.a(alt_find_file.o)
 .bss           0x00097514        0x0 BSP/\libhal_bsp.a(alt_get_fd.o)
 .bss           0x00097514        0x0 BSP/\libhal_bsp.a(alt_icache_flush.o)
 .bss           0x00097514        0x0 c:/altera/13.0sp1/nios2eds/bin/gnu/h-i686-mingw32/bin/../lib/gcc/nios2-elf/4.1.2/../../../../nios2-elf/lib\libc.a(lib_a-exit.o)
 .bss           0x00097514        0x0 c:/altera/13.0sp1/nios2eds/bin/gnu/h-i686-mingw32/bin/../lib/gcc/nios2-elf/4.1.2/../../../../nios2-elf/lib\libc.a(lib_a-memcmp.o)
 .bss           0x00097514        0x0 c:/altera/13.0sp1/nios2eds/bin/gnu/h-i686-mingw32/bin/../lib/gcc/nios2-elf/4.1.2/../../../../nios2-elf/lib\libc.a(lib_a-__call_atexit.o)
 .bss           0x00097514        0x0 BSP/\libhal_bsp.a(alt_exit.o)
 *(COMMON)
 COMMON         0x00097514    0x10000 obj/default//C/Users/pavmeh/Desktop/fpga-speech-recognition/software/src/system_globals.o
                0x00097514                samples_for_fft
 COMMON         0x000a7514      0x100 BSP/\libhal_bsp.a(alt_irq_handler.o)
                0x000a7514                alt_irq
                0x000a7614                . = ALIGN (0x4)
                0x000a7614                __bss_end = ABSOLUTE (.)

.SDRAM          0x000a7614        0x0
                0x000a7614                PROVIDE (_alt_partition_SDRAM_start, ABSOLUTE (.))
 *(.SDRAM. SDRAM.*)
                0x000a7614                . = ALIGN (0x4)
                0x000a7614                PROVIDE (_alt_partition_SDRAM_end, ABSOLUTE (.))
                0x000a7614                _end = ABSOLUTE (.)
                0x000a7614                end = ABSOLUTE (.)
                0x000a7614                __alt_stack_base = ABSOLUTE (.)
                0x000a7614                PROVIDE (_alt_partition_SDRAM_load_addr, LOADADDR (.SDRAM))

.descriptor_memory
                0x08200000        0x0 load address 0x000a7614
                0x08200000                PROVIDE (_alt_partition_descriptor_memory_start, ABSOLUTE (.))
 *(.descriptor_memory. descriptor_memory.*)
                0x08200000                . = ALIGN (0x4)
                0x08200000                PROVIDE (_alt_partition_descriptor_memory_end, ABSOLUTE (.))
                0x000a7614                PROVIDE (_alt_partition_descriptor_memory_load_addr, LOADADDR (.descriptor_memory))

.packet_memory  0x08201000        0x0 load address 0x000a7614
                0x08201000                PROVIDE (_alt_partition_packet_memory_start, ABSOLUTE (.))
 *(.packet_memory. packet_memory.*)
                0x08201000                . = ALIGN (0x4)
                0x08201000                PROVIDE (_alt_partition_packet_memory_end, ABSOLUTE (.))
                0x000a7614                PROVIDE (_alt_partition_packet_memory_load_addr, LOADADDR (.packet_memory))

.Flash_flash_data
                0x0c000000        0x0 load address 0x000a7614
                0x0c000000                PROVIDE (_alt_partition_Flash_flash_data_start, ABSOLUTE (.))
 *(.Flash_flash_data. Flash_flash_data.*)
                0x0c000000                . = ALIGN (0x4)
                0x0c000000                PROVIDE (_alt_partition_Flash_flash_data_end, ABSOLUTE (.))
                0x000a7614                PROVIDE (_alt_partition_Flash_flash_data_load_addr, LOADADDR (.Flash_flash_data))

.stab
 *(.stab)

.stabstr
 *(.stabstr)

.stab.excl
 *(.stab.excl)

.stab.exclstr
 *(.stab.exclstr)

.stab.index
 *(.stab.index)

.stab.indexstr
 *(.stab.indexstr)

.comment        0x00000000       0x26
 *(.comment)
 .comment       0x00000000       0x26 obj/default//C/Users/pavmeh/Desktop/fpga-speech-recognition/software/src/audio_isr.o
                                 0x27 (size before relaxing)
 .comment       0x00000000       0x27 obj/default//C/Users/pavmeh/Desktop/fpga-speech-recognition/software/src/belfft/kiss_fft.o
 .comment       0x00000000       0x27 obj/default//C/Users/pavmeh/Desktop/fpga-speech-recognition/software/src/ee109-lib/audio.o
 .comment       0x00000000       0x27 obj/default//C/Users/pavmeh/Desktop/fpga-speech-recognition/software/src/ee109-lib/char_lcd.o
 .comment       0x00000000       0x27 obj/default//C/Users/pavmeh/Desktop/fpga-speech-recognition/software/src/ee109-lib/green_leds.o
 .comment       0x00000000       0x27 obj/default//C/Users/pavmeh/Desktop/fpga-speech-recognition/software/src/ee109-lib/hex.o
 .comment       0x00000000       0x27 obj/default//C/Users/pavmeh/Desktop/fpga-speech-recognition/software/src/ee109-lib/lcd.o
 .comment       0x00000000       0x27 obj/default//C/Users/pavmeh/Desktop/fpga-speech-recognition/software/src/ee109-lib/pushbuttons.o
 .comment       0x00000000       0x27 obj/default//C/Users/pavmeh/Desktop/fpga-speech-recognition/software/src/ee109-lib/red_leds.o
 .comment       0x00000000       0x27 obj/default//C/Users/pavmeh/Desktop/fpga-speech-recognition/software/src/ee109-lib/rs232.o
 .comment       0x00000000       0x27 obj/default//C/Users/pavmeh/Desktop/fpga-speech-recognition/software/src/ee109-lib/switches.o